******************************************************************************
             TMS320C2000 Linker PC v22.6.1                     
******************************************************************************
>> Linked Thu May 22 14:24:55 2025

OUTPUT FILE NAME:   <F280013x_Demo04_Usart.out>
ENTRY POINT SYMBOL: "_c_int00"  address: 0008425b


MEMORY CONFIGURATION

         name            origin    length      used     unused   attr    fill
----------------------  --------  ---------  --------  --------  ----  --------
PAGE 0:
  BOOT_RSVD             00000002   00000126  00000000  00000126  RWIX
  RAMM0                 00000128   000002d8  00000000  000002d8  RWIX
  RAMM1                 00000400   000003f8  00000200  000001f8  RWIX
  RAMLS0                00008000   00002000  00000713  000018ed  RWIX
  RAMLS1                0000a000   00001ff8  00000000  00001ff8  RWIX
  BEGIN                 00080000   00000002  00000002  00000000  RWIX
  FLASH_BANK0_SEC_0_7   00080002   00001ffe  000000bb  00001f43  RWIX
  FLASH_BANK0_SEC_8_15  00082000   00002000  00002000  00000000  RWIX
  FLASH_BANK0_SEC_16_23 00084000   00002000  000008bf  00001741  RWIX
  FLASH_BANK0_SEC_24_31 00086000   00002000  00000000  00002000  RWIX
  FLASH_BANK0_SEC_32_39 00088000   00002000  00000302  00001cfe  RWIX
  FLASH_BANK0_SEC_40_47 0008a000   00002000  00000000  00002000  RWIX
  FLASH_BANK0_SEC_48_55 0008c000   00002000  00000000  00002000  RWIX
  FLASH_BANK0_SEC_56_63 0008e000   00002000  00000000  00002000  RWIX
  FLASH_BANK0_SEC_64_71 00090000   00002000  00000000  00002000  RWIX
  FLASH_BANK0_SEC_72_79 00092000   00002000  00000000  00002000  RWIX
  FLASH_BANK0_SEC_80_87 00094000   00002000  00000000  00002000  RWIX
  FLASH_BANK0_SEC_88_95 00096000   00002000  00000000  00002000  RWIX
  FLASH_BANK0_SEC_96_10 00098000   00002000  00000000  00002000  RWIX
  FLASH_BANK0_SEC_104_1 0009a000   00002000  00000000  00002000  RWIX
  FLASH_BANK0_SEC_112_1 0009c000   00002000  00000000  00002000  RWIX
  FLASH_BANK0_SEC_120_1 0009e000   00001ff0  00000000  00001ff0  RWIX
  RESET                 003fffc0   00000002  00000000  00000002  RWIX

PAGE 1:
  ADCARESULT            00000b00   00000018  00000018  00000000  RWIX
  ADCCRESULT            00000b40   00000018  00000018  00000000  RWIX
  CPUTIMER0             00000c00   00000008  00000008  00000000  RWIX
  CPUTIMER1             00000c08   00000008  00000008  00000000  RWIX
  CPUTIMER2             00000c10   00000008  00000008  00000000  RWIX
  PIECTRL               00000ce0   0000001a  0000001a  00000000  RWIX
  PIEVECTTABLE          00000d00   00000200  00000100  00000100  RWIX
  EPWM1                 00004000   00000100  00000100  00000000  RWIX
  EPWM2                 00004100   00000100  00000100  00000000  RWIX
  EPWM3                 00004200   00000100  00000100  00000000  RWIX
  EPWM4                 00004300   00000100  00000100  00000000  RWIX
  EPWM5                 00004400   00000100  00000100  00000000  RWIX
  EPWM6                 00004500   00000100  00000100  00000000  RWIX
  EPWM7                 00004600   00000100  00000100  00000000  RWIX
  EQEP1                 00005100   00000040  00000038  00000008  RWIX
  ECAP1                 00005200   00000020  00000020  00000000  RWIX
  ECAP2                 00005240   00000020  00000020  00000000  RWIX
  CMPSS1                00005500   00000040  0000001b  00000025  RWIX
  CMPSSLITE2            00005540   00000040  0000001b  00000025  RWIX
  CMPSSLITE3            00005580   00000040  0000001b  00000025  RWIX
  CMPSSLITE4            000055c0   00000040  0000001b  00000025  RWIX
  SPIA                  00006100   00000010  00000010  00000000  RWIX
  WD                    00007000   0000002c  0000002b  00000001  RWIX
  NMIINTRUPT            00007060   00000010  0000000c  00000004  RWIX
  XINT                  00007070   0000000c  0000000b  00000001  RWIX
  SCIA                  00007200   00000010  00000010  00000000  RWIX
  SCIB                  00007210   00000010  00000010  00000000  RWIX
  SCIC                  00007220   00000010  00000010  00000000  RWIX
  I2CA                  00007300   00000022  00000022  00000000  RWIX
  I2CB                  00007340   00000022  00000022  00000000  RWIX
  ADCA                  00007400   00000080  00000076  0000000a  RWIX
  ADCC                  00007500   00000080  00000076  0000000a  RWIX
  INPUTXBAR             00007900   00000020  00000020  00000000  RWIX
  XBAR                  00007920   00000020  00000010  00000010  RWIX
  SYNCSOC               00007940   00000006  00000006  00000000  RWIX
  EPWMXBAR              00007a00   00000040  00000040  00000000  RWIX
  OUTPUTXBAR            00007a80   00000040  00000040  00000000  RWIX
  GPIOCTRL              00007c00   00000200  00000200  00000000  RWIX
  GPIODATA              00007f00   00000040  00000040  00000000  RWIX
  GPIODATAREAD          00007f80   00000010  00000010  00000000  RWIX
  CANA                  00048000   00000200  00000164  0000009c  RWIX
  DEVCFG                0005d000   000001ac  0000019c  00000010  RWIX
  CLKCFG                0005d200   00000100  0000003e  000000c2  RWIX
  CPUSYS                0005d300   00000100  000000b0  00000050  RWIX
  SYSSTATUS             0005d400   00000040  00000018  00000028  RWIX
  ANALOGSUBSYS          0005d700   0000012a  0000011a  00000010  RWIX
  DCC0                  0005e700   00000038  0000002c  0000000c  RWIX
  EPG1                  0005ec00   00000050  00000040  00000010  RWIX
  EPG1MUX               0005ecd0   00000010  00000010  00000000  RWIX
  DCSMZ1                0005f000   0000003e  0000003e  00000000  RWIX
  DCSMZ2                0005f080   0000003e  0000002c  00000012  RWIX
  DCSMCOMMON            0005f0c0   00000040  00000028  00000018  RWIX
  MEMCFG                0005f400   000000c0  000000a6  0000001a  RWIX
  ACCESSPROTECTION      0005f500   0000003e  0000002c  00000012  RWIX
  MEMORYERROR           0005f540   00000040  0000003a  00000006  RWIX
  TESTERROR             0005f590   00000010  00000006  0000000a  RWIX
  FLASH0CTRL            0005f800   00000182  00000182  00000000  RWIX
  FLASH0ECC             0005fb00   00000028  00000022  00000006  RWIX
  UID                   00071140   00000010  00000010  00000000  RWIX
  DCSMZ1OTP             00078000   00000020  00000020  00000000  RWIX
  DCSMZ2OTP             00078200   00000020  00000012  0000000e  RWIX


SECTION ALLOCATION MAP

 output                                  attributes/
section   page    origin      length       input sections
--------  ----  ----------  ----------   ----------------
codestart 
*          0    00080000    00000002     
                  00080000    00000002     f280013x_codestartbranch.obj (codestart)

.cinit     0    00080008    00000098     
                  00080008    00000026     rts2800_fpu32.lib : defs.c.obj (.cinit:__ftable)
                  0008002e    0000001b                       : host_device.c.obj (.cinit:__device)
                  00080049    00000017     main.obj (.cinit)
                  00080060    0000000e     rts2800_fpu32.lib : host_device.c.obj (.cinit:__stream)
                  0008006e    0000000e                       : exit.c.obj (.cinit)
                  0008007c    00000005                       : _lock.c.obj (.cinit:__lock)
                  00080081    00000005                       : _lock.c.obj (.cinit:__unlock)
                  00080086    00000004                       : add_device.c.obj (.cinit)
                  0008008a    00000004                       : defs.c.obj (.cinit)
                  0008008e    00000004                       : errno.c.obj (.cinit)
                  00080092    00000004                       : fopen.c.obj (.cinit)
                  00080096    00000004                       : memory.c.obj (.cinit)
                  0008009a    00000004                       : open.c.obj (.cinit)
                  0008009e    00000002     --HOLE-- [fill = 0]

.reset     0    003fffc0    00000002     DSECT
                  003fffc0    00000002     rts2800_fpu32.lib : boot28.asm.obj (.reset)

.stack     0    00000400    00000200     UNINITIALIZED
                  00000400    00000200     --HOLE--

.pinit     0    00080008    00000000     UNINITIALIZED

.cio       0    00008000    00000120     UNINITIALIZED
                  00008000    00000120     rts2800_fpu32.lib : trgmsg.c.obj (.cio)

.ebss      0    00008120    000001d0     UNINITIALIZED
                  00008120    00000018     f280013x_cputimers.obj (.ebss)
                  00008138    00000008     rts2800_fpu32.lib : hostopen.c.obj (.ebss:_parmbuf)
                  00008140    000000a0                       : defs.c.obj (.ebss:___TI_tmpnams)
                  000081e0    00000008     main.obj (.ebss)
                  000081e8    00000006     rts2800_fpu32.lib : exit.c.obj (.ebss)
                  000081ee    00000004     f280013x_tempsensorconv.obj (.ebss)
                  000081f2    00000004     rts2800_fpu32.lib : memory.c.obj (.ebss)
                  000081f6    00000002                       : _lock.c.obj (.ebss:__lock)
                  000081f8    00000002                       : _lock.c.obj (.ebss:__unlock)
                  000081fa    00000001                       : add_device.c.obj (.ebss)
                  000081fb    00000001                       : defs.c.obj (.ebss)
                  000081fc    00000001                       : errno.c.obj (.ebss)
                  000081fd    00000001                       : fopen.c.obj (.ebss)
                  000081fe    00000001                       : open.c.obj (.ebss)
                  000081ff    00000001     --HOLE--
                  00008200    00000078                       : defs.c.obj (.ebss:__ftable)
                  00008278    00000008     --HOLE--
                  00008280    00000048                       : host_device.c.obj (.ebss:__device)
                  000082c8    00000028                       : host_device.c.obj (.ebss:__stream)

.esysmem   0    000082f0    00000400     UNINITIALIZED
                  000082f0    00000004     rts2800_fpu32.lib : memory.c.obj (.esysmem)
                  000082f4    000003fc     --HOLE--

.TI.ramfunc 
*          0    000800a0    00000023     RUN ADDR = 000086f0
                  000800a0    0000001f     f280013x_sysctrl.obj (.TI.ramfunc)
                  000800bf    00000004     f280013x_usdelay.obj (.TI.ramfunc)

AdcaResultRegsFile 
*          1    00000b00    00000018     UNINITIALIZED
                  00000b00    00000018     f280013x_globalvariabledefs.obj (AdcaResultRegsFile)

AdccResultRegsFile 
*          1    00000b40    00000018     UNINITIALIZED
                  00000b40    00000018     f280013x_globalvariabledefs.obj (AdccResultRegsFile)

CpuTimer0RegsFile 
*          1    00000c00    00000008     UNINITIALIZED
                  00000c00    00000008     f280013x_globalvariabledefs.obj (CpuTimer0RegsFile)

CpuTimer1RegsFile 
*          1    00000c08    00000008     UNINITIALIZED
                  00000c08    00000008     f280013x_globalvariabledefs.obj (CpuTimer1RegsFile)

CpuTimer2RegsFile 
*          1    00000c10    00000008     UNINITIALIZED
                  00000c10    00000008     f280013x_globalvariabledefs.obj (CpuTimer2RegsFile)

PieCtrlRegsFile 
*          1    00000ce0    0000001a     UNINITIALIZED
                  00000ce0    0000001a     f280013x_globalvariabledefs.obj (PieCtrlRegsFile)

PieVectTableFile 
*          1    00000d00    00000100     UNINITIALIZED
                  00000d00    00000100     f280013x_globalvariabledefs.obj (PieVectTableFile)

EmuKeyVar 
*          1    00000d00    00000000     UNINITIALIZED

EmuBModeVar 
*          1    00000d00    00000000     UNINITIALIZED

EmuBootPinsVar 
*          1    00000d00    00000000     UNINITIALIZED

FlashCallbackVar 
*          1    00000d00    00000000     UNINITIALIZED

FlashScalingVar 
*          1    00000d00    00000000     UNINITIALIZED

EPwm1RegsFile 
*          1    00004000    00000100     UNINITIALIZED
                  00004000    00000100     f280013x_globalvariabledefs.obj (EPwm1RegsFile)

EPwm2RegsFile 
*          1    00004100    00000100     UNINITIALIZED
                  00004100    00000100     f280013x_globalvariabledefs.obj (EPwm2RegsFile)

EPwm3RegsFile 
*          1    00004200    00000100     UNINITIALIZED
                  00004200    00000100     f280013x_globalvariabledefs.obj (EPwm3RegsFile)

EPwm4RegsFile 
*          1    00004300    00000100     UNINITIALIZED
                  00004300    00000100     f280013x_globalvariabledefs.obj (EPwm4RegsFile)

EPwm5RegsFile 
*          1    00004400    00000100     UNINITIALIZED
                  00004400    00000100     f280013x_globalvariabledefs.obj (EPwm5RegsFile)

EPwm6RegsFile 
*          1    00004500    00000100     UNINITIALIZED
                  00004500    00000100     f280013x_globalvariabledefs.obj (EPwm6RegsFile)

EPwm7RegsFile 
*          1    00004600    00000100     UNINITIALIZED
                  00004600    00000100     f280013x_globalvariabledefs.obj (EPwm7RegsFile)

EQep1RegsFile 
*          1    00005100    00000038     UNINITIALIZED
                  00005100    00000038     f280013x_globalvariabledefs.obj (EQep1RegsFile)

ECap1RegsFile 
*          1    00005200    00000020     UNINITIALIZED
                  00005200    00000020     f280013x_globalvariabledefs.obj (ECap1RegsFile)

ECap2RegsFile 
*          1    00005240    00000020     UNINITIALIZED
                  00005240    00000020     f280013x_globalvariabledefs.obj (ECap2RegsFile)

Cmpss1RegsFile 
*          1    00005500    0000001b     UNINITIALIZED
                  00005500    0000001b     f280013x_globalvariabledefs.obj (Cmpss1RegsFile)

CmpssLite2RegsFile 
*          1    00005540    0000001b     UNINITIALIZED
                  00005540    0000001b     f280013x_globalvariabledefs.obj (CmpssLite2RegsFile)

CmpssLite3RegsFile 
*          1    00005580    0000001b     UNINITIALIZED
                  00005580    0000001b     f280013x_globalvariabledefs.obj (CmpssLite3RegsFile)

CmpssLite4RegsFile 
*          1    000055c0    0000001b     UNINITIALIZED
                  000055c0    0000001b     f280013x_globalvariabledefs.obj (CmpssLite4RegsFile)

SpiaRegsFile 
*          1    00006100    00000010     UNINITIALIZED
                  00006100    00000010     f280013x_globalvariabledefs.obj (SpiaRegsFile)

WdRegsFile 
*          1    00007000    0000002b     UNINITIALIZED
                  00007000    0000002b     f280013x_globalvariabledefs.obj (WdRegsFile)

NmiIntruptRegsFile 
*          1    00007060    0000000c     UNINITIALIZED
                  00007060    0000000c     f280013x_globalvariabledefs.obj (NmiIntruptRegsFile)

XintRegsFile 
*          1    00007070    0000000b     UNINITIALIZED
                  00007070    0000000b     f280013x_globalvariabledefs.obj (XintRegsFile)

SciaRegsFile 
*          1    00007200    00000010     UNINITIALIZED
                  00007200    00000010     f280013x_globalvariabledefs.obj (SciaRegsFile)

ScibRegsFile 
*          1    00007210    00000010     UNINITIALIZED
                  00007210    00000010     f280013x_globalvariabledefs.obj (ScibRegsFile)

ScicRegsFile 
*          1    00007220    00000010     UNINITIALIZED
                  00007220    00000010     f280013x_globalvariabledefs.obj (ScicRegsFile)

I2caRegsFile 
*          1    00007300    00000022     UNINITIALIZED
                  00007300    00000022     f280013x_globalvariabledefs.obj (I2caRegsFile)

I2cbRegsFile 
*          1    00007340    00000022     UNINITIALIZED
                  00007340    00000022     f280013x_globalvariabledefs.obj (I2cbRegsFile)

AdcaRegsFile 
*          1    00007400    00000076     UNINITIALIZED
                  00007400    00000076     f280013x_globalvariabledefs.obj (AdcaRegsFile)

AdccRegsFile 
*          1    00007500    00000076     UNINITIALIZED
                  00007500    00000076     f280013x_globalvariabledefs.obj (AdccRegsFile)

InputXbarRegsFile 
*          1    00007900    00000020     UNINITIALIZED
                  00007900    00000020     f280013x_globalvariabledefs.obj (InputXbarRegsFile)

XbarRegsFile 
*          1    00007920    00000010     UNINITIALIZED
                  00007920    00000010     f280013x_globalvariabledefs.obj (XbarRegsFile)

SyncSocRegsFile 
*          1    00007940    00000006     UNINITIALIZED
                  00007940    00000006     f280013x_globalvariabledefs.obj (SyncSocRegsFile)

EPwmXbarRegsFile 
*          1    00007a00    00000040     UNINITIALIZED
                  00007a00    00000040     f280013x_globalvariabledefs.obj (EPwmXbarRegsFile)

OutputXbarRegsFile 
*          1    00007a80    00000040     UNINITIALIZED
                  00007a80    00000040     f280013x_globalvariabledefs.obj (OutputXbarRegsFile)

GpioCtrlRegsFile 
*          1    00007c00    00000200     UNINITIALIZED
                  00007c00    00000200     f280013x_globalvariabledefs.obj (GpioCtrlRegsFile)

GpioDataRegsFile 
*          1    00007f00    00000040     UNINITIALIZED
                  00007f00    00000040     f280013x_globalvariabledefs.obj (GpioDataRegsFile)

GpioDataReadRegsFile 
*          1    00007f80    00000010     UNINITIALIZED
                  00007f80    00000010     f280013x_globalvariabledefs.obj (GpioDataReadRegsFile)

CanaRegsFile 
*          1    00048000    00000164     UNINITIALIZED
                  00048000    00000164     f280013x_globalvariabledefs.obj (CanaRegsFile)

DevCfgRegsFile 
*          1    0005d000    0000019c     UNINITIALIZED
                  0005d000    0000019c     f280013x_globalvariabledefs.obj (DevCfgRegsFile)

ClkCfgRegsFile 
*          1    0005d200    0000003e     UNINITIALIZED
                  0005d200    0000003e     f280013x_globalvariabledefs.obj (ClkCfgRegsFile)

CpuSysRegsFile 
*          1    0005d300    000000b0     UNINITIALIZED
                  0005d300    000000b0     f280013x_globalvariabledefs.obj (CpuSysRegsFile)

SysStatusRegsFile 
*          1    0005d400    00000018     UNINITIALIZED
                  0005d400    00000018     f280013x_globalvariabledefs.obj (SysStatusRegsFile)

AnalogSubsysRegsFile 
*          1    0005d700    0000011a     UNINITIALIZED
                  0005d700    0000011a     f280013x_globalvariabledefs.obj (AnalogSubsysRegsFile)

Dcc0RegsFile 
*          1    0005e700    0000002c     UNINITIALIZED
                  0005e700    0000002c     f280013x_globalvariabledefs.obj (Dcc0RegsFile)

Epg1RegsFile 
*          1    0005ec00    00000040     UNINITIALIZED
                  0005ec00    00000040     f280013x_globalvariabledefs.obj (Epg1RegsFile)

Epg1MuxRegsFile 
*          1    0005ecd0    00000010     UNINITIALIZED
                  0005ecd0    00000010     f280013x_globalvariabledefs.obj (Epg1MuxRegsFile)

DcsmZ1RegsFile 
*          1    0005f000    0000003e     UNINITIALIZED
                  0005f000    0000003e     f280013x_globalvariabledefs.obj (DcsmZ1RegsFile)

DcsmZ2RegsFile 
*          1    0005f080    0000002c     UNINITIALIZED
                  0005f080    0000002c     f280013x_globalvariabledefs.obj (DcsmZ2RegsFile)

DcsmCommonRegsFile 
*          1    0005f0c0    00000028     UNINITIALIZED
                  0005f0c0    00000028     f280013x_globalvariabledefs.obj (DcsmCommonRegsFile)

MemCfgRegsFile 
*          1    0005f400    000000a6     UNINITIALIZED
                  0005f400    000000a6     f280013x_globalvariabledefs.obj (MemCfgRegsFile)

AccessProtectionRegsFile 
*          1    0005f500    0000002c     UNINITIALIZED
                  0005f500    0000002c     f280013x_globalvariabledefs.obj (AccessProtectionRegsFile)

MemoryErrorRegsFile 
*          1    0005f540    0000003a     UNINITIALIZED
                  0005f540    0000003a     f280013x_globalvariabledefs.obj (MemoryErrorRegsFile)

TestErrorRegsFile 
*          1    0005f590    00000006     UNINITIALIZED
                  0005f590    00000006     f280013x_globalvariabledefs.obj (TestErrorRegsFile)

Flash0CtrlRegsFile 
*          1    0005f800    00000182     UNINITIALIZED
                  0005f800    00000182     f280013x_globalvariabledefs.obj (Flash0CtrlRegsFile)

Flash0EccRegsFile 
*          1    0005fb00    00000022     UNINITIALIZED
                  0005fb00    00000022     f280013x_globalvariabledefs.obj (Flash0EccRegsFile)

UidRegsFile 
*          1    00071140    00000010     UNINITIALIZED
                  00071140    00000010     f280013x_globalvariabledefs.obj (UidRegsFile)

DcsmZ1OtpRegsFile 
*          1    00078000    00000020     UNINITIALIZED
                  00078000    00000020     f280013x_globalvariabledefs.obj (DcsmZ1OtpRegsFile)

DcsmZ2OtpRegsFile 
*          1    00078200    00000012     UNINITIALIZED
                  00078200    00000012     f280013x_globalvariabledefs.obj (DcsmZ2OtpRegsFile)

.text.1    0    00082000    00002000     
                  00082000    000006d0     rts2800_fpu32.lib : _printfi.c.obj (.text)
                  000826d0    000005f5                       : _printfi.c.obj (.text:__TI_printfi)
                  00082cc5    000002f3     f280013x_sysctrl.obj (.text)
                  00082fb8    000002dd     f280013x_defaultisr.obj (.text:retain)
                  00083295    0000028c     rts2800_fpu32.lib : memory.c.obj (.text)
                  00083521    000001e2     f280013x_gpio.obj (.text)
                  00083703    00000121     rts2800_fpu32.lib : fopen.c.obj (.text)
                  00083824    00000107                       : ll_div28.asm.obj (.text)
                  0008392b    000000d0     Sci.obj (.text)
                  000839fb    000000a9     rts2800_fpu32.lib : s_scalbn.c.obj (.text)
                  00083aa4    000000a8                       : fputs.c.obj (.text)
                  00083b4c    0000009c                       : fd_add28.asm.obj (.text)
                  00083be8    00000095                       : trgmsg.c.obj (.text)
                  00083c7d    0000008b                       : fd_div28.asm.obj (.text)
                  00083d08    00000088                       : fs_div28.asm.obj (.text)
                  00083d90    00000085     main.obj (.text)
                  00083e15    00000083     rts2800_fpu32.lib : fd_mpy28.asm.obj (.text)
                  00083e98    0000007c     f280013x_cputimers.obj (.text)
                  00083f14    0000007c     rts2800_fpu32.lib : setvbuf.c.obj (.text)
                  00083f90    0000006d                       : add_device.c.obj (.text)
                  00083ffd    00000003     f280013x_dbgier.obj (.text)

.text.2    0    00084000    000008bf     
                  00084000    00000073     rts2800_fpu32.lib : fflush.c.obj (.text)
                  00084073    00000071                       : open.c.obj (.text)
                  000840e4    00000065                       : _io_perm.c.obj (.text)
                  00084149    0000005d                       : fclose.c.obj (.text)
                  000841a6    0000005b                       : hostlseek.c.obj (.text)
                  00084201    0000005a                       : s_frexp.c.obj (.text)
                  0008425b    00000056                       : boot28.asm.obj (.text)
                  000842b1    00000053                       : fputc.c.obj (.text)
                  00084304    00000051                       : getdevice.c.obj (.text)
                  00084355    0000003e                       : hostrename.c.obj (.text)
                  00084393    0000003d                       : fseek.c.obj (.text)
                  000843d0    00000038                       : hostopen.c.obj (.text)
                  00084408    00000037                       : hostwrite.c.obj (.text)
                  0008443f    00000036                       : hostread.c.obj (.text)
                  00084475    00000034                       : printf.c.obj (.text)
                  000844a9    00000033                       : close.c.obj (.text)
                  000844dc    00000031                       : atoi.c.obj (.text)
                  0008450d    00000030                       : _ltoa.c.obj (.text)
                  0008453d    0000002a                       : fd_cmp28.asm.obj (.text)
                  00084567    0000002a                       : l_div28.asm.obj (.text)
                  00084591    00000029                       : exit.c.obj (.text)
                  000845ba    00000028     f280013x_piectrl.obj (.text)
                  000845e2    00000027     rts2800_fpu32.lib : hostclose.c.obj (.text)
                  00084609    00000025     f280013x_pievect.obj (.text)
                  0008462e    00000024     rts2800_fpu32.lib : cpy_tbl.c.obj (.text)
                  00084652    00000024                       : hostunlink.c.obj (.text)
                  00084676    00000024                       : s_copysign.c.obj (.text)
                  0008469a    00000021                       : fd_toi28.asm.obj (.text)
                  000846bb    0000001f                       : fd_tol28.asm.obj (.text)
                  000846da    0000001e                       : ll_cmp28.asm.obj (.text)
                  000846f8    0000001d                       : i_tofd28.asm.obj (.text)
                  00084715    0000001d                       : memcpy.c.obj (.text)
                  00084732    0000001c                       : fs_tofdfpu32.asm.obj (.text)
                  0008474e    0000001c                       : l_tofd28.asm.obj (.text)
                  0008476a    00000019                       : unlink.c.obj (.text)
                  00084783    00000019                       : write.c.obj (.text)
                  0008479c    00000018                       : ll_aox28.asm.obj (.text)
                  000847b4    00000018                       : lseek.c.obj (.text)
                  000847cc    00000016     Timer0_ISR.obj (.text:retain)
                  000847e2    00000016     Timer2_ISR.obj (.text:retain)
                  000847f8    00000015     rts2800_fpu32.lib : strncpy.c.obj (.text)
                  0008480d    00000012     Timer1_ISR.obj (.text:retain)
                  0008481f    00000012     rts2800_fpu32.lib : args_main.c.obj (.text)
                  00084831    00000010     Gpio.obj (.text)
                  00084841    00000010     rts2800_fpu32.lib : memccpy.c.obj (.text)
                  00084851    0000000e                       : fd_sub28.asm.obj (.text)
                  0008485f    0000000d                       : memchr.c.obj (.text)
                  0008486c    0000000c                       : strchr.c.obj (.text)
                  00084878    0000000a                       : strcmp.c.obj (.text)
                  00084882    00000009                       : _lock.c.obj (.text)
                  0008488b    00000009                       : fd_neg28.asm.obj (.text)
                  00084894    00000009                       : wcslen.c.obj (.text)
                  0008489d    00000008     f280013x_codestartbranch.obj (.text)
                  000848a5    00000008     rts2800_fpu32.lib : strlen.c.obj (.text)
                  000848ad    00000007                       : memset.c.obj (.text)
                  000848b4    00000005                       : strcpy.c.obj (.text)
                  000848b9    00000003                       : remove.c.obj (.text)
                  000848bc    00000002                       : pre_init.c.obj (.text)
                  000848be    00000001                       : startup.c.obj (.text)

.econst    0    00088000    00000302     
                  00088000    00000101     rts2800_fpu32.lib : ctype.c.obj (.econst:.string:__ctypes_)
                  00088101    00000001     --HOLE-- [fill = 0]
                  00088102    00000100     f280013x_pievect.obj (.econst:_PieVectTableInit)
                  00088202    00000078     main.obj (.econst:.string)
                  0008827a    00000026     rts2800_fpu32.lib : _printfi.c.obj (.econst:.string)
                  000882a0    00000020     Sci.obj (.econst:.string)
                  000882c0    0000001c     rts2800_fpu32.lib : _printfi.c.obj (.econst)
                  000882dc    0000001c                       : s_scalbn.c.obj (.econst)
                  000882f8    00000008                       : s_frexp.c.obj (.econst)
                  00088300    00000002                       : fputs.c.obj (.econst:.string)

MODULE SUMMARY

       Module                            code    initialized data   uninitialized data
       ------                            ----    ----------------   ------------------
    .\
       main.obj                          133     143                8                 
    +--+---------------------------------+-------+------------------+--------------------+
       Total:                            133     143                8                 
                                                                                      
    .\Peripheral\
       Sci.obj                           208     32                 0                 
       Gpio.obj                          16      0                  0                 
    +--+---------------------------------+-------+------------------+--------------------+
       Total:                            224     32                 0                 
                                                                                      
    .\User\
       Timer0_ISR.obj                    22      0                  0                 
       Timer2_ISR.obj                    22      0                  0                 
       Timer1_ISR.obj                    18      0                  0                 
    +--+---------------------------------+-------+------------------+--------------------+
       Total:                            62      0                  0                 
                                                                                      
    .\common\source\
       f280013x_sysctrl.obj              817     0                  0                 
       f280013x_defaultisr.obj           733     0                  0                 
       f280013x_gpio.obj                 482     0                  0                 
       f280013x_pievect.obj              37      256                0                 
       f280013x_cputimers.obj            124     0                  24                
       f280013x_piectrl.obj              40      0                  0                 
       f280013x_codestartbranch.obj      10      0                  0                 
       f280013x_usdelay.obj              8       0                  0                 
       f280013x_tempsensorconv.obj       0       0                  4                 
       f280013x_dbgier.obj               3       0                  0                 
    +--+---------------------------------+-------+------------------+--------------------+
       Total:                            2254    256                28                
                                                                                      
    .\headers\source\
       f280013x_globalvariabledefs.obj   0       0                  5924              
    +--+---------------------------------+-------+------------------+--------------------+
       Total:                            0       0                  5924              
                                                                                      
    D:\ti\ccs1281\ccs\tools\compiler\ti-cgt-c2000_22.6.1.LTS\lib\rts2800_fpu32.lib
       _printfi.c.obj                    3269    66                 0                 
       memory.c.obj                      652     4                  4                 
       trgmsg.c.obj                      149     0                  288               
       defs.c.obj                        0       42                 281               
       fopen.c.obj                       289     4                  1                 
       ll_div28.asm.obj                  263     0                  0                 
       ctype.c.obj                       0       257                0                 
       s_scalbn.c.obj                    169     28                 0                 
       fputs.c.obj                       168     2                  0                 
       fd_add28.asm.obj                  156     0                  0                 
       host_device.c.obj                 0       41                 112               
       fd_div28.asm.obj                  139     0                  0                 
       fs_div28.asm.obj                  136     0                  0                 
       fd_mpy28.asm.obj                  131     0                  0                 
       setvbuf.c.obj                     124     0                  0                 
       open.c.obj                        113     4                  1                 
       fflush.c.obj                      115     0                  0                 
       add_device.c.obj                  109     4                  1                 
       _io_perm.c.obj                    101     0                  0                 
       s_frexp.c.obj                     90      8                  0                 
       fclose.c.obj                      93      0                  0                 
       hostlseek.c.obj                   91      0                  0                 
       boot28.asm.obj                    86      0                  0                 
       fputc.c.obj                       83      0                  0                 
       getdevice.c.obj                   81      0                  0                 
       hostopen.c.obj                    56      0                  8                 
       hostrename.c.obj                  62      0                  0                 
       exit.c.obj                        41      14                 6                 
       fseek.c.obj                       61      0                  0                 
       hostwrite.c.obj                   55      0                  0                 
       hostread.c.obj                    54      0                  0                 
       printf.c.obj                      52      0                  0                 
       close.c.obj                       51      0                  0                 
       atoi.c.obj                        49      0                  0                 
       _ltoa.c.obj                       48      0                  0                 
       fd_cmp28.asm.obj                  42      0                  0                 
       l_div28.asm.obj                   42      0                  0                 
       hostclose.c.obj                   39      0                  0                 
       cpy_tbl.c.obj                     36      0                  0                 
       hostunlink.c.obj                  36      0                  0                 
       s_copysign.c.obj                  36      0                  0                 
       fd_toi28.asm.obj                  33      0                  0                 
       fd_tol28.asm.obj                  31      0                  0                 
       ll_cmp28.asm.obj                  30      0                  0                 
       i_tofd28.asm.obj                  29      0                  0                 
       memcpy.c.obj                      29      0                  0                 
       fs_tofdfpu32.asm.obj              28      0                  0                 
       l_tofd28.asm.obj                  28      0                  0                 
       unlink.c.obj                      25      0                  0                 
       write.c.obj                       25      0                  0                 
       ll_aox28.asm.obj                  24      0                  0                 
       lseek.c.obj                       24      0                  0                 
       _lock.c.obj                       9       10                 4                 
       strncpy.c.obj                     21      0                  0                 
       args_main.c.obj                   18      0                  0                 
       memccpy.c.obj                     16      0                  0                 
       fd_sub28.asm.obj                  14      0                  0                 
       memchr.c.obj                      13      0                  0                 
       strchr.c.obj                      12      0                  0                 
       strcmp.c.obj                      10      0                  0                 
       fd_neg28.asm.obj                  9       0                  0                 
       wcslen.c.obj                      9       0                  0                 
       strlen.c.obj                      8       0                  0                 
       memset.c.obj                      7       0                  0                 
       errno.c.obj                       0       4                  1                 
       strcpy.c.obj                      5       0                  0                 
       remove.c.obj                      3       0                  0                 
       pre_init.c.obj                    2       0                  0                 
       startup.c.obj                     1       0                  0                 
    +--+---------------------------------+-------+------------------+--------------------+
       Total:                            7830    488                707               
                                                                                      
       Heap:                             0       0                  1024              
       Stack:                            0       0                  512               
    +--+---------------------------------+-------+------------------+--------------------+
       Grand Total:                      10503   919                8203              


GLOBAL DATA SYMBOLS: SORTED BY DATA PAGE

address     data page           name
--------    ----------------    ----
00000400      10 (00000400)     __stack

00000b00      2c (00000b00)     _AdcaResultRegs

00000b40      2d (00000b40)     _AdccResultRegs

00000c00      30 (00000c00)     _CpuTimer0Regs
00000c08      30 (00000c00)     _CpuTimer1Regs
00000c10      30 (00000c00)     _CpuTimer2Regs

00000ce0      33 (00000cc0)     _PieCtrlRegs

00000d00      34 (00000d00)     _PieVectTable

00004000     100 (00004000)     _EPwm1Regs

00004100     104 (00004100)     _EPwm2Regs

00004200     108 (00004200)     _EPwm3Regs

00004300     10c (00004300)     _EPwm4Regs

00004400     110 (00004400)     _EPwm5Regs

00004500     114 (00004500)     _EPwm6Regs

00004600     118 (00004600)     _EPwm7Regs

00005100     144 (00005100)     _EQep1Regs

00005200     148 (00005200)     _ECap1Regs

00005240     149 (00005240)     _ECap2Regs

00005500     154 (00005500)     _Cmpss1Regs

00005540     155 (00005540)     _CmpssLite2Regs

00005580     156 (00005580)     _CmpssLite3Regs

000055c0     157 (000055c0)     _CmpssLite4Regs

00006100     184 (00006100)     _SpiaRegs

00007000     1c0 (00007000)     _WdRegs

00007060     1c1 (00007040)     _NmiIntruptRegs
00007070     1c1 (00007040)     _XintRegs

00007200     1c8 (00007200)     _SciaRegs
00007210     1c8 (00007200)     _ScibRegs
00007220     1c8 (00007200)     _ScicRegs

00007300     1cc (00007300)     _I2caRegs

00007340     1cd (00007340)     _I2cbRegs

00007400     1d0 (00007400)     _AdcaRegs

00007500     1d4 (00007500)     _AdccRegs

00007900     1e4 (00007900)     _InputXbarRegs
00007920     1e4 (00007900)     _XbarRegs

00007940     1e5 (00007940)     _SyncSocRegs

00007a00     1e8 (00007a00)     _EPwmXbarRegs

00007a80     1ea (00007a80)     _OutputXbarRegs

00007c00     1f0 (00007c00)     _GpioCtrlRegs

00007f00     1fc (00007f00)     _GpioDataRegs

00007f80     1fe (00007f80)     _GpioDataReadRegs

00008000     200 (00008000)     __CIOBUF_

00008120     204 (00008100)     _CpuTimer0
00008128     204 (00008100)     _CpuTimer1
00008130     204 (00008100)     _CpuTimer2
00008138     204 (00008100)     _parmbuf

00008140     205 (00008140)     ___TI_tmpnams

000081e0     207 (000081c0)     _test_hex
000081e1     207 (000081c0)     _test_dec
000081e2     207 (000081c0)     _test_long
000081e4     207 (000081c0)     _test_float
000081e6     207 (000081c0)     _test_str
000081e8     207 (000081c0)     ___TI_enable_exit_profile_output
000081ea     207 (000081c0)     ___TI_cleanup_ptr
000081ec     207 (000081c0)     ___TI_dtors_ptr
000081ee     207 (000081c0)     _tempSensor_tempSlope
000081ef     207 (000081c0)     _tempSensor_tempOffset
000081f0     207 (000081c0)     _tempSensor_scaleFactor
000081f6     207 (000081c0)     __lock
000081f8     207 (000081c0)     __unlock
000081fb     207 (000081c0)     ___TI_ft_end
000081fc     207 (000081c0)     _errno

00008200     208 (00008200)     __ftable

00008280     20a (00008280)     __device

000082c8     20b (000082c0)     __stream
000082f0     20b (000082c0)     __sys_memory

00048000    1200 (00048000)     _CanaRegs

0005d000    1740 (0005d000)     _DevCfgRegs

0005d200    1748 (0005d200)     _ClkCfgRegs

0005d300    174c (0005d300)     _CpuSysRegs

0005d400    1750 (0005d400)     _SysStatusRegs

0005d700    175c (0005d700)     _AnalogSubsysRegs

0005e700    179c (0005e700)     _Dcc0Regs

0005ec00    17b0 (0005ec00)     _Epg1Regs

0005ecd0    17b3 (0005ecc0)     _Epg1MuxRegs

0005f000    17c0 (0005f000)     _DcsmZ1Regs

0005f080    17c2 (0005f080)     _DcsmZ2Regs

0005f0c0    17c3 (0005f0c0)     _DcsmCommonRegs

0005f400    17d0 (0005f400)     _MemCfgRegs

0005f500    17d4 (0005f500)     _AccessProtectionRegs

0005f540    17d5 (0005f540)     _MemoryErrorRegs

0005f590    17d6 (0005f580)     _TestErrorRegs

0005f800    17e0 (0005f800)     _Flash0CtrlRegs

0005fb00    17ec (0005fb00)     _Flash0EccRegs

00071140    1c45 (00071140)     _UidRegs

00078000    1e00 (00078000)     _DcsmZ1OtpRegs

00078200    1e08 (00078200)     _DcsmZ2OtpRegs

00088000    2200 (00088000)     __ctypes_

00088102    2204 (00088100)     _PieVectTableInit


GLOBAL SYMBOLS: SORTED ALPHABETICALLY BY Name 

page  address   name                            
----  -------   ----                            
abs   ffffffff  .text                           
0     00084591  C$$EXIT                         
0     00083c3b  C$$IO$$                         
0     00083b4c  FD$$ADD                         
0     0008453d  FD$$CMP                         
0     00083c7d  FD$$DIV                         
0     00083e15  FD$$MPY                         
0     0008488b  FD$$NEG                         
0     00084851  FD$$SUB                         
0     0008469a  FD$$TOI                         
0     000846bb  FD$$TOL                         
0     00083d08  FS$$DIV                         
0     00084732  FS$$TOFD                        
0     000846f8  I$$TOFD                         
0     00084567  L$$DIV                          
0     00084576  L$$MOD                          
0     0008474e  L$$TOFD                         
0     0008479c  LL$$AND                         
0     000846da  LL$$CMP                         
0     00083824  LL$$DIV                         
0     00083860  LL$$MOD                         
0     000847a4  LL$$OR                          
0     000847ac  LL$$XOR                         
0     00084584  UL$$DIV                         
0     0008458b  UL$$MOD                         
0     000846ec  ULL$$CMP                        
0     0008389a  ULL$$DIV                        
0     000838c9  ULL$$MOD                        
0     00083076  _ADCA1_ISR                      
0     00083206  _ADCA2_ISR                      
0     00083210  _ADCA3_ISR                      
0     0008321a  _ADCA4_ISR                      
0     000831fc  _ADCA_EVT_ISR                   
0     00083080  _ADCC1_ISR                      
0     0008322e  _ADCC2_ISR                      
0     00083238  _ADCC3_ISR                      
0     00083242  _ADCC4_ISR                      
0     00083224  _ADCC_EVT_ISR                   
1     0005f500  _AccessProtectionRegs           
1     00007400  _AdcaRegs                       
1     00000b00  _AdcaResultRegs                 
1     00007500  _AdccRegs                       
1     00000b40  _AdccResultRegs                 
1     0005d700  _AnalogSubsysRegs               
0     000831e8  _CANA0_ISR                      
0     000831f2  _CANA1_ISR                      
1     00048000  _CanaRegs                       
1     0005d200  _ClkCfgRegs                     
1     00005500  _Cmpss1Regs                     
1     00005540  _CmpssLite2Regs                 
1     00005580  _CmpssLite3Regs                 
1     000055c0  _CmpssLite4Regs                 
0     00082f48  _ComputeCntrSeedValue           
0     00083ed9  _ConfigCpuTimer                 
1     0005d300  _CpuSysRegs                     
0     00008120  _CpuTimer0                      
1     00000c00  _CpuTimer0Regs                  
0     00008128  _CpuTimer1                      
1     00000c08  _CpuTimer1Regs                  
0     00008130  _CpuTimer2                      
1     00000c10  _CpuTimer2Regs                  
0     00082fcc  _DATALOG_ISR                    
0     0008317a  _DCC0_ISR                       
1     0005e700  _Dcc0Regs                       
1     0005f0c0  _DcsmCommonRegs                 
1     00078000  _DcsmZ1OtpRegs                  
1     0005f000  _DcsmZ1Regs                     
1     00078200  _DcsmZ2OtpRegs                  
1     0005f080  _DcsmZ2Regs                     
1     0005d000  _DevCfgRegs                     
0     00082d46  _DisableDog                     
0     00082d25  _DisablePeripheralClocks        
0     00083148  _ECAP1_ISR                      
0     00083152  _ECAP2_ISR                      
1     00005200  _ECap1Regs                      
1     00005240  _ECap2Regs                      
0     0008327e  _EMPTY_ISR                      
0     00082fe0  _EMU_ISR                        
0     00083102  _EPWM1_ISR                      
0     000830bc  _EPWM1_TZ_ISR                   
0     0008310c  _EPWM2_ISR                      
0     000830c6  _EPWM2_TZ_ISR                   
0     00083116  _EPWM3_ISR                      
0     000830d0  _EPWM3_TZ_ISR                   
0     00083120  _EPWM4_ISR                      
0     000830da  _EPWM4_TZ_ISR                   
0     0008312a  _EPWM5_ISR                      
0     000830e4  _EPWM5_TZ_ISR                   
0     00083134  _EPWM6_ISR                      
0     000830ee  _EPWM6_TZ_ISR                   
0     0008313e  _EPWM7_ISR                      
0     000830f8  _EPWM7_TZ_ISR                   
1     00004000  _EPwm1Regs                      
1     00004100  _EPwm2Regs                      
1     00004200  _EPwm3Regs                      
1     00004300  _EPwm4Regs                      
1     00004400  _EPwm5Regs                      
1     00004500  _EPwm6Regs                      
1     00004600  _EPwm7Regs                      
1     00007a00  _EPwmXbarRegs                   
0     0008315c  _EQEP1_ISR                      
1     00005100  _EQep1Regs                      
0     000845d9  _EnableInterrupts               
1     0005ecd0  _Epg1MuxRegs                    
1     0005ec00  _Epg1Regs                       
0     0000870f  _F28x_usDelay                   
0     0008326a  _FLSS_ISR                       
1     0005f800  _Flash0CtrlRegs                 
1     0005fb00  _Flash0EccRegs                  
0     000836ce  _GPIO_ReadPin                   
0     00083679  _GPIO_SetupLock                 
0     0008355e  _GPIO_SetupPinMux               
0     000835e7  _GPIO_SetupPinOptions           
0     000836a1  _GPIO_SetupXINT1Gpio            
0     000836aa  _GPIO_SetupXINT2Gpio            
0     000836b3  _GPIO_SetupXINT3Gpio            
0     000836bc  _GPIO_SetupXINT4Gpio            
0     000836c5  _GPIO_SetupXINT5Gpio            
0     000836e5  _GPIO_WritePin                  
1     00007c00  _GpioCtrlRegs                   
1     00007f80  _GpioDataReadRegs               
1     00007f00  _GpioDataRegs                   
0     00084831  _GpioInit                       
0     00082ea2  _HALT                           
0     000845e2  _HOSTclose                      
0     000841a6  _HOSTlseek                      
0     000843d0  _HOSTopen                       
0     0008443f  _HOSTread                       
0     00084355  _HOSTrename                     
0     00084652  _HOSTunlink                     
0     00084408  _HOSTwrite                      
0     0008318e  _I2CA_FIFO_ISR                  
0     00083184  _I2CA_ISR                       
0     000831a2  _I2CB_FIFO_ISR                  
0     00083198  _I2CB_ISR                       
1     00007300  _I2caRegs                       
1     00007340  _I2cbRegs                       
0     00082e99  _IDLE                           
0     00082ff4  _ILLEGAL_ISR                    
0     00083e98  _InitCpuTimers                  
0     000086f0  _InitFlash                      
0     00083521  _InitGpio                       
0     00082ce2  _InitPeripheralClocks           
0     000845ba  _InitPieCtrl                    
0     00084609  _InitPieVectTable               
0     00082cc5  _InitSysCtrl                    
0     00082d53  _InitSysPll                     
1     00007900  _InputXbarRegs                  
0     00082eb3  _IsPLLValid                     
1     0005f400  _MemCfgRegs                     
1     0005f540  _MemoryErrorRegs                
0     00082fea  _NMI_ISR                        
0     0008328b  _NOTUSED_ISR                    
1     00007060  _NmiIntruptRegs                 
1     00007a80  _OutputXbarRegs                 
0     00083274  _PIE_RESERVED_ISR               
1     00000ce0  _PieCtrlRegs                    
1     00000d00  _PieVectTable                   
0     00088102  _PieVectTableInit               
0     00082fd6  _RTOS_ISR                       
0     000800c3  _RamfuncsLoadEnd                
abs   00000023  _RamfuncsLoadSize               
0     000800a0  _RamfuncsLoadStart              
0     00008713  _RamfuncsRunEnd                 
abs   00000023  _RamfuncsRunSize                
0     000086f0  _RamfuncsRunStart               
0     000831c0  _SCIA_RX_ISR                    
0     000831ca  _SCIA_TX_ISR                    
0     000831d4  _SCIB_RX_ISR                    
0     000831de  _SCIB_TX_ISR                    
0     000831ac  _SCIC_RX_ISR                    
0     000831b6  _SCIC_TX_ISR                    
0     00083166  _SPIA_RX_ISR                    
0     00083170  _SPIA_TX_ISR                    
0     0008309e  _SYS_ERR_ISR                    
0     0008392b  _SciaInit                       
1     00007200  _SciaRegs                       
1     00007210  _ScibRegs                       
1     00007220  _ScicRegs                       
0     00082d39  _ServiceDog                     
0     00083ffd  _SetDBGIER                      
1     00006100  _SpiaRegs                       
1     00007940  _SyncSocRegs                    
0     00082e39  _SysIntOsc1Sel                  
0     00082e42  _SysIntOsc2Sel                  
1     0005d400  _SysStatusRegs                  
0     00082e84  _SysXtalOscSESel                
0     00082e64  _SysXtalOscSel                  
0     000830a8  _TIMER0_ISR                     
0     00082fb8  _TIMER1_ISR                     
0     00082fc2  _TIMER2_ISR                     
1     0005f590  _TestErrorRegs                  
0     00083058  _USER10_ISR                     
0     00083062  _USER11_ISR                     
0     0008306c  _USER12_ISR                     
0     00082ffe  _USER1_ISR                      
0     00083008  _USER2_ISR                      
0     00083012  _USER3_ISR                      
0     0008301c  _USER4_ISR                      
0     00083026  _USER5_ISR                      
0     00083030  _USER6_ISR                      
0     0008303a  _USER7_ISR                      
0     00083044  _USER8_ISR                      
0     0008304e  _USER9_ISR                      
1     00071140  _UidRegs                        
0     000830b2  _WAKE_ISR                       
1     00007000  _WdRegs                         
0     0008308a  _XINT1_ISR                      
0     00083094  _XINT2_ISR                      
0     0008324c  _XINT3_ISR                      
0     00083256  _XINT4_ISR                      
0     00083260  _XINT5_ISR                      
1     00007920  _XbarRegs                       
1     00007070  _XintRegs                       
0     00008000  __CIOBUF_                       
0     00000600  __STACK_END                     
abs   00000200  __STACK_SIZE                    
abs   00000400  __SYSMEM_SIZE                   
0     000837a2  ___TI_cleanup                   
0     000081ea  ___TI_cleanup_ptr               
0     00084149  ___TI_closefile                 
0     00084000  ___TI_doflush                   
0     000081ec  ___TI_dtors_ptr                 
0     000081e8  ___TI_enable_exit_profile_output
0     000081fb  ___TI_ft_end                    
0     0008351f  ___TI_heap_check                
0     00083502  ___TI_heap_largest_available    
0     000834e5  ___TI_heap_total_available      
0     0008450d  ___TI_ltoa                      
abs   ffffffff  ___TI_pprof_out_hndl            
0     00082b40  ___TI_printfi                   
abs   ffffffff  ___TI_prof_data_size            
abs   ffffffff  ___TI_prof_data_start           
0     0008411e  ___TI_rd_ok                     
0     00083c40  ___TI_readmsg                   
0     00008140  ___TI_tmpnams                   
0     00083be8  ___TI_writemsg                  
0     000840e4  ___TI_wrt_ok                    
abs   ffffffff  ___binit__                      
abs   ffffffff  ___c_args__                     
0     00080008  ___cinit__                      
abs   ffffffff  ___etext__                      
abs   ffffffff  ___pinit__                      
abs   ffffffff  ___text__                       
0     0008481f  __args_main                     
0     00088000  __ctypes_                       
0     00008280  __device                        
0     00008200  __ftable                        
0     000081f6  __lock                          
0     0008488a  __nop                           
0     00084886  __register_lock                 
0     00084882  __register_unlock               
0     00000400  __stack                         
0     000082c8  __stream                        
0     000082f0  __sys_memory                    
0     000848be  __system_post_cinit             
0     000848bc  __system_pre_init               
0     000081f8  __unlock                        
0     00084591  _abort                          
0     00083f90  _add_device                     
0     0008343f  _aligned_alloc                  
0     000844dc  _atoi                           
0     0008425b  _c_int00                        
0     00083412  _calloc                         
0     000844a9  _close                          
0     0008462e  _copy_in                        
0     00084676  _copysignl                      
0     000847cc  _cpuTimer0ISR                   
0     0008480d  _cpuTimer1ISR                   
0     000847e2  _cpuTimer2ISR                   
0     000081fc  _errno                          
0     00084593  _exit                           
0     0008418d  _fclose                         
0     0008402f  _fflush                         
0     00084304  _finddevice                     
0     000837dd  _fopen                          
0     000842b1  _fputc                          
0     00083aa4  _fputs                          
0     000832c0  _free                           
0     000837bf  _freopen                        
0     00084201  _frexpl                         
0     00084393  _fseek                          
0     00084393  _fseeko                         
0     0008431f  _getdevice                      
0     00083950  _initSCIAEchoback               
0     00083981  _initSCIAFIFO                   
0     000839fb  _ldexpl                         
0     000847b4  _lseek                          
0     00083d90  _main                           
0     00083295  _malloc                         
0     0008343f  _memalign                       
0     00084841  _memccpy                        
0     0008485f  _memchr                         
0     00084715  _memcpy                         
0     000848ad  _memset                         
0     0008340e  _minit                          
0     000839c1  _my_close                       
0     000839e9  _my_lseek                       
0     000839ba  _my_open                        
0     000839c6  _my_read                        
0     000839f5  _my_rename                      
0     000839f0  _my_unlink                      
0     000839cd  _my_write                       
0     00084073  _open                           
0     00083989  _open_uart_debug                
0     00008138  _parmbuf                        
0     0008447b  _printf                         
0     000842b1  _putc                           
0     000842ff  _putchar                        
0     00083b39  _puts                           
0     0008338a  _realloc                        
0     000848b9  _remove                         
0     000839fb  _scalbnl                        
0     00083f14  _setvbuf                        
0     0008486c  _strchr                         
0     00084878  _strcmp                         
0     000848b4  _strcpy                         
0     000848a5  _strlen                         
0     000847f8  _strncpy                        
0     000081f0  _tempSensor_scaleFactor         
0     000081ef  _tempSensor_tempOffset          
0     000081ee  _tempSensor_tempSlope           
0     000081e1  _test_dec                       
0     000081e4  _test_float                     
0     000081e0  _test_hex                       
0     000081e2  _test_long                      
0     000081e6  _test_str                       
0     00083962  _transmitSCIAChar               
0     0008396e  _transmitSCIAMessage            
0     0008476a  _unlink                         
0     00084894  _wcslen                         
0     00084783  _write                          
abs   ffffffff  binit                           
0     00080008  cinit                           
0     00080000  code_start                      
abs   ffffffff  etext                           
abs   ffffffff  pinit                           


GLOBAL SYMBOLS: SORTED BY Symbol Address 

page  address   name                            
----  -------   ----                            
0     00000400  __stack                         
0     00000600  __STACK_END                     
0     00008000  __CIOBUF_                       
0     00008120  _CpuTimer0                      
0     00008128  _CpuTimer1                      
0     00008130  _CpuTimer2                      
0     00008138  _parmbuf                        
0     00008140  ___TI_tmpnams                   
0     000081e0  _test_hex                       
0     000081e1  _test_dec                       
0     000081e2  _test_long                      
0     000081e4  _test_float                     
0     000081e6  _test_str                       
0     000081e8  ___TI_enable_exit_profile_output
0     000081ea  ___TI_cleanup_ptr               
0     000081ec  ___TI_dtors_ptr                 
0     000081ee  _tempSensor_tempSlope           
0     000081ef  _tempSensor_tempOffset          
0     000081f0  _tempSensor_scaleFactor         
0     000081f6  __lock                          
0     000081f8  __unlock                        
0     000081fb  ___TI_ft_end                    
0     000081fc  _errno                          
0     00008200  __ftable                        
0     00008280  __device                        
0     000082c8  __stream                        
0     000082f0  __sys_memory                    
0     000086f0  _InitFlash                      
0     000086f0  _RamfuncsRunStart               
0     0000870f  _F28x_usDelay                   
0     00008713  _RamfuncsRunEnd                 
0     00080000  code_start                      
0     00080008  ___cinit__                      
0     00080008  cinit                           
0     000800a0  _RamfuncsLoadStart              
0     000800c3  _RamfuncsLoadEnd                
0     00082b40  ___TI_printfi                   
0     00082cc5  _InitSysCtrl                    
0     00082ce2  _InitPeripheralClocks           
0     00082d25  _DisablePeripheralClocks        
0     00082d39  _ServiceDog                     
0     00082d46  _DisableDog                     
0     00082d53  _InitSysPll                     
0     00082e39  _SysIntOsc1Sel                  
0     00082e42  _SysIntOsc2Sel                  
0     00082e64  _SysXtalOscSel                  
0     00082e84  _SysXtalOscSESel                
0     00082e99  _IDLE                           
0     00082ea2  _HALT                           
0     00082eb3  _IsPLLValid                     
0     00082f48  _ComputeCntrSeedValue           
0     00082fb8  _TIMER1_ISR                     
0     00082fc2  _TIMER2_ISR                     
0     00082fcc  _DATALOG_ISR                    
0     00082fd6  _RTOS_ISR                       
0     00082fe0  _EMU_ISR                        
0     00082fea  _NMI_ISR                        
0     00082ff4  _ILLEGAL_ISR                    
0     00082ffe  _USER1_ISR                      
0     00083008  _USER2_ISR                      
0     00083012  _USER3_ISR                      
0     0008301c  _USER4_ISR                      
0     00083026  _USER5_ISR                      
0     00083030  _USER6_ISR                      
0     0008303a  _USER7_ISR                      
0     00083044  _USER8_ISR                      
0     0008304e  _USER9_ISR                      
0     00083058  _USER10_ISR                     
0     00083062  _USER11_ISR                     
0     0008306c  _USER12_ISR                     
0     00083076  _ADCA1_ISR                      
0     00083080  _ADCC1_ISR                      
0     0008308a  _XINT1_ISR                      
0     00083094  _XINT2_ISR                      
0     0008309e  _SYS_ERR_ISR                    
0     000830a8  _TIMER0_ISR                     
0     000830b2  _WAKE_ISR                       
0     000830bc  _EPWM1_TZ_ISR                   
0     000830c6  _EPWM2_TZ_ISR                   
0     000830d0  _EPWM3_TZ_ISR                   
0     000830da  _EPWM4_TZ_ISR                   
0     000830e4  _EPWM5_TZ_ISR                   
0     000830ee  _EPWM6_TZ_ISR                   
0     000830f8  _EPWM7_TZ_ISR                   
0     00083102  _EPWM1_ISR                      
0     0008310c  _EPWM2_ISR                      
0     00083116  _EPWM3_ISR                      
0     00083120  _EPWM4_ISR                      
0     0008312a  _EPWM5_ISR                      
0     00083134  _EPWM6_ISR                      
0     0008313e  _EPWM7_ISR                      
0     00083148  _ECAP1_ISR                      
0     00083152  _ECAP2_ISR                      
0     0008315c  _EQEP1_ISR                      
0     00083166  _SPIA_RX_ISR                    
0     00083170  _SPIA_TX_ISR                    
0     0008317a  _DCC0_ISR                       
0     00083184  _I2CA_ISR                       
0     0008318e  _I2CA_FIFO_ISR                  
0     00083198  _I2CB_ISR                       
0     000831a2  _I2CB_FIFO_ISR                  
0     000831ac  _SCIC_RX_ISR                    
0     000831b6  _SCIC_TX_ISR                    
0     000831c0  _SCIA_RX_ISR                    
0     000831ca  _SCIA_TX_ISR                    
0     000831d4  _SCIB_RX_ISR                    
0     000831de  _SCIB_TX_ISR                    
0     000831e8  _CANA0_ISR                      
0     000831f2  _CANA1_ISR                      
0     000831fc  _ADCA_EVT_ISR                   
0     00083206  _ADCA2_ISR                      
0     00083210  _ADCA3_ISR                      
0     0008321a  _ADCA4_ISR                      
0     00083224  _ADCC_EVT_ISR                   
0     0008322e  _ADCC2_ISR                      
0     00083238  _ADCC3_ISR                      
0     00083242  _ADCC4_ISR                      
0     0008324c  _XINT3_ISR                      
0     00083256  _XINT4_ISR                      
0     00083260  _XINT5_ISR                      
0     0008326a  _FLSS_ISR                       
0     00083274  _PIE_RESERVED_ISR               
0     0008327e  _EMPTY_ISR                      
0     0008328b  _NOTUSED_ISR                    
0     00083295  _malloc                         
0     000832c0  _free                           
0     0008338a  _realloc                        
0     0008340e  _minit                          
0     00083412  _calloc                         
0     0008343f  _aligned_alloc                  
0     0008343f  _memalign                       
0     000834e5  ___TI_heap_total_available      
0     00083502  ___TI_heap_largest_available    
0     0008351f  ___TI_heap_check                
0     00083521  _InitGpio                       
0     0008355e  _GPIO_SetupPinMux               
0     000835e7  _GPIO_SetupPinOptions           
0     00083679  _GPIO_SetupLock                 
0     000836a1  _GPIO_SetupXINT1Gpio            
0     000836aa  _GPIO_SetupXINT2Gpio            
0     000836b3  _GPIO_SetupXINT3Gpio            
0     000836bc  _GPIO_SetupXINT4Gpio            
0     000836c5  _GPIO_SetupXINT5Gpio            
0     000836ce  _GPIO_ReadPin                   
0     000836e5  _GPIO_WritePin                  
0     000837a2  ___TI_cleanup                   
0     000837bf  _freopen                        
0     000837dd  _fopen                          
0     00083824  LL$$DIV                         
0     00083860  LL$$MOD                         
0     0008389a  ULL$$DIV                        
0     000838c9  ULL$$MOD                        
0     0008392b  _SciaInit                       
0     00083950  _initSCIAEchoback               
0     00083962  _transmitSCIAChar               
0     0008396e  _transmitSCIAMessage            
0     00083981  _initSCIAFIFO                   
0     00083989  _open_uart_debug                
0     000839ba  _my_open                        
0     000839c1  _my_close                       
0     000839c6  _my_read                        
0     000839cd  _my_write                       
0     000839e9  _my_lseek                       
0     000839f0  _my_unlink                      
0     000839f5  _my_rename                      
0     000839fb  _ldexpl                         
0     000839fb  _scalbnl                        
0     00083aa4  _fputs                          
0     00083b39  _puts                           
0     00083b4c  FD$$ADD                         
0     00083be8  ___TI_writemsg                  
0     00083c3b  C$$IO$$                         
0     00083c40  ___TI_readmsg                   
0     00083c7d  FD$$DIV                         
0     00083d08  FS$$DIV                         
0     00083d90  _main                           
0     00083e15  FD$$MPY                         
0     00083e98  _InitCpuTimers                  
0     00083ed9  _ConfigCpuTimer                 
0     00083f14  _setvbuf                        
0     00083f90  _add_device                     
0     00083ffd  _SetDBGIER                      
0     00084000  ___TI_doflush                   
0     0008402f  _fflush                         
0     00084073  _open                           
0     000840e4  ___TI_wrt_ok                    
0     0008411e  ___TI_rd_ok                     
0     00084149  ___TI_closefile                 
0     0008418d  _fclose                         
0     000841a6  _HOSTlseek                      
0     00084201  _frexpl                         
0     0008425b  _c_int00                        
0     000842b1  _fputc                          
0     000842b1  _putc                           
0     000842ff  _putchar                        
0     00084304  _finddevice                     
0     0008431f  _getdevice                      
0     00084355  _HOSTrename                     
0     00084393  _fseek                          
0     00084393  _fseeko                         
0     000843d0  _HOSTopen                       
0     00084408  _HOSTwrite                      
0     0008443f  _HOSTread                       
0     0008447b  _printf                         
0     000844a9  _close                          
0     000844dc  _atoi                           
0     0008450d  ___TI_ltoa                      
0     0008453d  FD$$CMP                         
0     00084567  L$$DIV                          
0     00084576  L$$MOD                          
0     00084584  UL$$DIV                         
0     0008458b  UL$$MOD                         
0     00084591  C$$EXIT                         
0     00084591  _abort                          
0     00084593  _exit                           
0     000845ba  _InitPieCtrl                    
0     000845d9  _EnableInterrupts               
0     000845e2  _HOSTclose                      
0     00084609  _InitPieVectTable               
0     0008462e  _copy_in                        
0     00084652  _HOSTunlink                     
0     00084676  _copysignl                      
0     0008469a  FD$$TOI                         
0     000846bb  FD$$TOL                         
0     000846da  LL$$CMP                         
0     000846ec  ULL$$CMP                        
0     000846f8  I$$TOFD                         
0     00084715  _memcpy                         
0     00084732  FS$$TOFD                        
0     0008474e  L$$TOFD                         
0     0008476a  _unlink                         
0     00084783  _write                          
0     0008479c  LL$$AND                         
0     000847a4  LL$$OR                          
0     000847ac  LL$$XOR                         
0     000847b4  _lseek                          
0     000847cc  _cpuTimer0ISR                   
0     000847e2  _cpuTimer2ISR                   
0     000847f8  _strncpy                        
0     0008480d  _cpuTimer1ISR                   
0     0008481f  __args_main                     
0     00084831  _GpioInit                       
0     00084841  _memccpy                        
0     00084851  FD$$SUB                         
0     0008485f  _memchr                         
0     0008486c  _strchr                         
0     00084878  _strcmp                         
0     00084882  __register_unlock               
0     00084886  __register_lock                 
0     0008488a  __nop                           
0     0008488b  FD$$NEG                         
0     00084894  _wcslen                         
0     000848a5  _strlen                         
0     000848ad  _memset                         
0     000848b4  _strcpy                         
0     000848b9  _remove                         
0     000848bc  __system_pre_init               
0     000848be  __system_post_cinit             
0     00088000  __ctypes_                       
0     00088102  _PieVectTableInit               
1     00000b00  _AdcaResultRegs                 
1     00000b40  _AdccResultRegs                 
1     00000c00  _CpuTimer0Regs                  
1     00000c08  _CpuTimer1Regs                  
1     00000c10  _CpuTimer2Regs                  
1     00000ce0  _PieCtrlRegs                    
1     00000d00  _PieVectTable                   
1     00004000  _EPwm1Regs                      
1     00004100  _EPwm2Regs                      
1     00004200  _EPwm3Regs                      
1     00004300  _EPwm4Regs                      
1     00004400  _EPwm5Regs                      
1     00004500  _EPwm6Regs                      
1     00004600  _EPwm7Regs                      
1     00005100  _EQep1Regs                      
1     00005200  _ECap1Regs                      
1     00005240  _ECap2Regs                      
1     00005500  _Cmpss1Regs                     
1     00005540  _CmpssLite2Regs                 
1     00005580  _CmpssLite3Regs                 
1     000055c0  _CmpssLite4Regs                 
1     00006100  _SpiaRegs                       
1     00007000  _WdRegs                         
1     00007060  _NmiIntruptRegs                 
1     00007070  _XintRegs                       
1     00007200  _SciaRegs                       
1     00007210  _ScibRegs                       
1     00007220  _ScicRegs                       
1     00007300  _I2caRegs                       
1     00007340  _I2cbRegs                       
1     00007400  _AdcaRegs                       
1     00007500  _AdccRegs                       
1     00007900  _InputXbarRegs                  
1     00007920  _XbarRegs                       
1     00007940  _SyncSocRegs                    
1     00007a00  _EPwmXbarRegs                   
1     00007a80  _OutputXbarRegs                 
1     00007c00  _GpioCtrlRegs                   
1     00007f00  _GpioDataRegs                   
1     00007f80  _GpioDataReadRegs               
1     00048000  _CanaRegs                       
1     0005d000  _DevCfgRegs                     
1     0005d200  _ClkCfgRegs                     
1     0005d300  _CpuSysRegs                     
1     0005d400  _SysStatusRegs                  
1     0005d700  _AnalogSubsysRegs               
1     0005e700  _Dcc0Regs                       
1     0005ec00  _Epg1Regs                       
1     0005ecd0  _Epg1MuxRegs                    
1     0005f000  _DcsmZ1Regs                     
1     0005f080  _DcsmZ2Regs                     
1     0005f0c0  _DcsmCommonRegs                 
1     0005f400  _MemCfgRegs                     
1     0005f500  _AccessProtectionRegs           
1     0005f540  _MemoryErrorRegs                
1     0005f590  _TestErrorRegs                  
1     0005f800  _Flash0CtrlRegs                 
1     0005fb00  _Flash0EccRegs                  
1     00071140  _UidRegs                        
1     00078000  _DcsmZ1OtpRegs                  
1     00078200  _DcsmZ2OtpRegs                  
abs   00000023  _RamfuncsLoadSize               
abs   00000023  _RamfuncsRunSize                
abs   00000200  __STACK_SIZE                    
abs   00000400  __SYSMEM_SIZE                   
abs   ffffffff  .text                           
abs   ffffffff  ___TI_pprof_out_hndl            
abs   ffffffff  ___TI_prof_data_size            
abs   ffffffff  ___TI_prof_data_start           
abs   ffffffff  ___binit__                      
abs   ffffffff  ___c_args__                     
abs   ffffffff  ___etext__                      
abs   ffffffff  ___pinit__                      
abs   ffffffff  ___text__                       
abs   ffffffff  binit                           
abs   ffffffff  etext                           
abs   ffffffff  pinit                           

[337 symbols]
