******************************************************************************
             TMS320C2000 Linker PC v22.6.1                     
******************************************************************************
>> Linked Thu May 22 13:53:38 2025

OUTPUT FILE NAME:   <F280013x_Demo05_Spi.out>
ENTRY POINT SYMBOL: "_c_int00"  address: 000830cb


MEMORY CONFIGURATION

         name            origin    length      used     unused   attr    fill
----------------------  --------  ---------  --------  --------  ----  --------
PAGE 0:
  BOOT_RSVD             00000002   00000126  00000000  00000126  RWIX
  RAMM0                 00000128   000002d8  00000000  000002d8  RWIX
  RAMM1                 00000400   000003f8  00000200  000001f8  RWIX
  RAMLS0                00008000   00002000  00000713  000018ed  RWIX
  RAMLS1                0000a000   00001ff8  00000000  00001ff8  RWIX
  BEGIN                 00080000   00000002  00000002  00000000  RWIX
  FLASH_BANK0_SEC_0_7   00080002   00001ffe  000000a0  00001f5e  RWIX
  FLASH_BANK0_SEC_8_15  00082000   00002000  0000151a  00000ae6  RWIX
  FLASH_BANK0_SEC_16_23 00084000   00002000  00000000  00002000  RWIX
  FLASH_BANK0_SEC_24_31 00086000   00002000  00000000  00002000  RWIX
  FLASH_BANK0_SEC_32_39 00088000   00002000  00000120  00001ee0  RWIX
  FLASH_BANK0_SEC_40_47 0008a000   00002000  00000000  00002000  RWIX
  FLASH_BANK0_SEC_48_55 0008c000   00002000  00000000  00002000  RWIX
  FLASH_BANK0_SEC_56_63 0008e000   00002000  00000000  00002000  RWIX
  FLASH_BANK0_SEC_64_71 00090000   00002000  00000000  00002000  RWIX
  FLASH_BANK0_SEC_72_79 00092000   00002000  00000000  00002000  RWIX
  FLASH_BANK0_SEC_80_87 00094000   00002000  00000000  00002000  RWIX
  FLASH_BANK0_SEC_88_95 00096000   00002000  00000000  00002000  RWIX
  FLASH_BANK0_SEC_96_10 00098000   00002000  00000000  00002000  RWIX
  FLASH_BANK0_SEC_104_1 0009a000   00002000  00000000  00002000  RWIX
  FLASH_BANK0_SEC_112_1 0009c000   00002000  00000000  00002000  RWIX
  FLASH_BANK0_SEC_120_1 0009e000   00001ff0  00000000  00001ff0  RWIX
  RESET                 003fffc0   00000002  00000000  00000002  RWIX

PAGE 1:
  ADCARESULT            00000b00   00000018  00000018  00000000  RWIX
  ADCCRESULT            00000b40   00000018  00000018  00000000  RWIX
  CPUTIMER0             00000c00   00000008  00000008  00000000  RWIX
  CPUTIMER1             00000c08   00000008  00000008  00000000  RWIX
  CPUTIMER2             00000c10   00000008  00000008  00000000  RWIX
  PIECTRL               00000ce0   0000001a  0000001a  00000000  RWIX
  PIEVECTTABLE          00000d00   00000200  00000100  00000100  RWIX
  EPWM1                 00004000   00000100  00000100  00000000  RWIX
  EPWM2                 00004100   00000100  00000100  00000000  RWIX
  EPWM3                 00004200   00000100  00000100  00000000  RWIX
  EPWM4                 00004300   00000100  00000100  00000000  RWIX
  EPWM5                 00004400   00000100  00000100  00000000  RWIX
  EPWM6                 00004500   00000100  00000100  00000000  RWIX
  EPWM7                 00004600   00000100  00000100  00000000  RWIX
  EQEP1                 00005100   00000040  00000038  00000008  RWIX
  ECAP1                 00005200   00000020  00000020  00000000  RWIX
  ECAP2                 00005240   00000020  00000020  00000000  RWIX
  CMPSS1                00005500   00000040  0000001b  00000025  RWIX
  CMPSSLITE2            00005540   00000040  0000001b  00000025  RWIX
  CMPSSLITE3            00005580   00000040  0000001b  00000025  RWIX
  CMPSSLITE4            000055c0   00000040  0000001b  00000025  RWIX
  SPIA                  00006100   00000010  00000010  00000000  RWIX
  WD                    00007000   0000002c  0000002b  00000001  RWIX
  NMIINTRUPT            00007060   00000010  0000000c  00000004  RWIX
  XINT                  00007070   0000000c  0000000b  00000001  RWIX
  SCIA                  00007200   00000010  00000010  00000000  RWIX
  SCIB                  00007210   00000010  00000010  00000000  RWIX
  SCIC                  00007220   00000010  00000010  00000000  RWIX
  I2CA                  00007300   00000022  00000022  00000000  RWIX
  I2CB                  00007340   00000022  00000022  00000000  RWIX
  ADCA                  00007400   00000080  00000076  0000000a  RWIX
  ADCC                  00007500   00000080  00000076  0000000a  RWIX
  INPUTXBAR             00007900   00000020  00000020  00000000  RWIX
  XBAR                  00007920   00000020  00000010  00000010  RWIX
  SYNCSOC               00007940   00000006  00000006  00000000  RWIX
  EPWMXBAR              00007a00   00000040  00000040  00000000  RWIX
  OUTPUTXBAR            00007a80   00000040  00000040  00000000  RWIX
  GPIOCTRL              00007c00   00000200  00000200  00000000  RWIX
  GPIODATA              00007f00   00000040  00000040  00000000  RWIX
  GPIODATAREAD          00007f80   00000010  00000010  00000000  RWIX
  CANA                  00048000   00000200  00000164  0000009c  RWIX
  DEVCFG                0005d000   000001ac  0000019c  00000010  RWIX
  CLKCFG                0005d200   00000100  0000003e  000000c2  RWIX
  CPUSYS                0005d300   00000100  000000b0  00000050  RWIX
  SYSSTATUS             0005d400   00000040  00000018  00000028  RWIX
  ANALOGSUBSYS          0005d700   0000012a  0000011a  00000010  RWIX
  DCC0                  0005e700   00000038  0000002c  0000000c  RWIX
  EPG1                  0005ec00   00000050  00000040  00000010  RWIX
  EPG1MUX               0005ecd0   00000010  00000010  00000000  RWIX
  DCSMZ1                0005f000   0000003e  0000003e  00000000  RWIX
  DCSMZ2                0005f080   0000003e  0000002c  00000012  RWIX
  DCSMCOMMON            0005f0c0   00000040  00000028  00000018  RWIX
  MEMCFG                0005f400   000000c0  000000a6  0000001a  RWIX
  ACCESSPROTECTION      0005f500   0000003e  0000002c  00000012  RWIX
  MEMORYERROR           0005f540   00000040  0000003a  00000006  RWIX
  TESTERROR             0005f590   00000010  00000006  0000000a  RWIX
  FLASH0CTRL            0005f800   00000182  00000182  00000000  RWIX
  FLASH0ECC             0005fb00   00000028  00000022  00000006  RWIX
  UID                   00071140   00000010  00000010  00000000  RWIX
  DCSMZ1OTP             00078000   00000020  00000020  00000000  RWIX
  DCSMZ2OTP             00078200   00000020  00000012  0000000e  RWIX


SECTION ALLOCATION MAP

 output                                  attributes/
section   page    origin      length       input sections
--------  ----  ----------  ----------   ----------------
codestart 
*          0    00080000    00000002     
                  00080000    00000002     f280013x_codestartbranch.obj (codestart)

.cinit     0    00080008    0000007d     
                  00080008    00000026     rts2800_fpu32.lib : defs.c.obj (.cinit:__ftable)
                  0008002e    0000001b                       : host_device.c.obj (.cinit:__device)
                  00080049    0000000e                       : host_device.c.obj (.cinit:__stream)
                  00080057    0000000e                       : exit.c.obj (.cinit)
                  00080065    00000005                       : _lock.c.obj (.cinit:__lock)
                  0008006a    00000005                       : _lock.c.obj (.cinit:__unlock)
                  0008006f    00000004                       : add_device.c.obj (.cinit)
                  00080073    00000004                       : defs.c.obj (.cinit)
                  00080077    00000004                       : fopen.c.obj (.cinit)
                  0008007b    00000004                       : memory.c.obj (.cinit)
                  0008007f    00000004                       : open.c.obj (.cinit)
                  00080083    00000002     --HOLE-- [fill = 0]

.reset     0    003fffc0    00000002     DSECT
                  003fffc0    00000002     rts2800_fpu32.lib : boot28.asm.obj (.reset)

.stack     0    00000400    00000200     UNINITIALIZED
                  00000400    00000200     --HOLE--

.pinit     0    00080008    00000000     UNINITIALIZED

.cio       0    00008000    00000120     UNINITIALIZED
                  00008000    00000120     rts2800_fpu32.lib : trgmsg.c.obj (.cio)

.ebss      0    00008120    000001d0     UNINITIALIZED
                  00008120    00000018     f280013x_cputimers.obj (.ebss)
                  00008138    00000008     rts2800_fpu32.lib : hostopen.c.obj (.ebss:_parmbuf)
                  00008140    000000a0                       : defs.c.obj (.ebss:___TI_tmpnams)
                  000081e0    00000006                       : exit.c.obj (.ebss)
                  000081e6    00000004     f280013x_tempsensorconv.obj (.ebss)
                  000081ea    00000004     rts2800_fpu32.lib : memory.c.obj (.ebss)
                  000081ee    00000002                       : _lock.c.obj (.ebss:__lock)
                  000081f0    00000002                       : _lock.c.obj (.ebss:__unlock)
                  000081f2    00000001                       : add_device.c.obj (.ebss)
                  000081f3    00000001                       : defs.c.obj (.ebss)
                  000081f4    00000001                       : fopen.c.obj (.ebss)
                  000081f5    00000001                       : open.c.obj (.ebss)
                  000081f6    0000000a     --HOLE--
                  00008200    00000078                       : defs.c.obj (.ebss:__ftable)
                  00008278    00000008     --HOLE--
                  00008280    00000048                       : host_device.c.obj (.ebss:__device)
                  000082c8    00000028                       : host_device.c.obj (.ebss:__stream)

.esysmem   0    000082f0    00000400     UNINITIALIZED
                  000082f0    00000004     rts2800_fpu32.lib : memory.c.obj (.esysmem)
                  000082f4    000003fc     --HOLE--

.TI.ramfunc 
*          0    00080088    00000023     RUN ADDR = 000086f0
                  00080088    0000001f     f280013x_sysctrl.obj (.TI.ramfunc)
                  000800a7    00000004     f280013x_usdelay.obj (.TI.ramfunc)

AdcaResultRegsFile 
*          1    00000b00    00000018     UNINITIALIZED
                  00000b00    00000018     f280013x_globalvariabledefs.obj (AdcaResultRegsFile)

AdccResultRegsFile 
*          1    00000b40    00000018     UNINITIALIZED
                  00000b40    00000018     f280013x_globalvariabledefs.obj (AdccResultRegsFile)

CpuTimer0RegsFile 
*          1    00000c00    00000008     UNINITIALIZED
                  00000c00    00000008     f280013x_globalvariabledefs.obj (CpuTimer0RegsFile)

CpuTimer1RegsFile 
*          1    00000c08    00000008     UNINITIALIZED
                  00000c08    00000008     f280013x_globalvariabledefs.obj (CpuTimer1RegsFile)

CpuTimer2RegsFile 
*          1    00000c10    00000008     UNINITIALIZED
                  00000c10    00000008     f280013x_globalvariabledefs.obj (CpuTimer2RegsFile)

PieCtrlRegsFile 
*          1    00000ce0    0000001a     UNINITIALIZED
                  00000ce0    0000001a     f280013x_globalvariabledefs.obj (PieCtrlRegsFile)

PieVectTableFile 
*          1    00000d00    00000100     UNINITIALIZED
                  00000d00    00000100     f280013x_globalvariabledefs.obj (PieVectTableFile)

EmuKeyVar 
*          1    00000d00    00000000     UNINITIALIZED

EmuBModeVar 
*          1    00000d00    00000000     UNINITIALIZED

EmuBootPinsVar 
*          1    00000d00    00000000     UNINITIALIZED

FlashCallbackVar 
*          1    00000d00    00000000     UNINITIALIZED

FlashScalingVar 
*          1    00000d00    00000000     UNINITIALIZED

EPwm1RegsFile 
*          1    00004000    00000100     UNINITIALIZED
                  00004000    00000100     f280013x_globalvariabledefs.obj (EPwm1RegsFile)

EPwm2RegsFile 
*          1    00004100    00000100     UNINITIALIZED
                  00004100    00000100     f280013x_globalvariabledefs.obj (EPwm2RegsFile)

EPwm3RegsFile 
*          1    00004200    00000100     UNINITIALIZED
                  00004200    00000100     f280013x_globalvariabledefs.obj (EPwm3RegsFile)

EPwm4RegsFile 
*          1    00004300    00000100     UNINITIALIZED
                  00004300    00000100     f280013x_globalvariabledefs.obj (EPwm4RegsFile)

EPwm5RegsFile 
*          1    00004400    00000100     UNINITIALIZED
                  00004400    00000100     f280013x_globalvariabledefs.obj (EPwm5RegsFile)

EPwm6RegsFile 
*          1    00004500    00000100     UNINITIALIZED
                  00004500    00000100     f280013x_globalvariabledefs.obj (EPwm6RegsFile)

EPwm7RegsFile 
*          1    00004600    00000100     UNINITIALIZED
                  00004600    00000100     f280013x_globalvariabledefs.obj (EPwm7RegsFile)

EQep1RegsFile 
*          1    00005100    00000038     UNINITIALIZED
                  00005100    00000038     f280013x_globalvariabledefs.obj (EQep1RegsFile)

ECap1RegsFile 
*          1    00005200    00000020     UNINITIALIZED
                  00005200    00000020     f280013x_globalvariabledefs.obj (ECap1RegsFile)

ECap2RegsFile 
*          1    00005240    00000020     UNINITIALIZED
                  00005240    00000020     f280013x_globalvariabledefs.obj (ECap2RegsFile)

Cmpss1RegsFile 
*          1    00005500    0000001b     UNINITIALIZED
                  00005500    0000001b     f280013x_globalvariabledefs.obj (Cmpss1RegsFile)

CmpssLite2RegsFile 
*          1    00005540    0000001b     UNINITIALIZED
                  00005540    0000001b     f280013x_globalvariabledefs.obj (CmpssLite2RegsFile)

CmpssLite3RegsFile 
*          1    00005580    0000001b     UNINITIALIZED
                  00005580    0000001b     f280013x_globalvariabledefs.obj (CmpssLite3RegsFile)

CmpssLite4RegsFile 
*          1    000055c0    0000001b     UNINITIALIZED
                  000055c0    0000001b     f280013x_globalvariabledefs.obj (CmpssLite4RegsFile)

SpiaRegsFile 
*          1    00006100    00000010     UNINITIALIZED
                  00006100    00000010     f280013x_globalvariabledefs.obj (SpiaRegsFile)

WdRegsFile 
*          1    00007000    0000002b     UNINITIALIZED
                  00007000    0000002b     f280013x_globalvariabledefs.obj (WdRegsFile)

NmiIntruptRegsFile 
*          1    00007060    0000000c     UNINITIALIZED
                  00007060    0000000c     f280013x_globalvariabledefs.obj (NmiIntruptRegsFile)

XintRegsFile 
*          1    00007070    0000000b     UNINITIALIZED
                  00007070    0000000b     f280013x_globalvariabledefs.obj (XintRegsFile)

SciaRegsFile 
*          1    00007200    00000010     UNINITIALIZED
                  00007200    00000010     f280013x_globalvariabledefs.obj (SciaRegsFile)

ScibRegsFile 
*          1    00007210    00000010     UNINITIALIZED
                  00007210    00000010     f280013x_globalvariabledefs.obj (ScibRegsFile)

ScicRegsFile 
*          1    00007220    00000010     UNINITIALIZED
                  00007220    00000010     f280013x_globalvariabledefs.obj (ScicRegsFile)

I2caRegsFile 
*          1    00007300    00000022     UNINITIALIZED
                  00007300    00000022     f280013x_globalvariabledefs.obj (I2caRegsFile)

I2cbRegsFile 
*          1    00007340    00000022     UNINITIALIZED
                  00007340    00000022     f280013x_globalvariabledefs.obj (I2cbRegsFile)

AdcaRegsFile 
*          1    00007400    00000076     UNINITIALIZED
                  00007400    00000076     f280013x_globalvariabledefs.obj (AdcaRegsFile)

AdccRegsFile 
*          1    00007500    00000076     UNINITIALIZED
                  00007500    00000076     f280013x_globalvariabledefs.obj (AdccRegsFile)

InputXbarRegsFile 
*          1    00007900    00000020     UNINITIALIZED
                  00007900    00000020     f280013x_globalvariabledefs.obj (InputXbarRegsFile)

XbarRegsFile 
*          1    00007920    00000010     UNINITIALIZED
                  00007920    00000010     f280013x_globalvariabledefs.obj (XbarRegsFile)

SyncSocRegsFile 
*          1    00007940    00000006     UNINITIALIZED
                  00007940    00000006     f280013x_globalvariabledefs.obj (SyncSocRegsFile)

EPwmXbarRegsFile 
*          1    00007a00    00000040     UNINITIALIZED
                  00007a00    00000040     f280013x_globalvariabledefs.obj (EPwmXbarRegsFile)

OutputXbarRegsFile 
*          1    00007a80    00000040     UNINITIALIZED
                  00007a80    00000040     f280013x_globalvariabledefs.obj (OutputXbarRegsFile)

GpioCtrlRegsFile 
*          1    00007c00    00000200     UNINITIALIZED
                  00007c00    00000200     f280013x_globalvariabledefs.obj (GpioCtrlRegsFile)

GpioDataRegsFile 
*          1    00007f00    00000040     UNINITIALIZED
                  00007f00    00000040     f280013x_globalvariabledefs.obj (GpioDataRegsFile)

GpioDataReadRegsFile 
*          1    00007f80    00000010     UNINITIALIZED
                  00007f80    00000010     f280013x_globalvariabledefs.obj (GpioDataReadRegsFile)

CanaRegsFile 
*          1    00048000    00000164     UNINITIALIZED
                  00048000    00000164     f280013x_globalvariabledefs.obj (CanaRegsFile)

DevCfgRegsFile 
*          1    0005d000    0000019c     UNINITIALIZED
                  0005d000    0000019c     f280013x_globalvariabledefs.obj (DevCfgRegsFile)

ClkCfgRegsFile 
*          1    0005d200    0000003e     UNINITIALIZED
                  0005d200    0000003e     f280013x_globalvariabledefs.obj (ClkCfgRegsFile)

CpuSysRegsFile 
*          1    0005d300    000000b0     UNINITIALIZED
                  0005d300    000000b0     f280013x_globalvariabledefs.obj (CpuSysRegsFile)

SysStatusRegsFile 
*          1    0005d400    00000018     UNINITIALIZED
                  0005d400    00000018     f280013x_globalvariabledefs.obj (SysStatusRegsFile)

AnalogSubsysRegsFile 
*          1    0005d700    0000011a     UNINITIALIZED
                  0005d700    0000011a     f280013x_globalvariabledefs.obj (AnalogSubsysRegsFile)

Dcc0RegsFile 
*          1    0005e700    0000002c     UNINITIALIZED
                  0005e700    0000002c     f280013x_globalvariabledefs.obj (Dcc0RegsFile)

Epg1RegsFile 
*          1    0005ec00    00000040     UNINITIALIZED
                  0005ec00    00000040     f280013x_globalvariabledefs.obj (Epg1RegsFile)

Epg1MuxRegsFile 
*          1    0005ecd0    00000010     UNINITIALIZED
                  0005ecd0    00000010     f280013x_globalvariabledefs.obj (Epg1MuxRegsFile)

DcsmZ1RegsFile 
*          1    0005f000    0000003e     UNINITIALIZED
                  0005f000    0000003e     f280013x_globalvariabledefs.obj (DcsmZ1RegsFile)

DcsmZ2RegsFile 
*          1    0005f080    0000002c     UNINITIALIZED
                  0005f080    0000002c     f280013x_globalvariabledefs.obj (DcsmZ2RegsFile)

DcsmCommonRegsFile 
*          1    0005f0c0    00000028     UNINITIALIZED
                  0005f0c0    00000028     f280013x_globalvariabledefs.obj (DcsmCommonRegsFile)

MemCfgRegsFile 
*          1    0005f400    000000a6     UNINITIALIZED
                  0005f400    000000a6     f280013x_globalvariabledefs.obj (MemCfgRegsFile)

AccessProtectionRegsFile 
*          1    0005f500    0000002c     UNINITIALIZED
                  0005f500    0000002c     f280013x_globalvariabledefs.obj (AccessProtectionRegsFile)

MemoryErrorRegsFile 
*          1    0005f540    0000003a     UNINITIALIZED
                  0005f540    0000003a     f280013x_globalvariabledefs.obj (MemoryErrorRegsFile)

TestErrorRegsFile 
*          1    0005f590    00000006     UNINITIALIZED
                  0005f590    00000006     f280013x_globalvariabledefs.obj (TestErrorRegsFile)

Flash0CtrlRegsFile 
*          1    0005f800    00000182     UNINITIALIZED
                  0005f800    00000182     f280013x_globalvariabledefs.obj (Flash0CtrlRegsFile)

Flash0EccRegsFile 
*          1    0005fb00    00000022     UNINITIALIZED
                  0005fb00    00000022     f280013x_globalvariabledefs.obj (Flash0EccRegsFile)

UidRegsFile 
*          1    00071140    00000010     UNINITIALIZED
                  00071140    00000010     f280013x_globalvariabledefs.obj (UidRegsFile)

DcsmZ1OtpRegsFile 
*          1    00078000    00000020     UNINITIALIZED
                  00078000    00000020     f280013x_globalvariabledefs.obj (DcsmZ1OtpRegsFile)

DcsmZ2OtpRegsFile 
*          1    00078200    00000012     UNINITIALIZED
                  00078200    00000012     f280013x_globalvariabledefs.obj (DcsmZ2OtpRegsFile)

.text      0    00082000    0000151a     
                  00082000    000002f3     f280013x_sysctrl.obj (.text)
                  000822f3    000002dd     f280013x_defaultisr.obj (.text:retain)
                  000825d0    0000028c     rts2800_fpu32.lib : memory.c.obj (.text)
                  0008285c    000001e2     f280013x_gpio.obj (.text)
                  00082a3e    00000121     rts2800_fpu32.lib : fopen.c.obj (.text)
                  00082b5f    000000d0     Sci.obj (.text)
                  00082c2f    00000001     rts2800_fpu32.lib : startup.c.obj (.text)
                  00082c30    00000095                       : trgmsg.c.obj (.text)
                  00082cc5    00000088                       : fs_div28.asm.obj (.text)
                  00082d4d    0000007d     main.obj (.text)
                  00082dca    0000007c     f280013x_cputimers.obj (.text)
                  00082e46    0000007c     rts2800_fpu32.lib : setvbuf.c.obj (.text)
                  00082ec2    00000073                       : fflush.c.obj (.text)
                  00082f35    00000071                       : open.c.obj (.text)
                  00082fa6    0000006d                       : add_device.c.obj (.text)
                  00083013    0000005d                       : fclose.c.obj (.text)
                  00083070    0000005b                       : hostlseek.c.obj (.text)
                  000830cb    00000056                       : boot28.asm.obj (.text)
                  00083121    00000051                       : getdevice.c.obj (.text)
                  00083172    0000004f     Spi.obj (.text)
                  000831c1    0000003e     rts2800_fpu32.lib : hostrename.c.obj (.text)
                  000831ff    00000038                       : hostopen.c.obj (.text)
                  00083237    00000037                       : hostwrite.c.obj (.text)
                  0008326e    00000036                       : hostread.c.obj (.text)
                  000832a4    00000033                       : close.c.obj (.text)
                  000832d7    0000002d     Dac8552.obj (.text)
                  00083304    0000002a     rts2800_fpu32.lib : l_div28.asm.obj (.text)
                  0008332e    00000029                       : exit.c.obj (.text)
                  00083357    00000028     f280013x_piectrl.obj (.text)
                  0008337f    00000027     rts2800_fpu32.lib : hostclose.c.obj (.text)
                  000833a6    00000025     f280013x_pievect.obj (.text)
                  000833cb    00000024     rts2800_fpu32.lib : cpy_tbl.c.obj (.text)
                  000833ef    00000024                       : hostunlink.c.obj (.text)
                  00083413    0000001d                       : memcpy.c.obj (.text)
                  00083430    00000019                       : unlink.c.obj (.text)
                  00083449    00000019                       : write.c.obj (.text)
                  00083462    00000016     Timer0_ISR.obj (.text:retain)
                  00083478    00000016     Timer2_ISR.obj (.text:retain)
                  0008348e    00000015     rts2800_fpu32.lib : strncpy.c.obj (.text)
                  000834a3    00000012     Timer1_ISR.obj (.text:retain)
                  000834b5    00000012     rts2800_fpu32.lib : args_main.c.obj (.text)
                  000834c7    00000010     Gpio.obj (.text)
                  000834d7    0000000c     rts2800_fpu32.lib : strchr.c.obj (.text)
                  000834e3    0000000a                       : strcmp.c.obj (.text)
                  000834ed    00000009                       : _lock.c.obj (.text)
                  000834f6    00000008     f280013x_codestartbranch.obj (.text)
                  000834fe    00000008     rts2800_fpu32.lib : strlen.c.obj (.text)
                  00083506    00000007                       : memset.c.obj (.text)
                  0008350d    00000005                       : strcpy.c.obj (.text)
                  00083512    00000003     f280013x_dbgier.obj (.text)
                  00083515    00000003     rts2800_fpu32.lib : remove.c.obj (.text)
                  00083518    00000002                       : pre_init.c.obj (.text)

.econst    0    00088000    00000120     
                  00088000    00000100     f280013x_pievect.obj (.econst:_PieVectTableInit)
                  00088100    00000020     Sci.obj (.econst:.string)

MODULE SUMMARY

       Module                            code   initialized data   uninitialized data
       ------                            ----   ----------------   ------------------
    .\
       main.obj                          125    0                  0                 
    +--+---------------------------------+------+------------------+--------------------+
       Total:                            125    0                  0                 
                                                                                     
    .\App\
       Dac8552.obj                       45     0                  0                 
    +--+---------------------------------+------+------------------+--------------------+
       Total:                            45     0                  0                 
                                                                                     
    .\Peripheral\
       Sci.obj                           208    32                 0                 
       Spi.obj                           79     0                  0                 
       Gpio.obj                          16     0                  0                 
    +--+---------------------------------+------+------------------+--------------------+
       Total:                            303    32                 0                 
                                                                                     
    .\User\
       Timer0_ISR.obj                    22     0                  0                 
       Timer2_ISR.obj                    22     0                  0                 
       Timer1_ISR.obj                    18     0                  0                 
    +--+---------------------------------+------+------------------+--------------------+
       Total:                            62     0                  0                 
                                                                                     
    .\common\source\
       f280013x_sysctrl.obj              817    0                  0                 
       f280013x_defaultisr.obj           733    0                  0                 
       f280013x_gpio.obj                 482    0                  0                 
       f280013x_pievect.obj              37     256                0                 
       f280013x_cputimers.obj            124    0                  24                
       f280013x_piectrl.obj              40     0                  0                 
       f280013x_codestartbranch.obj      10     0                  0                 
       f280013x_usdelay.obj              8      0                  0                 
       f280013x_tempsensorconv.obj       0      0                  4                 
       f280013x_dbgier.obj               3      0                  0                 
    +--+---------------------------------+------+------------------+--------------------+
       Total:                            2254   256                28                
                                                                                     
    .\headers\source\
       f280013x_globalvariabledefs.obj   0      0                  5924              
    +--+---------------------------------+------+------------------+--------------------+
       Total:                            0      0                  5924              
                                                                                     
    D:\ti\ccs1281\ccs\tools\compiler\ti-cgt-c2000_22.6.1.LTS\lib\rts2800_fpu32.lib
       memory.c.obj                      652    4                  4                 
       trgmsg.c.obj                      149    0                  288               
       defs.c.obj                        0      42                 281               
       fopen.c.obj                       289    4                  1                 
       host_device.c.obj                 0      41                 112               
       fs_div28.asm.obj                  136    0                  0                 
       setvbuf.c.obj                     124    0                  0                 
       open.c.obj                        113    4                  1                 
       fflush.c.obj                      115    0                  0                 
       add_device.c.obj                  109    4                  1                 
       fclose.c.obj                      93     0                  0                 
       hostlseek.c.obj                   91     0                  0                 
       boot28.asm.obj                    86     0                  0                 
       getdevice.c.obj                   81     0                  0                 
       hostopen.c.obj                    56     0                  8                 
       hostrename.c.obj                  62     0                  0                 
       exit.c.obj                        41     14                 6                 
       hostwrite.c.obj                   55     0                  0                 
       hostread.c.obj                    54     0                  0                 
       close.c.obj                       51     0                  0                 
       l_div28.asm.obj                   42     0                  0                 
       hostclose.c.obj                   39     0                  0                 
       cpy_tbl.c.obj                     36     0                  0                 
       hostunlink.c.obj                  36     0                  0                 
       memcpy.c.obj                      29     0                  0                 
       unlink.c.obj                      25     0                  0                 
       write.c.obj                       25     0                  0                 
       _lock.c.obj                       9      10                 4                 
       strncpy.c.obj                     21     0                  0                 
       args_main.c.obj                   18     0                  0                 
       strchr.c.obj                      12     0                  0                 
       strcmp.c.obj                      10     0                  0                 
       strlen.c.obj                      8      0                  0                 
       memset.c.obj                      7      0                  0                 
       strcpy.c.obj                      5      0                  0                 
       remove.c.obj                      3      0                  0                 
       pre_init.c.obj                    2      0                  0                 
       startup.c.obj                     1      0                  0                 
    +--+---------------------------------+------+------------------+--------------------+
       Total:                            2685   123                706               
                                                                                     
       Heap:                             0      0                  1024              
       Stack:                            0      0                  512               
    +--+---------------------------------+------+------------------+--------------------+
       Grand Total:                      5474   411                8194              


GLOBAL DATA SYMBOLS: SORTED BY DATA PAGE

address     data page           name
--------    ----------------    ----
00000400      10 (00000400)     __stack

00000b00      2c (00000b00)     _AdcaResultRegs

00000b40      2d (00000b40)     _AdccResultRegs

00000c00      30 (00000c00)     _CpuTimer0Regs
00000c08      30 (00000c00)     _CpuTimer1Regs
00000c10      30 (00000c00)     _CpuTimer2Regs

00000ce0      33 (00000cc0)     _PieCtrlRegs

00000d00      34 (00000d00)     _PieVectTable

00004000     100 (00004000)     _EPwm1Regs

00004100     104 (00004100)     _EPwm2Regs

00004200     108 (00004200)     _EPwm3Regs

00004300     10c (00004300)     _EPwm4Regs

00004400     110 (00004400)     _EPwm5Regs

00004500     114 (00004500)     _EPwm6Regs

00004600     118 (00004600)     _EPwm7Regs

00005100     144 (00005100)     _EQep1Regs

00005200     148 (00005200)     _ECap1Regs

00005240     149 (00005240)     _ECap2Regs

00005500     154 (00005500)     _Cmpss1Regs

00005540     155 (00005540)     _CmpssLite2Regs

00005580     156 (00005580)     _CmpssLite3Regs

000055c0     157 (000055c0)     _CmpssLite4Regs

00006100     184 (00006100)     _SpiaRegs

00007000     1c0 (00007000)     _WdRegs

00007060     1c1 (00007040)     _NmiIntruptRegs
00007070     1c1 (00007040)     _XintRegs

00007200     1c8 (00007200)     _SciaRegs
00007210     1c8 (00007200)     _ScibRegs
00007220     1c8 (00007200)     _ScicRegs

00007300     1cc (00007300)     _I2caRegs

00007340     1cd (00007340)     _I2cbRegs

00007400     1d0 (00007400)     _AdcaRegs

00007500     1d4 (00007500)     _AdccRegs

00007900     1e4 (00007900)     _InputXbarRegs
00007920     1e4 (00007900)     _XbarRegs

00007940     1e5 (00007940)     _SyncSocRegs

00007a00     1e8 (00007a00)     _EPwmXbarRegs

00007a80     1ea (00007a80)     _OutputXbarRegs

00007c00     1f0 (00007c00)     _GpioCtrlRegs

00007f00     1fc (00007f00)     _GpioDataRegs

00007f80     1fe (00007f80)     _GpioDataReadRegs

00008000     200 (00008000)     __CIOBUF_

00008120     204 (00008100)     _CpuTimer0
00008128     204 (00008100)     _CpuTimer1
00008130     204 (00008100)     _CpuTimer2
00008138     204 (00008100)     _parmbuf

00008140     205 (00008140)     ___TI_tmpnams

000081e0     207 (000081c0)     ___TI_enable_exit_profile_output
000081e2     207 (000081c0)     ___TI_cleanup_ptr
000081e4     207 (000081c0)     ___TI_dtors_ptr
000081e6     207 (000081c0)     _tempSensor_tempSlope
000081e7     207 (000081c0)     _tempSensor_tempOffset
000081e8     207 (000081c0)     _tempSensor_scaleFactor
000081ee     207 (000081c0)     __lock
000081f0     207 (000081c0)     __unlock
000081f3     207 (000081c0)     ___TI_ft_end

00008200     208 (00008200)     __ftable

00008280     20a (00008280)     __device

000082c8     20b (000082c0)     __stream
000082f0     20b (000082c0)     __sys_memory

00048000    1200 (00048000)     _CanaRegs

0005d000    1740 (0005d000)     _DevCfgRegs

0005d200    1748 (0005d200)     _ClkCfgRegs

0005d300    174c (0005d300)     _CpuSysRegs

0005d400    1750 (0005d400)     _SysStatusRegs

0005d700    175c (0005d700)     _AnalogSubsysRegs

0005e700    179c (0005e700)     _Dcc0Regs

0005ec00    17b0 (0005ec00)     _Epg1Regs

0005ecd0    17b3 (0005ecc0)     _Epg1MuxRegs

0005f000    17c0 (0005f000)     _DcsmZ1Regs

0005f080    17c2 (0005f080)     _DcsmZ2Regs

0005f0c0    17c3 (0005f0c0)     _DcsmCommonRegs

0005f400    17d0 (0005f400)     _MemCfgRegs

0005f500    17d4 (0005f500)     _AccessProtectionRegs

0005f540    17d5 (0005f540)     _MemoryErrorRegs

0005f590    17d6 (0005f580)     _TestErrorRegs

0005f800    17e0 (0005f800)     _Flash0CtrlRegs

0005fb00    17ec (0005fb00)     _Flash0EccRegs

00071140    1c45 (00071140)     _UidRegs

00078000    1e00 (00078000)     _DcsmZ1OtpRegs

00078200    1e08 (00078200)     _DcsmZ2OtpRegs

00088000    2200 (00088000)     _PieVectTableInit


GLOBAL SYMBOLS: SORTED ALPHABETICALLY BY Name 

page  address   name                            
----  -------   ----                            
abs   ffffffff  .text                           
0     0008332e  C$$EXIT                         
0     00082c83  C$$IO$$                         
0     00082cc5  FS$$DIV                         
0     00083304  L$$DIV                          
0     00083313  L$$MOD                          
0     00083321  UL$$DIV                         
0     00083328  UL$$MOD                         
0     000823b1  _ADCA1_ISR                      
0     00082541  _ADCA2_ISR                      
0     0008254b  _ADCA3_ISR                      
0     00082555  _ADCA4_ISR                      
0     00082537  _ADCA_EVT_ISR                   
0     000823bb  _ADCC1_ISR                      
0     00082569  _ADCC2_ISR                      
0     00082573  _ADCC3_ISR                      
0     0008257d  _ADCC4_ISR                      
0     0008255f  _ADCC_EVT_ISR                   
1     0005f500  _AccessProtectionRegs           
1     00007400  _AdcaRegs                       
1     00000b00  _AdcaResultRegs                 
1     00007500  _AdccRegs                       
1     00000b40  _AdccResultRegs                 
1     0005d700  _AnalogSubsysRegs               
0     00082523  _CANA0_ISR                      
0     0008252d  _CANA1_ISR                      
1     00048000  _CanaRegs                       
1     0005d200  _ClkCfgRegs                     
1     00005500  _Cmpss1Regs                     
1     00005540  _CmpssLite2Regs                 
1     00005580  _CmpssLite3Regs                 
1     000055c0  _CmpssLite4Regs                 
0     00082283  _ComputeCntrSeedValue           
0     00082e0b  _ConfigCpuTimer                 
1     0005d300  _CpuSysRegs                     
0     00008120  _CpuTimer0                      
1     00000c00  _CpuTimer0Regs                  
0     00008128  _CpuTimer1                      
1     00000c08  _CpuTimer1Regs                  
0     00008130  _CpuTimer2                      
1     00000c10  _CpuTimer2Regs                  
0     000832d7  _DAC8552_Set_Channel_A          
0     000832e4  _DAC8552_Set_Channel_B          
0     00082307  _DATALOG_ISR                    
0     000824b5  _DCC0_ISR                       
0     000832f1  _Dac8552Init                    
1     0005e700  _Dcc0Regs                       
1     0005f0c0  _DcsmCommonRegs                 
1     00078000  _DcsmZ1OtpRegs                  
1     0005f000  _DcsmZ1Regs                     
1     00078200  _DcsmZ2OtpRegs                  
1     0005f080  _DcsmZ2Regs                     
1     0005d000  _DevCfgRegs                     
0     00082081  _DisableDog                     
0     00082060  _DisablePeripheralClocks        
0     00082483  _ECAP1_ISR                      
0     0008248d  _ECAP2_ISR                      
1     00005200  _ECap1Regs                      
1     00005240  _ECap2Regs                      
0     000825b9  _EMPTY_ISR                      
0     0008231b  _EMU_ISR                        
0     0008243d  _EPWM1_ISR                      
0     000823f7  _EPWM1_TZ_ISR                   
0     00082447  _EPWM2_ISR                      
0     00082401  _EPWM2_TZ_ISR                   
0     00082451  _EPWM3_ISR                      
0     0008240b  _EPWM3_TZ_ISR                   
0     0008245b  _EPWM4_ISR                      
0     00082415  _EPWM4_TZ_ISR                   
0     00082465  _EPWM5_ISR                      
0     0008241f  _EPWM5_TZ_ISR                   
0     0008246f  _EPWM6_ISR                      
0     00082429  _EPWM6_TZ_ISR                   
0     00082479  _EPWM7_ISR                      
0     00082433  _EPWM7_TZ_ISR                   
1     00004000  _EPwm1Regs                      
1     00004100  _EPwm2Regs                      
1     00004200  _EPwm3Regs                      
1     00004300  _EPwm4Regs                      
1     00004400  _EPwm5Regs                      
1     00004500  _EPwm6Regs                      
1     00004600  _EPwm7Regs                      
1     00007a00  _EPwmXbarRegs                   
0     00082497  _EQEP1_ISR                      
1     00005100  _EQep1Regs                      
0     00083376  _EnableInterrupts               
1     0005ecd0  _Epg1MuxRegs                    
1     0005ec00  _Epg1Regs                       
0     0000870f  _F28x_usDelay                   
0     000825a5  _FLSS_ISR                       
1     0005f800  _Flash0CtrlRegs                 
1     0005fb00  _Flash0EccRegs                  
0     00082a09  _GPIO_ReadPin                   
0     000829b4  _GPIO_SetupLock                 
0     00082899  _GPIO_SetupPinMux               
0     00082922  _GPIO_SetupPinOptions           
0     000829dc  _GPIO_SetupXINT1Gpio            
0     000829e5  _GPIO_SetupXINT2Gpio            
0     000829ee  _GPIO_SetupXINT3Gpio            
0     000829f7  _GPIO_SetupXINT4Gpio            
0     00082a00  _GPIO_SetupXINT5Gpio            
0     00082a20  _GPIO_WritePin                  
1     00007c00  _GpioCtrlRegs                   
1     00007f80  _GpioDataReadRegs               
1     00007f00  _GpioDataRegs                   
0     000834c7  _GpioInit                       
0     000821dd  _HALT                           
0     0008337f  _HOSTclose                      
0     00083070  _HOSTlseek                      
0     000831ff  _HOSTopen                       
0     0008326e  _HOSTread                       
0     000831c1  _HOSTrename                     
0     000833ef  _HOSTunlink                     
0     00083237  _HOSTwrite                      
0     000824c9  _I2CA_FIFO_ISR                  
0     000824bf  _I2CA_ISR                       
0     000824dd  _I2CB_FIFO_ISR                  
0     000824d3  _I2CB_ISR                       
1     00007300  _I2caRegs                       
1     00007340  _I2cbRegs                       
0     000821d4  _IDLE                           
0     0008232f  _ILLEGAL_ISR                    
0     00082dca  _InitCpuTimers                  
0     000086f0  _InitFlash                      
0     0008285c  _InitGpio                       
0     0008201d  _InitPeripheralClocks           
0     00083357  _InitPieCtrl                    
0     000833a6  _InitPieVectTable               
0     00082000  _InitSysCtrl                    
0     0008208e  _InitSysPll                     
1     00007900  _InputXbarRegs                  
0     000821ee  _IsPLLValid                     
1     0005f400  _MemCfgRegs                     
1     0005f540  _MemoryErrorRegs                
0     00082325  _NMI_ISR                        
0     000825c6  _NOTUSED_ISR                    
1     00007060  _NmiIntruptRegs                 
1     00007a80  _OutputXbarRegs                 
0     000825af  _PIE_RESERVED_ISR               
1     00000ce0  _PieCtrlRegs                    
1     00000d00  _PieVectTable                   
0     00088000  _PieVectTableInit               
0     00082311  _RTOS_ISR                       
0     000800ab  _RamfuncsLoadEnd                
abs   00000023  _RamfuncsLoadSize               
0     00080088  _RamfuncsLoadStart              
0     00008713  _RamfuncsRunEnd                 
abs   00000023  _RamfuncsRunSize                
0     000086f0  _RamfuncsRunStart               
0     000824fb  _SCIA_RX_ISR                    
0     00082505  _SCIA_TX_ISR                    
0     0008250f  _SCIB_RX_ISR                    
0     00082519  _SCIB_TX_ISR                    
0     000824e7  _SCIC_RX_ISR                    
0     000824f1  _SCIC_TX_ISR                    
0     000824a1  _SPIA_RX_ISR                    
0     000824ab  _SPIA_TX_ISR                    
0     000823d9  _SYS_ERR_ISR                    
0     00082b5f  _SciaInit                       
1     00007200  _SciaRegs                       
1     00007210  _ScibRegs                       
1     00007220  _ScicRegs                       
0     00082074  _ServiceDog                     
0     00083512  _SetDBGIER                      
0     00083172  _SpiInit                        
1     00006100  _SpiaRegs                       
1     00007940  _SyncSocRegs                    
0     00082174  _SysIntOsc1Sel                  
0     0008217d  _SysIntOsc2Sel                  
1     0005d400  _SysStatusRegs                  
0     000821bf  _SysXtalOscSESel                
0     0008219f  _SysXtalOscSel                  
0     000823e3  _TIMER0_ISR                     
0     000822f3  _TIMER1_ISR                     
0     000822fd  _TIMER2_ISR                     
1     0005f590  _TestErrorRegs                  
0     00082393  _USER10_ISR                     
0     0008239d  _USER11_ISR                     
0     000823a7  _USER12_ISR                     
0     00082339  _USER1_ISR                      
0     00082343  _USER2_ISR                      
0     0008234d  _USER3_ISR                      
0     00082357  _USER4_ISR                      
0     00082361  _USER5_ISR                      
0     0008236b  _USER6_ISR                      
0     00082375  _USER7_ISR                      
0     0008237f  _USER8_ISR                      
0     00082389  _USER9_ISR                      
1     00071140  _UidRegs                        
0     000823ed  _WAKE_ISR                       
1     00007000  _WdRegs                         
0     000823c5  _XINT1_ISR                      
0     000823cf  _XINT2_ISR                      
0     00082587  _XINT3_ISR                      
0     00082591  _XINT4_ISR                      
0     0008259b  _XINT5_ISR                      
1     00007920  _XbarRegs                       
1     00007070  _XintRegs                       
0     00008000  __CIOBUF_                       
0     00000600  __STACK_END                     
abs   00000200  __STACK_SIZE                    
abs   00000400  __SYSMEM_SIZE                   
0     00082add  ___TI_cleanup                   
0     000081e2  ___TI_cleanup_ptr               
0     00083013  ___TI_closefile                 
0     00082ec2  ___TI_doflush                   
0     000081e4  ___TI_dtors_ptr                 
0     000081e0  ___TI_enable_exit_profile_output
0     000081f3  ___TI_ft_end                    
0     0008285a  ___TI_heap_check                
0     0008283d  ___TI_heap_largest_available    
0     00082820  ___TI_heap_total_available      
abs   ffffffff  ___TI_pprof_out_hndl            
abs   ffffffff  ___TI_prof_data_size            
abs   ffffffff  ___TI_prof_data_start           
0     00082c88  ___TI_readmsg                   
0     00008140  ___TI_tmpnams                   
0     00082c30  ___TI_writemsg                  
abs   ffffffff  ___binit__                      
abs   ffffffff  ___c_args__                     
0     00080008  ___cinit__                      
abs   ffffffff  ___etext__                      
abs   ffffffff  ___pinit__                      
abs   ffffffff  ___text__                       
0     000834b5  __args_main                     
0     00008280  __device                        
0     00008200  __ftable                        
0     000081ee  __lock                          
0     000834f5  __nop                           
0     000834f1  __register_lock                 
0     000834ed  __register_unlock               
0     00000400  __stack                         
0     000082c8  __stream                        
0     000082f0  __sys_memory                    
0     00082c2f  __system_post_cinit             
0     00083518  __system_pre_init               
0     000081f0  __unlock                        
0     0008332e  _abort                          
0     00082fa6  _add_device                     
0     0008277a  _aligned_alloc                  
0     000830cb  _c_int00                        
0     0008274d  _calloc                         
0     000832a4  _close                          
0     000833cb  _copy_in                        
0     00083462  _cpuTimer0ISR                   
0     000834a3  _cpuTimer1ISR                   
0     00083478  _cpuTimer2ISR                   
0     00083330  _exit                           
0     00083057  _fclose                         
0     00082ef1  _fflush                         
0     00083121  _finddevice                     
0     00082b18  _fopen                          
0     000825fb  _free                           
0     00082afa  _freopen                        
0     0008313c  _getdevice                      
0     00082b84  _initSCIAEchoback               
0     00082bb5  _initSCIAFIFO                   
0     00082d4d  _main                           
0     000825d0  _malloc                         
0     0008277a  _memalign                       
0     00083413  _memcpy                         
0     00083506  _memset                         
0     00082749  _minit                          
0     00082bf5  _my_close                       
0     00082c1d  _my_lseek                       
0     00082bee  _my_open                        
0     00082bfa  _my_read                        
0     00082c29  _my_rename                      
0     00082c24  _my_unlink                      
0     00082c01  _my_write                       
0     00082f35  _open                           
0     00082bbd  _open_uart_debug                
0     00008138  _parmbuf                        
0     000826c5  _realloc                        
0     00083515  _remove                         
0     00082e46  _setvbuf                        
0     000834d7  _strchr                         
0     000834e3  _strcmp                         
0     0008350d  _strcpy                         
0     000834fe  _strlen                         
0     0008348e  _strncpy                        
0     000081e8  _tempSensor_scaleFactor         
0     000081e7  _tempSensor_tempOffset          
0     000081e6  _tempSensor_tempSlope           
0     000831ba  _transmitData                   
0     00082b96  _transmitSCIAChar               
0     00082ba2  _transmitSCIAMessage            
0     00083430  _unlink                         
0     00083449  _write                          
abs   ffffffff  binit                           
0     00080008  cinit                           
0     00080000  code_start                      
abs   ffffffff  etext                           
abs   ffffffff  pinit                           


GLOBAL SYMBOLS: SORTED BY Symbol Address 

page  address   name                            
----  -------   ----                            
0     00000400  __stack                         
0     00000600  __STACK_END                     
0     00008000  __CIOBUF_                       
0     00008120  _CpuTimer0                      
0     00008128  _CpuTimer1                      
0     00008130  _CpuTimer2                      
0     00008138  _parmbuf                        
0     00008140  ___TI_tmpnams                   
0     000081e0  ___TI_enable_exit_profile_output
0     000081e2  ___TI_cleanup_ptr               
0     000081e4  ___TI_dtors_ptr                 
0     000081e6  _tempSensor_tempSlope           
0     000081e7  _tempSensor_tempOffset          
0     000081e8  _tempSensor_scaleFactor         
0     000081ee  __lock                          
0     000081f0  __unlock                        
0     000081f3  ___TI_ft_end                    
0     00008200  __ftable                        
0     00008280  __device                        
0     000082c8  __stream                        
0     000082f0  __sys_memory                    
0     000086f0  _InitFlash                      
0     000086f0  _RamfuncsRunStart               
0     0000870f  _F28x_usDelay                   
0     00008713  _RamfuncsRunEnd                 
0     00080000  code_start                      
0     00080008  ___cinit__                      
0     00080008  cinit                           
0     00080088  _RamfuncsLoadStart              
0     000800ab  _RamfuncsLoadEnd                
0     00082000  _InitSysCtrl                    
0     0008201d  _InitPeripheralClocks           
0     00082060  _DisablePeripheralClocks        
0     00082074  _ServiceDog                     
0     00082081  _DisableDog                     
0     0008208e  _InitSysPll                     
0     00082174  _SysIntOsc1Sel                  
0     0008217d  _SysIntOsc2Sel                  
0     0008219f  _SysXtalOscSel                  
0     000821bf  _SysXtalOscSESel                
0     000821d4  _IDLE                           
0     000821dd  _HALT                           
0     000821ee  _IsPLLValid                     
0     00082283  _ComputeCntrSeedValue           
0     000822f3  _TIMER1_ISR                     
0     000822fd  _TIMER2_ISR                     
0     00082307  _DATALOG_ISR                    
0     00082311  _RTOS_ISR                       
0     0008231b  _EMU_ISR                        
0     00082325  _NMI_ISR                        
0     0008232f  _ILLEGAL_ISR                    
0     00082339  _USER1_ISR                      
0     00082343  _USER2_ISR                      
0     0008234d  _USER3_ISR                      
0     00082357  _USER4_ISR                      
0     00082361  _USER5_ISR                      
0     0008236b  _USER6_ISR                      
0     00082375  _USER7_ISR                      
0     0008237f  _USER8_ISR                      
0     00082389  _USER9_ISR                      
0     00082393  _USER10_ISR                     
0     0008239d  _USER11_ISR                     
0     000823a7  _USER12_ISR                     
0     000823b1  _ADCA1_ISR                      
0     000823bb  _ADCC1_ISR                      
0     000823c5  _XINT1_ISR                      
0     000823cf  _XINT2_ISR                      
0     000823d9  _SYS_ERR_ISR                    
0     000823e3  _TIMER0_ISR                     
0     000823ed  _WAKE_ISR                       
0     000823f7  _EPWM1_TZ_ISR                   
0     00082401  _EPWM2_TZ_ISR                   
0     0008240b  _EPWM3_TZ_ISR                   
0     00082415  _EPWM4_TZ_ISR                   
0     0008241f  _EPWM5_TZ_ISR                   
0     00082429  _EPWM6_TZ_ISR                   
0     00082433  _EPWM7_TZ_ISR                   
0     0008243d  _EPWM1_ISR                      
0     00082447  _EPWM2_ISR                      
0     00082451  _EPWM3_ISR                      
0     0008245b  _EPWM4_ISR                      
0     00082465  _EPWM5_ISR                      
0     0008246f  _EPWM6_ISR                      
0     00082479  _EPWM7_ISR                      
0     00082483  _ECAP1_ISR                      
0     0008248d  _ECAP2_ISR                      
0     00082497  _EQEP1_ISR                      
0     000824a1  _SPIA_RX_ISR                    
0     000824ab  _SPIA_TX_ISR                    
0     000824b5  _DCC0_ISR                       
0     000824bf  _I2CA_ISR                       
0     000824c9  _I2CA_FIFO_ISR                  
0     000824d3  _I2CB_ISR                       
0     000824dd  _I2CB_FIFO_ISR                  
0     000824e7  _SCIC_RX_ISR                    
0     000824f1  _SCIC_TX_ISR                    
0     000824fb  _SCIA_RX_ISR                    
0     00082505  _SCIA_TX_ISR                    
0     0008250f  _SCIB_RX_ISR                    
0     00082519  _SCIB_TX_ISR                    
0     00082523  _CANA0_ISR                      
0     0008252d  _CANA1_ISR                      
0     00082537  _ADCA_EVT_ISR                   
0     00082541  _ADCA2_ISR                      
0     0008254b  _ADCA3_ISR                      
0     00082555  _ADCA4_ISR                      
0     0008255f  _ADCC_EVT_ISR                   
0     00082569  _ADCC2_ISR                      
0     00082573  _ADCC3_ISR                      
0     0008257d  _ADCC4_ISR                      
0     00082587  _XINT3_ISR                      
0     00082591  _XINT4_ISR                      
0     0008259b  _XINT5_ISR                      
0     000825a5  _FLSS_ISR                       
0     000825af  _PIE_RESERVED_ISR               
0     000825b9  _EMPTY_ISR                      
0     000825c6  _NOTUSED_ISR                    
0     000825d0  _malloc                         
0     000825fb  _free                           
0     000826c5  _realloc                        
0     00082749  _minit                          
0     0008274d  _calloc                         
0     0008277a  _aligned_alloc                  
0     0008277a  _memalign                       
0     00082820  ___TI_heap_total_available      
0     0008283d  ___TI_heap_largest_available    
0     0008285a  ___TI_heap_check                
0     0008285c  _InitGpio                       
0     00082899  _GPIO_SetupPinMux               
0     00082922  _GPIO_SetupPinOptions           
0     000829b4  _GPIO_SetupLock                 
0     000829dc  _GPIO_SetupXINT1Gpio            
0     000829e5  _GPIO_SetupXINT2Gpio            
0     000829ee  _GPIO_SetupXINT3Gpio            
0     000829f7  _GPIO_SetupXINT4Gpio            
0     00082a00  _GPIO_SetupXINT5Gpio            
0     00082a09  _GPIO_ReadPin                   
0     00082a20  _GPIO_WritePin                  
0     00082add  ___TI_cleanup                   
0     00082afa  _freopen                        
0     00082b18  _fopen                          
0     00082b5f  _SciaInit                       
0     00082b84  _initSCIAEchoback               
0     00082b96  _transmitSCIAChar               
0     00082ba2  _transmitSCIAMessage            
0     00082bb5  _initSCIAFIFO                   
0     00082bbd  _open_uart_debug                
0     00082bee  _my_open                        
0     00082bf5  _my_close                       
0     00082bfa  _my_read                        
0     00082c01  _my_write                       
0     00082c1d  _my_lseek                       
0     00082c24  _my_unlink                      
0     00082c29  _my_rename                      
0     00082c2f  __system_post_cinit             
0     00082c30  ___TI_writemsg                  
0     00082c83  C$$IO$$                         
0     00082c88  ___TI_readmsg                   
0     00082cc5  FS$$DIV                         
0     00082d4d  _main                           
0     00082dca  _InitCpuTimers                  
0     00082e0b  _ConfigCpuTimer                 
0     00082e46  _setvbuf                        
0     00082ec2  ___TI_doflush                   
0     00082ef1  _fflush                         
0     00082f35  _open                           
0     00082fa6  _add_device                     
0     00083013  ___TI_closefile                 
0     00083057  _fclose                         
0     00083070  _HOSTlseek                      
0     000830cb  _c_int00                        
0     00083121  _finddevice                     
0     0008313c  _getdevice                      
0     00083172  _SpiInit                        
0     000831ba  _transmitData                   
0     000831c1  _HOSTrename                     
0     000831ff  _HOSTopen                       
0     00083237  _HOSTwrite                      
0     0008326e  _HOSTread                       
0     000832a4  _close                          
0     000832d7  _DAC8552_Set_Channel_A          
0     000832e4  _DAC8552_Set_Channel_B          
0     000832f1  _Dac8552Init                    
0     00083304  L$$DIV                          
0     00083313  L$$MOD                          
0     00083321  UL$$DIV                         
0     00083328  UL$$MOD                         
0     0008332e  C$$EXIT                         
0     0008332e  _abort                          
0     00083330  _exit                           
0     00083357  _InitPieCtrl                    
0     00083376  _EnableInterrupts               
0     0008337f  _HOSTclose                      
0     000833a6  _InitPieVectTable               
0     000833cb  _copy_in                        
0     000833ef  _HOSTunlink                     
0     00083413  _memcpy                         
0     00083430  _unlink                         
0     00083449  _write                          
0     00083462  _cpuTimer0ISR                   
0     00083478  _cpuTimer2ISR                   
0     0008348e  _strncpy                        
0     000834a3  _cpuTimer1ISR                   
0     000834b5  __args_main                     
0     000834c7  _GpioInit                       
0     000834d7  _strchr                         
0     000834e3  _strcmp                         
0     000834ed  __register_unlock               
0     000834f1  __register_lock                 
0     000834f5  __nop                           
0     000834fe  _strlen                         
0     00083506  _memset                         
0     0008350d  _strcpy                         
0     00083512  _SetDBGIER                      
0     00083515  _remove                         
0     00083518  __system_pre_init               
0     00088000  _PieVectTableInit               
1     00000b00  _AdcaResultRegs                 
1     00000b40  _AdccResultRegs                 
1     00000c00  _CpuTimer0Regs                  
1     00000c08  _CpuTimer1Regs                  
1     00000c10  _CpuTimer2Regs                  
1     00000ce0  _PieCtrlRegs                    
1     00000d00  _PieVectTable                   
1     00004000  _EPwm1Regs                      
1     00004100  _EPwm2Regs                      
1     00004200  _EPwm3Regs                      
1     00004300  _EPwm4Regs                      
1     00004400  _EPwm5Regs                      
1     00004500  _EPwm6Regs                      
1     00004600  _EPwm7Regs                      
1     00005100  _EQep1Regs                      
1     00005200  _ECap1Regs                      
1     00005240  _ECap2Regs                      
1     00005500  _Cmpss1Regs                     
1     00005540  _CmpssLite2Regs                 
1     00005580  _CmpssLite3Regs                 
1     000055c0  _CmpssLite4Regs                 
1     00006100  _SpiaRegs                       
1     00007000  _WdRegs                         
1     00007060  _NmiIntruptRegs                 
1     00007070  _XintRegs                       
1     00007200  _SciaRegs                       
1     00007210  _ScibRegs                       
1     00007220  _ScicRegs                       
1     00007300  _I2caRegs                       
1     00007340  _I2cbRegs                       
1     00007400  _AdcaRegs                       
1     00007500  _AdccRegs                       
1     00007900  _InputXbarRegs                  
1     00007920  _XbarRegs                       
1     00007940  _SyncSocRegs                    
1     00007a00  _EPwmXbarRegs                   
1     00007a80  _OutputXbarRegs                 
1     00007c00  _GpioCtrlRegs                   
1     00007f00  _GpioDataRegs                   
1     00007f80  _GpioDataReadRegs               
1     00048000  _CanaRegs                       
1     0005d000  _DevCfgRegs                     
1     0005d200  _ClkCfgRegs                     
1     0005d300  _CpuSysRegs                     
1     0005d400  _SysStatusRegs                  
1     0005d700  _AnalogSubsysRegs               
1     0005e700  _Dcc0Regs                       
1     0005ec00  _Epg1Regs                       
1     0005ecd0  _Epg1MuxRegs                    
1     0005f000  _DcsmZ1Regs                     
1     0005f080  _DcsmZ2Regs                     
1     0005f0c0  _DcsmCommonRegs                 
1     0005f400  _MemCfgRegs                     
1     0005f500  _AccessProtectionRegs           
1     0005f540  _MemoryErrorRegs                
1     0005f590  _TestErrorRegs                  
1     0005f800  _Flash0CtrlRegs                 
1     0005fb00  _Flash0EccRegs                  
1     00071140  _UidRegs                        
1     00078000  _DcsmZ1OtpRegs                  
1     00078200  _DcsmZ2OtpRegs                  
abs   00000023  _RamfuncsLoadSize               
abs   00000023  _RamfuncsRunSize                
abs   00000200  __STACK_SIZE                    
abs   00000400  __SYSMEM_SIZE                   
abs   ffffffff  .text                           
abs   ffffffff  ___TI_pprof_out_hndl            
abs   ffffffff  ___TI_prof_data_size            
abs   ffffffff  ___TI_prof_data_start           
abs   ffffffff  ___binit__                      
abs   ffffffff  ___c_args__                     
abs   ffffffff  ___etext__                      
abs   ffffffff  ___pinit__                      
abs   ffffffff  ___text__                       
abs   ffffffff  binit                           
abs   ffffffff  etext                           
abs   ffffffff  pinit                           

[294 symbols]
