<?xml version="1.0" encoding="ISO-8859-1" ?>
<link_info>
   <banner>TMS320C2000 Linker PC v22.6.1.LTS</banner>
   <copyright>Copyright (c) 1996-2018 Texas Instruments Incorporated</copyright>
   <link_time>0x6814e3ab</link_time>
   <link_errors>0x0</link_errors>
   <output_file>F280013x_Demo04_Usart.out</output_file>
   <entry_point>
      <name>_c_int00</name>
      <address>0x8425b</address>
   </entry_point>
   <input_file_list>
      <input_file id="fl-2">
         <path>.\</path>
         <kind>object</kind>
         <file>main.obj</file>
         <name>main.obj</name>
      </input_file>
      <input_file id="fl-3">
         <path>.\Peripheral\</path>
         <kind>object</kind>
         <file>Gpio.obj</file>
         <name>Gpio.obj</name>
      </input_file>
      <input_file id="fl-4">
         <path>.\Peripheral\</path>
         <kind>object</kind>
         <file>Sci.obj</file>
         <name>Sci.obj</name>
      </input_file>
      <input_file id="fl-5">
         <path>.\Peripheral\</path>
         <kind>object</kind>
         <file>Timer.obj</file>
         <name>Timer.obj</name>
      </input_file>
      <input_file id="fl-6">
         <path>.\User\</path>
         <kind>object</kind>
         <file>Timer0_ISR.obj</file>
         <name>Timer0_ISR.obj</name>
      </input_file>
      <input_file id="fl-7">
         <path>.\User\</path>
         <kind>object</kind>
         <file>Timer1_ISR.obj</file>
         <name>Timer1_ISR.obj</name>
      </input_file>
      <input_file id="fl-8">
         <path>.\User\</path>
         <kind>object</kind>
         <file>Timer2_ISR.obj</file>
         <name>Timer2_ISR.obj</name>
      </input_file>
      <input_file id="fl-9">
         <path>.\common\source\</path>
         <kind>object</kind>
         <file>f280013x_adc.obj</file>
         <name>f280013x_adc.obj</name>
      </input_file>
      <input_file id="fl-a">
         <path>.\common\source\</path>
         <kind>object</kind>
         <file>f280013x_codestartbranch.obj</file>
         <name>f280013x_codestartbranch.obj</name>
      </input_file>
      <input_file id="fl-b">
         <path>.\common\source\</path>
         <kind>object</kind>
         <file>f280013x_cputimers.obj</file>
         <name>f280013x_cputimers.obj</name>
      </input_file>
      <input_file id="fl-c">
         <path>.\common\source\</path>
         <kind>object</kind>
         <file>f280013x_dbgier.obj</file>
         <name>f280013x_dbgier.obj</name>
      </input_file>
      <input_file id="fl-d">
         <path>.\common\source\</path>
         <kind>object</kind>
         <file>f280013x_defaultisr.obj</file>
         <name>f280013x_defaultisr.obj</name>
      </input_file>
      <input_file id="fl-e">
         <path>.\common\source\</path>
         <kind>object</kind>
         <file>f280013x_epwm.obj</file>
         <name>f280013x_epwm.obj</name>
      </input_file>
      <input_file id="fl-f">
         <path>.\common\source\</path>
         <kind>object</kind>
         <file>f280013x_gpio.obj</file>
         <name>f280013x_gpio.obj</name>
      </input_file>
      <input_file id="fl-10">
         <path>.\common\source\</path>
         <kind>object</kind>
         <file>f280013x_piectrl.obj</file>
         <name>f280013x_piectrl.obj</name>
      </input_file>
      <input_file id="fl-11">
         <path>.\common\source\</path>
         <kind>object</kind>
         <file>f280013x_pievect.obj</file>
         <name>f280013x_pievect.obj</name>
      </input_file>
      <input_file id="fl-12">
         <path>.\common\source\</path>
         <kind>object</kind>
         <file>f280013x_spi.obj</file>
         <name>f280013x_spi.obj</name>
      </input_file>
      <input_file id="fl-13">
         <path>.\common\source\</path>
         <kind>object</kind>
         <file>f280013x_sysctrl.obj</file>
         <name>f280013x_sysctrl.obj</name>
      </input_file>
      <input_file id="fl-14">
         <path>.\common\source\</path>
         <kind>object</kind>
         <file>f280013x_tempsensorconv.obj</file>
         <name>f280013x_tempsensorconv.obj</name>
      </input_file>
      <input_file id="fl-15">
         <path>.\common\source\</path>
         <kind>object</kind>
         <file>f280013x_usdelay.obj</file>
         <name>f280013x_usdelay.obj</name>
      </input_file>
      <input_file id="fl-16">
         <path>.\headers\source\</path>
         <kind>object</kind>
         <file>f280013x_globalvariabledefs.obj</file>
         <name>f280013x_globalvariabledefs.obj</name>
      </input_file>
      <input_file id="fl-1b">
         <kind>object</kind>
         <file>&lt;internal&gt;</file>
         <name>&lt;internal&gt;</name>
      </input_file>
      <input_file id="fl-27">
         <path>D:\ti\ccs1281\ccs\tools\compiler\ti-cgt-c2000_22.6.1.LTS\lib\</path>
         <kind>archive</kind>
         <file>rts2800_fpu32.lib</file>
         <name>printf.c.obj</name>
      </input_file>
      <input_file id="fl-28">
         <path>D:\ti\ccs1281\ccs\tools\compiler\ti-cgt-c2000_22.6.1.LTS\lib\</path>
         <kind>archive</kind>
         <file>rts2800_fpu32.lib</file>
         <name>_printfi.c.obj</name>
      </input_file>
      <input_file id="fl-29">
         <path>D:\ti\ccs1281\ccs\tools\compiler\ti-cgt-c2000_22.6.1.LTS\lib\</path>
         <kind>archive</kind>
         <file>rts2800_fpu32.lib</file>
         <name>fopen.c.obj</name>
      </input_file>
      <input_file id="fl-2a">
         <path>D:\ti\ccs1281\ccs\tools\compiler\ti-cgt-c2000_22.6.1.LTS\lib\</path>
         <kind>archive</kind>
         <file>rts2800_fpu32.lib</file>
         <name>fputc.c.obj</name>
      </input_file>
      <input_file id="fl-2b">
         <path>D:\ti\ccs1281\ccs\tools\compiler\ti-cgt-c2000_22.6.1.LTS\lib\</path>
         <kind>archive</kind>
         <file>rts2800_fpu32.lib</file>
         <name>fputs.c.obj</name>
      </input_file>
      <input_file id="fl-2c">
         <path>D:\ti\ccs1281\ccs\tools\compiler\ti-cgt-c2000_22.6.1.LTS\lib\</path>
         <kind>archive</kind>
         <file>rts2800_fpu32.lib</file>
         <name>_io_perm.c.obj</name>
      </input_file>
      <input_file id="fl-2d">
         <path>D:\ti\ccs1281\ccs\tools\compiler\ti-cgt-c2000_22.6.1.LTS\lib\</path>
         <kind>archive</kind>
         <file>rts2800_fpu32.lib</file>
         <name>setvbuf.c.obj</name>
      </input_file>
      <input_file id="fl-2e">
         <path>D:\ti\ccs1281\ccs\tools\compiler\ti-cgt-c2000_22.6.1.LTS\lib\</path>
         <kind>archive</kind>
         <file>rts2800_fpu32.lib</file>
         <name>boot28.asm.obj</name>
      </input_file>
      <input_file id="fl-2f">
         <path>D:\ti\ccs1281\ccs\tools\compiler\ti-cgt-c2000_22.6.1.LTS\lib\</path>
         <kind>archive</kind>
         <file>rts2800_fpu32.lib</file>
         <name>fd_cmp28.asm.obj</name>
      </input_file>
      <input_file id="fl-30">
         <path>D:\ti\ccs1281\ccs\tools\compiler\ti-cgt-c2000_22.6.1.LTS\lib\</path>
         <kind>archive</kind>
         <file>rts2800_fpu32.lib</file>
         <name>fd_mpy28.asm.obj</name>
      </input_file>
      <input_file id="fl-31">
         <path>D:\ti\ccs1281\ccs\tools\compiler\ti-cgt-c2000_22.6.1.LTS\lib\</path>
         <kind>archive</kind>
         <file>rts2800_fpu32.lib</file>
         <name>fd_neg28.asm.obj</name>
      </input_file>
      <input_file id="fl-32">
         <path>D:\ti\ccs1281\ccs\tools\compiler\ti-cgt-c2000_22.6.1.LTS\lib\</path>
         <kind>archive</kind>
         <file>rts2800_fpu32.lib</file>
         <name>fd_sub28.asm.obj</name>
      </input_file>
      <input_file id="fl-33">
         <path>D:\ti\ccs1281\ccs\tools\compiler\ti-cgt-c2000_22.6.1.LTS\lib\</path>
         <kind>archive</kind>
         <file>rts2800_fpu32.lib</file>
         <name>fd_toi28.asm.obj</name>
      </input_file>
      <input_file id="fl-34">
         <path>D:\ti\ccs1281\ccs\tools\compiler\ti-cgt-c2000_22.6.1.LTS\lib\</path>
         <kind>archive</kind>
         <file>rts2800_fpu32.lib</file>
         <name>fd_tol28.asm.obj</name>
      </input_file>
      <input_file id="fl-35">
         <path>D:\ti\ccs1281\ccs\tools\compiler\ti-cgt-c2000_22.6.1.LTS\lib\</path>
         <kind>archive</kind>
         <file>rts2800_fpu32.lib</file>
         <name>fs_div28.asm.obj</name>
      </input_file>
      <input_file id="fl-36">
         <path>D:\ti\ccs1281\ccs\tools\compiler\ti-cgt-c2000_22.6.1.LTS\lib\</path>
         <kind>archive</kind>
         <file>rts2800_fpu32.lib</file>
         <name>ll_aox28.asm.obj</name>
      </input_file>
      <input_file id="fl-37">
         <path>D:\ti\ccs1281\ccs\tools\compiler\ti-cgt-c2000_22.6.1.LTS\lib\</path>
         <kind>archive</kind>
         <file>rts2800_fpu32.lib</file>
         <name>ll_cmp28.asm.obj</name>
      </input_file>
      <input_file id="fl-38">
         <path>D:\ti\ccs1281\ccs\tools\compiler\ti-cgt-c2000_22.6.1.LTS\lib\</path>
         <kind>archive</kind>
         <file>rts2800_fpu32.lib</file>
         <name>ll_div28.asm.obj</name>
      </input_file>
      <input_file id="fl-39">
         <path>D:\ti\ccs1281\ccs\tools\compiler\ti-cgt-c2000_22.6.1.LTS\lib\</path>
         <kind>archive</kind>
         <file>rts2800_fpu32.lib</file>
         <name>i_tofd28.asm.obj</name>
      </input_file>
      <input_file id="fl-3a">
         <path>D:\ti\ccs1281\ccs\tools\compiler\ti-cgt-c2000_22.6.1.LTS\lib\</path>
         <kind>archive</kind>
         <file>rts2800_fpu32.lib</file>
         <name>l_tofd28.asm.obj</name>
      </input_file>
      <input_file id="fl-3b">
         <path>D:\ti\ccs1281\ccs\tools\compiler\ti-cgt-c2000_22.6.1.LTS\lib\</path>
         <kind>archive</kind>
         <file>rts2800_fpu32.lib</file>
         <name>l_div28.asm.obj</name>
      </input_file>
      <input_file id="fl-3c">
         <path>D:\ti\ccs1281\ccs\tools\compiler\ti-cgt-c2000_22.6.1.LTS\lib\</path>
         <kind>archive</kind>
         <file>rts2800_fpu32.lib</file>
         <name>fs_tofdfpu32.asm.obj</name>
      </input_file>
      <input_file id="fl-3d">
         <path>D:\ti\ccs1281\ccs\tools\compiler\ti-cgt-c2000_22.6.1.LTS\lib\</path>
         <kind>archive</kind>
         <file>rts2800_fpu32.lib</file>
         <name>fd_div28.asm.obj</name>
      </input_file>
      <input_file id="fl-3e">
         <path>D:\ti\ccs1281\ccs\tools\compiler\ti-cgt-c2000_22.6.1.LTS\lib\</path>
         <kind>archive</kind>
         <file>rts2800_fpu32.lib</file>
         <name>cpy_tbl.c.obj</name>
      </input_file>
      <input_file id="fl-3f">
         <path>D:\ti\ccs1281\ccs\tools\compiler\ti-cgt-c2000_22.6.1.LTS\lib\</path>
         <kind>archive</kind>
         <file>rts2800_fpu32.lib</file>
         <name>memcpy.c.obj</name>
      </input_file>
      <input_file id="fl-40">
         <path>D:\ti\ccs1281\ccs\tools\compiler\ti-cgt-c2000_22.6.1.LTS\lib\</path>
         <kind>archive</kind>
         <file>rts2800_fpu32.lib</file>
         <name>pre_init.c.obj</name>
      </input_file>
      <input_file id="fl-41">
         <path>D:\ti\ccs1281\ccs\tools\compiler\ti-cgt-c2000_22.6.1.LTS\lib\</path>
         <kind>archive</kind>
         <file>rts2800_fpu32.lib</file>
         <name>startup.c.obj</name>
      </input_file>
      <input_file id="fl-42">
         <path>D:\ti\ccs1281\ccs\tools\compiler\ti-cgt-c2000_22.6.1.LTS\lib\</path>
         <kind>archive</kind>
         <file>rts2800_fpu32.lib</file>
         <name>exit.c.obj</name>
      </input_file>
      <input_file id="fl-43">
         <path>D:\ti\ccs1281\ccs\tools\compiler\ti-cgt-c2000_22.6.1.LTS\lib\</path>
         <kind>archive</kind>
         <file>rts2800_fpu32.lib</file>
         <name>_lock.c.obj</name>
      </input_file>
      <input_file id="fl-44">
         <path>D:\ti\ccs1281\ccs\tools\compiler\ti-cgt-c2000_22.6.1.LTS\lib\</path>
         <kind>archive</kind>
         <file>rts2800_fpu32.lib</file>
         <name>_ltoa.c.obj</name>
      </input_file>
      <input_file id="fl-45">
         <path>D:\ti\ccs1281\ccs\tools\compiler\ti-cgt-c2000_22.6.1.LTS\lib\</path>
         <kind>archive</kind>
         <file>rts2800_fpu32.lib</file>
         <name>args_main.c.obj</name>
      </input_file>
      <input_file id="fl-46">
         <path>D:\ti\ccs1281\ccs\tools\compiler\ti-cgt-c2000_22.6.1.LTS\lib\</path>
         <kind>archive</kind>
         <file>rts2800_fpu32.lib</file>
         <name>atoi.c.obj</name>
      </input_file>
      <input_file id="fl-47">
         <path>D:\ti\ccs1281\ccs\tools\compiler\ti-cgt-c2000_22.6.1.LTS\lib\</path>
         <kind>archive</kind>
         <file>rts2800_fpu32.lib</file>
         <name>ctype.c.obj</name>
      </input_file>
      <input_file id="fl-48">
         <path>D:\ti\ccs1281\ccs\tools\compiler\ti-cgt-c2000_22.6.1.LTS\lib\</path>
         <kind>archive</kind>
         <file>rts2800_fpu32.lib</file>
         <name>defs.c.obj</name>
      </input_file>
      <input_file id="fl-49">
         <path>D:\ti\ccs1281\ccs\tools\compiler\ti-cgt-c2000_22.6.1.LTS\lib\</path>
         <kind>archive</kind>
         <file>rts2800_fpu32.lib</file>
         <name>memccpy.c.obj</name>
      </input_file>
      <input_file id="fl-4a">
         <path>D:\ti\ccs1281\ccs\tools\compiler\ti-cgt-c2000_22.6.1.LTS\lib\</path>
         <kind>archive</kind>
         <file>rts2800_fpu32.lib</file>
         <name>memchr.c.obj</name>
      </input_file>
      <input_file id="fl-4b">
         <path>D:\ti\ccs1281\ccs\tools\compiler\ti-cgt-c2000_22.6.1.LTS\lib\</path>
         <kind>archive</kind>
         <file>rts2800_fpu32.lib</file>
         <name>memory.c.obj</name>
      </input_file>
      <input_file id="fl-4c">
         <path>D:\ti\ccs1281\ccs\tools\compiler\ti-cgt-c2000_22.6.1.LTS\lib\</path>
         <kind>archive</kind>
         <file>rts2800_fpu32.lib</file>
         <name>memset.c.obj</name>
      </input_file>
      <input_file id="fl-4d">
         <path>D:\ti\ccs1281\ccs\tools\compiler\ti-cgt-c2000_22.6.1.LTS\lib\</path>
         <kind>archive</kind>
         <file>rts2800_fpu32.lib</file>
         <name>strchr.c.obj</name>
      </input_file>
      <input_file id="fl-4e">
         <path>D:\ti\ccs1281\ccs\tools\compiler\ti-cgt-c2000_22.6.1.LTS\lib\</path>
         <kind>archive</kind>
         <file>rts2800_fpu32.lib</file>
         <name>strcpy.c.obj</name>
      </input_file>
      <input_file id="fl-4f">
         <path>D:\ti\ccs1281\ccs\tools\compiler\ti-cgt-c2000_22.6.1.LTS\lib\</path>
         <kind>archive</kind>
         <file>rts2800_fpu32.lib</file>
         <name>strlen.c.obj</name>
      </input_file>
      <input_file id="fl-50">
         <path>D:\ti\ccs1281\ccs\tools\compiler\ti-cgt-c2000_22.6.1.LTS\lib\</path>
         <kind>archive</kind>
         <file>rts2800_fpu32.lib</file>
         <name>write.c.obj</name>
      </input_file>
      <input_file id="fl-51">
         <path>D:\ti\ccs1281\ccs\tools\compiler\ti-cgt-c2000_22.6.1.LTS\lib\</path>
         <kind>archive</kind>
         <file>rts2800_fpu32.lib</file>
         <name>host_device.c.obj</name>
      </input_file>
      <input_file id="fl-52">
         <path>D:\ti\ccs1281\ccs\tools\compiler\ti-cgt-c2000_22.6.1.LTS\lib\</path>
         <kind>archive</kind>
         <file>rts2800_fpu32.lib</file>
         <name>open.c.obj</name>
      </input_file>
      <input_file id="fl-53">
         <path>D:\ti\ccs1281\ccs\tools\compiler\ti-cgt-c2000_22.6.1.LTS\lib\</path>
         <kind>archive</kind>
         <file>rts2800_fpu32.lib</file>
         <name>add_device.c.obj</name>
      </input_file>
      <input_file id="fl-54">
         <path>D:\ti\ccs1281\ccs\tools\compiler\ti-cgt-c2000_22.6.1.LTS\lib\</path>
         <kind>archive</kind>
         <file>rts2800_fpu32.lib</file>
         <name>s_frexp.c.obj</name>
      </input_file>
      <input_file id="fl-55">
         <path>D:\ti\ccs1281\ccs\tools\compiler\ti-cgt-c2000_22.6.1.LTS\lib\</path>
         <kind>archive</kind>
         <file>rts2800_fpu32.lib</file>
         <name>s_scalbn.c.obj</name>
      </input_file>
      <input_file id="fl-56">
         <path>D:\ti\ccs1281\ccs\tools\compiler\ti-cgt-c2000_22.6.1.LTS\lib\</path>
         <kind>archive</kind>
         <file>rts2800_fpu32.lib</file>
         <name>wcslen.c.obj</name>
      </input_file>
      <input_file id="fl-57">
         <path>D:\ti\ccs1281\ccs\tools\compiler\ti-cgt-c2000_22.6.1.LTS\lib\</path>
         <kind>archive</kind>
         <file>rts2800_fpu32.lib</file>
         <name>fclose.c.obj</name>
      </input_file>
      <input_file id="fl-58">
         <path>D:\ti\ccs1281\ccs\tools\compiler\ti-cgt-c2000_22.6.1.LTS\lib\</path>
         <kind>archive</kind>
         <file>rts2800_fpu32.lib</file>
         <name>fflush.c.obj</name>
      </input_file>
      <input_file id="fl-59">
         <path>D:\ti\ccs1281\ccs\tools\compiler\ti-cgt-c2000_22.6.1.LTS\lib\</path>
         <kind>archive</kind>
         <file>rts2800_fpu32.lib</file>
         <name>fseek.c.obj</name>
      </input_file>
      <input_file id="fl-5a">
         <path>D:\ti\ccs1281\ccs\tools\compiler\ti-cgt-c2000_22.6.1.LTS\lib\</path>
         <kind>archive</kind>
         <file>rts2800_fpu32.lib</file>
         <name>getdevice.c.obj</name>
      </input_file>
      <input_file id="fl-5b">
         <path>D:\ti\ccs1281\ccs\tools\compiler\ti-cgt-c2000_22.6.1.LTS\lib\</path>
         <kind>archive</kind>
         <file>rts2800_fpu32.lib</file>
         <name>fd_add28.asm.obj</name>
      </input_file>
      <input_file id="fl-5c">
         <path>D:\ti\ccs1281\ccs\tools\compiler\ti-cgt-c2000_22.6.1.LTS\lib\</path>
         <kind>archive</kind>
         <file>rts2800_fpu32.lib</file>
         <name>strcmp.c.obj</name>
      </input_file>
      <input_file id="fl-5d">
         <path>D:\ti\ccs1281\ccs\tools\compiler\ti-cgt-c2000_22.6.1.LTS\lib\</path>
         <kind>archive</kind>
         <file>rts2800_fpu32.lib</file>
         <name>strncpy.c.obj</name>
      </input_file>
      <input_file id="fl-5e">
         <path>D:\ti\ccs1281\ccs\tools\compiler\ti-cgt-c2000_22.6.1.LTS\lib\</path>
         <kind>archive</kind>
         <file>rts2800_fpu32.lib</file>
         <name>hostclose.c.obj</name>
      </input_file>
      <input_file id="fl-5f">
         <path>D:\ti\ccs1281\ccs\tools\compiler\ti-cgt-c2000_22.6.1.LTS\lib\</path>
         <kind>archive</kind>
         <file>rts2800_fpu32.lib</file>
         <name>hostlseek.c.obj</name>
      </input_file>
      <input_file id="fl-60">
         <path>D:\ti\ccs1281\ccs\tools\compiler\ti-cgt-c2000_22.6.1.LTS\lib\</path>
         <kind>archive</kind>
         <file>rts2800_fpu32.lib</file>
         <name>hostopen.c.obj</name>
      </input_file>
      <input_file id="fl-61">
         <path>D:\ti\ccs1281\ccs\tools\compiler\ti-cgt-c2000_22.6.1.LTS\lib\</path>
         <kind>archive</kind>
         <file>rts2800_fpu32.lib</file>
         <name>hostread.c.obj</name>
      </input_file>
      <input_file id="fl-62">
         <path>D:\ti\ccs1281\ccs\tools\compiler\ti-cgt-c2000_22.6.1.LTS\lib\</path>
         <kind>archive</kind>
         <file>rts2800_fpu32.lib</file>
         <name>hostrename.c.obj</name>
      </input_file>
      <input_file id="fl-63">
         <path>D:\ti\ccs1281\ccs\tools\compiler\ti-cgt-c2000_22.6.1.LTS\lib\</path>
         <kind>archive</kind>
         <file>rts2800_fpu32.lib</file>
         <name>hostunlink.c.obj</name>
      </input_file>
      <input_file id="fl-64">
         <path>D:\ti\ccs1281\ccs\tools\compiler\ti-cgt-c2000_22.6.1.LTS\lib\</path>
         <kind>archive</kind>
         <file>rts2800_fpu32.lib</file>
         <name>hostwrite.c.obj</name>
      </input_file>
      <input_file id="fl-65">
         <path>D:\ti\ccs1281\ccs\tools\compiler\ti-cgt-c2000_22.6.1.LTS\lib\</path>
         <kind>archive</kind>
         <file>rts2800_fpu32.lib</file>
         <name>trgmsg.c.obj</name>
      </input_file>
      <input_file id="fl-66">
         <path>D:\ti\ccs1281\ccs\tools\compiler\ti-cgt-c2000_22.6.1.LTS\lib\</path>
         <kind>archive</kind>
         <file>rts2800_fpu32.lib</file>
         <name>remove.c.obj</name>
      </input_file>
      <input_file id="fl-67">
         <path>D:\ti\ccs1281\ccs\tools\compiler\ti-cgt-c2000_22.6.1.LTS\lib\</path>
         <kind>archive</kind>
         <file>rts2800_fpu32.lib</file>
         <name>lseek.c.obj</name>
      </input_file>
      <input_file id="fl-68">
         <path>D:\ti\ccs1281\ccs\tools\compiler\ti-cgt-c2000_22.6.1.LTS\lib\</path>
         <kind>archive</kind>
         <file>rts2800_fpu32.lib</file>
         <name>close.c.obj</name>
      </input_file>
      <input_file id="fl-69">
         <path>D:\ti\ccs1281\ccs\tools\compiler\ti-cgt-c2000_22.6.1.LTS\lib\</path>
         <kind>archive</kind>
         <file>rts2800_fpu32.lib</file>
         <name>errno.c.obj</name>
      </input_file>
      <input_file id="fl-6a">
         <path>D:\ti\ccs1281\ccs\tools\compiler\ti-cgt-c2000_22.6.1.LTS\lib\</path>
         <kind>archive</kind>
         <file>rts2800_fpu32.lib</file>
         <name>s_copysign.c.obj</name>
      </input_file>
      <input_file id="fl-6b">
         <path>D:\ti\ccs1281\ccs\tools\compiler\ti-cgt-c2000_22.6.1.LTS\lib\</path>
         <kind>archive</kind>
         <file>rts2800_fpu32.lib</file>
         <name>unlink.c.obj</name>
      </input_file>
   </input_file_list>
   <object_component_list>
      <object_component id="oc-86">
         <name>codestart</name>
         <load_address>0x80000</load_address>
         <run_address>0x80000</run_address>
         <size>0x2</size>
         <input_file_ref idref="fl-a"/>
      </object_component>
      <object_component id="oc-295">
         <name>.text</name>
         <load_address>0x82000</load_address>
         <run_address>0x82000</run_address>
         <size>0x6d0</size>
         <input_file_ref idref="fl-28"/>
      </object_component>
      <object_component id="oc-284">
         <name>.text:__TI_printfi</name>
         <load_address>0x826d0</load_address>
         <run_address>0x826d0</run_address>
         <size>0x5f5</size>
         <input_file_ref idref="fl-28"/>
      </object_component>
      <object_component id="oc-270">
         <name>.text</name>
         <load_address>0x82cc5</load_address>
         <run_address>0x82cc5</run_address>
         <size>0x2f3</size>
         <input_file_ref idref="fl-13"/>
      </object_component>
      <object_component id="oc-97">
         <name>.text:retain</name>
         <load_address>0x82fb8</load_address>
         <run_address>0x82fb8</run_address>
         <size>0x2dd</size>
         <input_file_ref idref="fl-d"/>
      </object_component>
      <object_component id="oc-28c">
         <name>.text</name>
         <load_address>0x83295</load_address>
         <run_address>0x83295</run_address>
         <size>0x28c</size>
         <input_file_ref idref="fl-4b"/>
      </object_component>
      <object_component id="oc-271">
         <name>.text</name>
         <load_address>0x83521</load_address>
         <run_address>0x83521</run_address>
         <size>0x1e2</size>
         <input_file_ref idref="fl-f"/>
      </object_component>
      <object_component id="oc-27f">
         <name>.text</name>
         <load_address>0x83703</load_address>
         <run_address>0x83703</run_address>
         <size>0x121</size>
         <input_file_ref idref="fl-29"/>
      </object_component>
      <object_component id="oc-15f">
         <name>.text</name>
         <load_address>0x83824</load_address>
         <run_address>0x83824</run_address>
         <size>0x107</size>
         <input_file_ref idref="fl-38"/>
      </object_component>
      <object_component id="oc-276">
         <name>.text</name>
         <load_address>0x8392b</load_address>
         <run_address>0x8392b</run_address>
         <size>0xd0</size>
         <input_file_ref idref="fl-4"/>
      </object_component>
      <object_component id="oc-2a9">
         <name>.text</name>
         <load_address>0x839fb</load_address>
         <run_address>0x839fb</run_address>
         <size>0xa9</size>
         <input_file_ref idref="fl-55"/>
      </object_component>
      <object_component id="oc-282">
         <name>.text</name>
         <load_address>0x83aa4</load_address>
         <run_address>0x83aa4</run_address>
         <size>0xa8</size>
         <input_file_ref idref="fl-2b"/>
      </object_component>
      <object_component id="oc-212">
         <name>.text</name>
         <load_address>0x83b4c</load_address>
         <run_address>0x83b4c</run_address>
         <size>0x9c</size>
         <input_file_ref idref="fl-5b"/>
      </object_component>
      <object_component id="oc-2ab">
         <name>.text</name>
         <load_address>0x83be8</load_address>
         <run_address>0x83be8</run_address>
         <size>0x95</size>
         <input_file_ref idref="fl-65"/>
      </object_component>
      <object_component id="oc-178">
         <name>.text</name>
         <load_address>0x83c7d</load_address>
         <run_address>0x83c7d</run_address>
         <size>0x8b</size>
         <input_file_ref idref="fl-3d"/>
      </object_component>
      <object_component id="oc-150">
         <name>.text</name>
         <load_address>0x83d08</load_address>
         <run_address>0x83d08</run_address>
         <size>0x88</size>
         <input_file_ref idref="fl-35"/>
      </object_component>
      <object_component id="oc-26d">
         <name>.text</name>
         <load_address>0x83d90</load_address>
         <run_address>0x83d90</run_address>
         <size>0x85</size>
         <input_file_ref idref="fl-2"/>
      </object_component>
      <object_component id="oc-137">
         <name>.text</name>
         <load_address>0x83e15</load_address>
         <run_address>0x83e15</run_address>
         <size>0x83</size>
         <input_file_ref idref="fl-30"/>
      </object_component>
      <object_component id="oc-275">
         <name>.text</name>
         <load_address>0x83e98</load_address>
         <run_address>0x83e98</run_address>
         <size>0x7c</size>
         <input_file_ref idref="fl-b"/>
      </object_component>
      <object_component id="oc-280">
         <name>.text</name>
         <load_address>0x83f14</load_address>
         <run_address>0x83f14</run_address>
         <size>0x7c</size>
         <input_file_ref idref="fl-2d"/>
      </object_component>
      <object_component id="oc-27c">
         <name>.text</name>
         <load_address>0x83f90</load_address>
         <run_address>0x83f90</run_address>
         <size>0x6d</size>
         <input_file_ref idref="fl-53"/>
      </object_component>
      <object_component id="oc-91">
         <name>.text</name>
         <load_address>0x83ffd</load_address>
         <run_address>0x83ffd</run_address>
         <size>0x3</size>
         <input_file_ref idref="fl-c"/>
      </object_component>
      <object_component id="oc-28e">
         <name>.text</name>
         <load_address>0x84000</load_address>
         <run_address>0x84000</run_address>
         <size>0x73</size>
         <input_file_ref idref="fl-58"/>
      </object_component>
      <object_component id="oc-28a">
         <name>.text</name>
         <load_address>0x84073</load_address>
         <run_address>0x84073</run_address>
         <size>0x71</size>
         <input_file_ref idref="fl-52"/>
      </object_component>
      <object_component id="oc-28d">
         <name>.text</name>
         <load_address>0x840e4</load_address>
         <run_address>0x840e4</run_address>
         <size>0x65</size>
         <input_file_ref idref="fl-2c"/>
      </object_component>
      <object_component id="oc-28b">
         <name>.text</name>
         <load_address>0x84149</load_address>
         <run_address>0x84149</run_address>
         <size>0x5d</size>
         <input_file_ref idref="fl-57"/>
      </object_component>
      <object_component id="oc-29d">
         <name>.text</name>
         <load_address>0x841a6</load_address>
         <run_address>0x841a6</run_address>
         <size>0x5b</size>
         <input_file_ref idref="fl-5f"/>
      </object_component>
      <object_component id="oc-2a8">
         <name>.text</name>
         <load_address>0x84201</load_address>
         <run_address>0x84201</run_address>
         <size>0x5a</size>
         <input_file_ref idref="fl-54"/>
      </object_component>
      <object_component id="oc-55">
         <name>.text</name>
         <load_address>0x8425b</load_address>
         <run_address>0x8425b</run_address>
         <size>0x56</size>
         <input_file_ref idref="fl-2e"/>
      </object_component>
      <object_component id="oc-281">
         <name>.text</name>
         <load_address>0x842b1</load_address>
         <run_address>0x842b1</run_address>
         <size>0x53</size>
         <input_file_ref idref="fl-2a"/>
      </object_component>
      <object_component id="oc-288">
         <name>.text</name>
         <load_address>0x84304</load_address>
         <run_address>0x84304</run_address>
         <size>0x51</size>
         <input_file_ref idref="fl-5a"/>
      </object_component>
      <object_component id="oc-29f">
         <name>.text</name>
         <load_address>0x84355</load_address>
         <run_address>0x84355</run_address>
         <size>0x3e</size>
         <input_file_ref idref="fl-62"/>
      </object_component>
      <object_component id="oc-2a5">
         <name>.text</name>
         <load_address>0x84393</load_address>
         <run_address>0x84393</run_address>
         <size>0x3d</size>
         <input_file_ref idref="fl-59"/>
      </object_component>
      <object_component id="oc-299">
         <name>.text</name>
         <load_address>0x843d0</load_address>
         <run_address>0x843d0</run_address>
         <size>0x38</size>
         <input_file_ref idref="fl-60"/>
      </object_component>
      <object_component id="oc-29c">
         <name>.text</name>
         <load_address>0x84408</load_address>
         <run_address>0x84408</run_address>
         <size>0x37</size>
         <input_file_ref idref="fl-64"/>
      </object_component>
      <object_component id="oc-29b">
         <name>.text</name>
         <load_address>0x8443f</load_address>
         <run_address>0x8443f</run_address>
         <size>0x36</size>
         <input_file_ref idref="fl-61"/>
      </object_component>
      <object_component id="oc-277">
         <name>.text</name>
         <load_address>0x84475</load_address>
         <run_address>0x84475</run_address>
         <size>0x34</size>
         <input_file_ref idref="fl-27"/>
      </object_component>
      <object_component id="oc-2a2">
         <name>.text</name>
         <load_address>0x844a9</load_address>
         <run_address>0x844a9</run_address>
         <size>0x33</size>
         <input_file_ref idref="fl-68"/>
      </object_component>
      <object_component id="oc-292">
         <name>.text</name>
         <load_address>0x844dc</load_address>
         <run_address>0x844dc</run_address>
         <size>0x31</size>
         <input_file_ref idref="fl-46"/>
      </object_component>
      <object_component id="oc-2a7">
         <name>.text</name>
         <load_address>0x8450d</load_address>
         <run_address>0x8450d</run_address>
         <size>0x30</size>
         <input_file_ref idref="fl-44"/>
      </object_component>
      <object_component id="oc-132">
         <name>.text</name>
         <load_address>0x8453d</load_address>
         <run_address>0x8453d</run_address>
         <size>0x2a</size>
         <input_file_ref idref="fl-2f"/>
      </object_component>
      <object_component id="oc-16e">
         <name>.text</name>
         <load_address>0x84567</load_address>
         <run_address>0x84567</run_address>
         <size>0x2a</size>
         <input_file_ref idref="fl-3b"/>
      </object_component>
      <object_component id="oc-26b">
         <name>.text</name>
         <load_address>0x84591</load_address>
         <run_address>0x84591</run_address>
         <size>0x29</size>
         <input_file_ref idref="fl-42"/>
      </object_component>
      <object_component id="oc-273">
         <name>.text</name>
         <load_address>0x845ba</load_address>
         <run_address>0x845ba</run_address>
         <size>0x28</size>
         <input_file_ref idref="fl-10"/>
      </object_component>
      <object_component id="oc-29a">
         <name>.text</name>
         <load_address>0x845e2</load_address>
         <run_address>0x845e2</run_address>
         <size>0x27</size>
         <input_file_ref idref="fl-5e"/>
      </object_component>
      <object_component id="oc-274">
         <name>.text</name>
         <load_address>0x84609</load_address>
         <run_address>0x84609</run_address>
         <size>0x25</size>
         <input_file_ref idref="fl-11"/>
      </object_component>
      <object_component id="oc-268">
         <name>.text</name>
         <load_address>0x8462e</load_address>
         <run_address>0x8462e</run_address>
         <size>0x24</size>
         <input_file_ref idref="fl-3e"/>
      </object_component>
      <object_component id="oc-29e">
         <name>.text</name>
         <load_address>0x84652</load_address>
         <run_address>0x84652</run_address>
         <size>0x24</size>
         <input_file_ref idref="fl-63"/>
      </object_component>
      <object_component id="oc-2ae">
         <name>.text</name>
         <load_address>0x84676</load_address>
         <run_address>0x84676</run_address>
         <size>0x24</size>
         <input_file_ref idref="fl-6a"/>
      </object_component>
      <object_component id="oc-146">
         <name>.text</name>
         <load_address>0x8469a</load_address>
         <run_address>0x8469a</run_address>
         <size>0x21</size>
         <input_file_ref idref="fl-33"/>
      </object_component>
      <object_component id="oc-14b">
         <name>.text</name>
         <load_address>0x846bb</load_address>
         <run_address>0x846bb</run_address>
         <size>0x1f</size>
         <input_file_ref idref="fl-34"/>
      </object_component>
      <object_component id="oc-15a">
         <name>.text</name>
         <load_address>0x846da</load_address>
         <run_address>0x846da</run_address>
         <size>0x1e</size>
         <input_file_ref idref="fl-37"/>
      </object_component>
      <object_component id="oc-164">
         <name>.text</name>
         <load_address>0x846f8</load_address>
         <run_address>0x846f8</run_address>
         <size>0x1d</size>
         <input_file_ref idref="fl-39"/>
      </object_component>
      <object_component id="oc-26c">
         <name>.text</name>
         <load_address>0x84715</load_address>
         <run_address>0x84715</run_address>
         <size>0x1d</size>
         <input_file_ref idref="fl-3f"/>
      </object_component>
      <object_component id="oc-173">
         <name>.text</name>
         <load_address>0x84732</load_address>
         <run_address>0x84732</run_address>
         <size>0x1c</size>
         <input_file_ref idref="fl-3c"/>
      </object_component>
      <object_component id="oc-169">
         <name>.text</name>
         <load_address>0x8474e</load_address>
         <run_address>0x8474e</run_address>
         <size>0x1c</size>
         <input_file_ref idref="fl-3a"/>
      </object_component>
      <object_component id="oc-2ac">
         <name>.text</name>
         <load_address>0x8476a</load_address>
         <run_address>0x8476a</run_address>
         <size>0x19</size>
         <input_file_ref idref="fl-6b"/>
      </object_component>
      <object_component id="oc-28f">
         <name>.text</name>
         <load_address>0x84783</load_address>
         <run_address>0x84783</run_address>
         <size>0x19</size>
         <input_file_ref idref="fl-50"/>
      </object_component>
      <object_component id="oc-155">
         <name>.text</name>
         <load_address>0x8479c</load_address>
         <run_address>0x8479c</run_address>
         <size>0x18</size>
         <input_file_ref idref="fl-36"/>
      </object_component>
      <object_component id="oc-2ad">
         <name>.text</name>
         <load_address>0x847b4</load_address>
         <run_address>0x847b4</run_address>
         <size>0x18</size>
         <input_file_ref idref="fl-67"/>
      </object_component>
      <object_component id="oc-6f">
         <name>.text:retain</name>
         <load_address>0x847cc</load_address>
         <run_address>0x847cc</run_address>
         <size>0x16</size>
         <input_file_ref idref="fl-6"/>
      </object_component>
      <object_component id="oc-7b">
         <name>.text:retain</name>
         <load_address>0x847e2</load_address>
         <run_address>0x847e2</run_address>
         <size>0x16</size>
         <input_file_ref idref="fl-8"/>
      </object_component>
      <object_component id="oc-289">
         <name>.text</name>
         <load_address>0x847f8</load_address>
         <run_address>0x847f8</run_address>
         <size>0x15</size>
         <input_file_ref idref="fl-5d"/>
      </object_component>
      <object_component id="oc-75">
         <name>.text:retain</name>
         <load_address>0x8480d</load_address>
         <run_address>0x8480d</run_address>
         <size>0x12</size>
         <input_file_ref idref="fl-7"/>
      </object_component>
      <object_component id="oc-26a">
         <name>.text</name>
         <load_address>0x8481f</load_address>
         <run_address>0x8481f</run_address>
         <size>0x12</size>
         <input_file_ref idref="fl-45"/>
      </object_component>
      <object_component id="oc-272">
         <name>.text</name>
         <load_address>0x84831</load_address>
         <run_address>0x84831</run_address>
         <size>0x10</size>
         <input_file_ref idref="fl-3"/>
      </object_component>
      <object_component id="oc-296">
         <name>.text</name>
         <load_address>0x84841</load_address>
         <run_address>0x84841</run_address>
         <size>0x10</size>
         <input_file_ref idref="fl-49"/>
      </object_component>
      <object_component id="oc-141">
         <name>.text</name>
         <load_address>0x84851</load_address>
         <run_address>0x84851</run_address>
         <size>0xe</size>
         <input_file_ref idref="fl-32"/>
      </object_component>
      <object_component id="oc-291">
         <name>.text</name>
         <load_address>0x8485f</load_address>
         <run_address>0x8485f</run_address>
         <size>0xd</size>
         <input_file_ref idref="fl-4a"/>
      </object_component>
      <object_component id="oc-2a1">
         <name>.text</name>
         <load_address>0x8486c</load_address>
         <run_address>0x8486c</run_address>
         <size>0xc</size>
         <input_file_ref idref="fl-4d"/>
      </object_component>
      <object_component id="oc-2a0">
         <name>.text</name>
         <load_address>0x84878</load_address>
         <run_address>0x84878</run_address>
         <size>0xa</size>
         <input_file_ref idref="fl-5c"/>
      </object_component>
      <object_component id="oc-278">
         <name>.text</name>
         <load_address>0x84882</load_address>
         <run_address>0x84882</run_address>
         <size>0x9</size>
         <input_file_ref idref="fl-43"/>
      </object_component>
      <object_component id="oc-13c">
         <name>.text</name>
         <load_address>0x8488b</load_address>
         <run_address>0x8488b</run_address>
         <size>0x9</size>
         <input_file_ref idref="fl-31"/>
      </object_component>
      <object_component id="oc-297">
         <name>.text</name>
         <load_address>0x84894</load_address>
         <run_address>0x84894</run_address>
         <size>0x9</size>
         <input_file_ref idref="fl-56"/>
      </object_component>
      <object_component id="oc-85">
         <name>.text</name>
         <load_address>0x8489d</load_address>
         <run_address>0x8489d</run_address>
         <size>0x8</size>
         <input_file_ref idref="fl-a"/>
      </object_component>
      <object_component id="oc-290">
         <name>.text</name>
         <load_address>0x848a5</load_address>
         <run_address>0x848a5</run_address>
         <size>0x8</size>
         <input_file_ref idref="fl-4f"/>
      </object_component>
      <object_component id="oc-293">
         <name>.text</name>
         <load_address>0x848ad</load_address>
         <run_address>0x848ad</run_address>
         <size>0x7</size>
         <input_file_ref idref="fl-4c"/>
      </object_component>
      <object_component id="oc-294">
         <name>.text</name>
         <load_address>0x848b4</load_address>
         <run_address>0x848b4</run_address>
         <size>0x5</size>
         <input_file_ref idref="fl-4e"/>
      </object_component>
      <object_component id="oc-2a4">
         <name>.text</name>
         <load_address>0x848b9</load_address>
         <run_address>0x848b9</run_address>
         <size>0x3</size>
         <input_file_ref idref="fl-66"/>
      </object_component>
      <object_component id="oc-267">
         <name>.text</name>
         <load_address>0x848bc</load_address>
         <run_address>0x848bc</run_address>
         <size>0x2</size>
         <input_file_ref idref="fl-40"/>
      </object_component>
      <object_component id="oc-269">
         <name>.text</name>
         <load_address>0x848be</load_address>
         <run_address>0x848be</run_address>
         <size>0x1</size>
         <input_file_ref idref="fl-41"/>
      </object_component>
      <object_component id="oc-27e">
         <name>.cinit:__ftable</name>
         <load_address>0x80008</load_address>
         <run_address>0x80008</run_address>
         <size>0x26</size>
         <input_file_ref idref="fl-48"/>
      </object_component>
      <object_component id="oc-287">
         <name>.cinit:__device</name>
         <load_address>0x8002e</load_address>
         <run_address>0x8002e</run_address>
         <size>0x1b</size>
         <input_file_ref idref="fl-51"/>
      </object_component>
      <object_component id="oc-57">
         <name>.cinit</name>
         <load_address>0x80049</load_address>
         <run_address>0x80049</run_address>
         <size>0x17</size>
         <input_file_ref idref="fl-2"/>
      </object_component>
      <object_component id="oc-286">
         <name>.cinit:__stream</name>
         <load_address>0x80060</load_address>
         <run_address>0x80060</run_address>
         <size>0xe</size>
         <input_file_ref idref="fl-51"/>
      </object_component>
      <object_component id="oc-192">
         <name>.cinit</name>
         <load_address>0x8006e</load_address>
         <run_address>0x8006e</run_address>
         <size>0xe</size>
         <input_file_ref idref="fl-42"/>
      </object_component>
      <object_component id="oc-26f">
         <name>.cinit:__lock</name>
         <load_address>0x8007c</load_address>
         <run_address>0x8007c</run_address>
         <size>0x5</size>
         <input_file_ref idref="fl-43"/>
      </object_component>
      <object_component id="oc-279">
         <name>.cinit:__unlock</name>
         <load_address>0x80081</load_address>
         <run_address>0x80081</run_address>
         <size>0x5</size>
         <input_file_ref idref="fl-43"/>
      </object_component>
      <object_component id="oc-1e7">
         <name>.cinit</name>
         <load_address>0x80086</load_address>
         <run_address>0x80086</run_address>
         <size>0x4</size>
         <input_file_ref idref="fl-53"/>
      </object_component>
      <object_component id="oc-1af">
         <name>.cinit</name>
         <load_address>0x8008a</load_address>
         <run_address>0x8008a</run_address>
         <size>0x4</size>
         <input_file_ref idref="fl-48"/>
      </object_component>
      <object_component id="oc-25a">
         <name>.cinit</name>
         <load_address>0x8008e</load_address>
         <run_address>0x8008e</run_address>
         <size>0x4</size>
         <input_file_ref idref="fl-69"/>
      </object_component>
      <object_component id="oc-111">
         <name>.cinit</name>
         <load_address>0x80092</load_address>
         <run_address>0x80092</run_address>
         <size>0x4</size>
         <input_file_ref idref="fl-29"/>
      </object_component>
      <object_component id="oc-1bd">
         <name>.cinit</name>
         <load_address>0x80096</load_address>
         <run_address>0x80096</run_address>
         <size>0x4</size>
         <input_file_ref idref="fl-4b"/>
      </object_component>
      <object_component id="oc-1e0">
         <name>.cinit</name>
         <load_address>0x8009a</load_address>
         <run_address>0x8009a</run_address>
         <size>0x4</size>
         <input_file_ref idref="fl-52"/>
      </object_component>
      <object_component id="oc-12d">
         <name>.reset</name>
         <load_address>0x3fffc0</load_address>
         <run_address>0x3fffc0</run_address>
         <size>0x2</size>
         <input_file_ref idref="fl-2e"/>
      </object_component>
      <object_component id="oc-12c">
         <name>.stack</name>
         <uninitialized>true</uninitialized>
         <run_address>0x400</run_address>
         <size>0x0</size>
         <input_file_ref idref="fl-2e"/>
      </object_component>
      <object_component id="oc-30b">
         <name>.stack</name>
         <uninitialized>true</uninitialized>
         <run_address>0x400</run_address>
         <size>0x0</size>
      </object_component>
      <object_component id="oc-58">
         <name>.ebss</name>
         <uninitialized>true</uninitialized>
         <run_address>0x81e0</run_address>
         <size>0x8</size>
         <input_file_ref idref="fl-2"/>
      </object_component>
      <object_component id="oc-8c">
         <name>.ebss</name>
         <uninitialized>true</uninitialized>
         <run_address>0x8120</run_address>
         <size>0x18</size>
         <input_file_ref idref="fl-b"/>
      </object_component>
      <object_component id="oc-bb">
         <name>.ebss</name>
         <uninitialized>true</uninitialized>
         <run_address>0x81ee</run_address>
         <size>0x4</size>
         <input_file_ref idref="fl-14"/>
      </object_component>
      <object_component id="oc-112">
         <name>.ebss</name>
         <uninitialized>true</uninitialized>
         <run_address>0x81fd</run_address>
         <size>0x1</size>
         <input_file_ref idref="fl-29"/>
      </object_component>
      <object_component id="oc-193">
         <name>.ebss</name>
         <uninitialized>true</uninitialized>
         <run_address>0x81e8</run_address>
         <size>0x6</size>
         <input_file_ref idref="fl-42"/>
      </object_component>
      <object_component id="oc-26e">
         <name>.ebss:__lock</name>
         <uninitialized>true</uninitialized>
         <run_address>0x81f6</run_address>
         <size>0x2</size>
         <input_file_ref idref="fl-43"/>
      </object_component>
      <object_component id="oc-283">
         <name>.ebss:__unlock</name>
         <uninitialized>true</uninitialized>
         <run_address>0x81f8</run_address>
         <size>0x2</size>
         <input_file_ref idref="fl-43"/>
      </object_component>
      <object_component id="oc-1b0">
         <name>.ebss</name>
         <uninitialized>true</uninitialized>
         <run_address>0x81fb</run_address>
         <size>0x1</size>
         <input_file_ref idref="fl-48"/>
      </object_component>
      <object_component id="oc-27d">
         <name>.ebss:__ftable</name>
         <uninitialized>true</uninitialized>
         <run_address>0x8200</run_address>
         <size>0x78</size>
         <input_file_ref idref="fl-48"/>
      </object_component>
      <object_component id="oc-2a3">
         <name>.ebss:___TI_tmpnams</name>
         <uninitialized>true</uninitialized>
         <run_address>0x8140</run_address>
         <size>0xa0</size>
         <input_file_ref idref="fl-48"/>
      </object_component>
      <object_component id="oc-1be">
         <name>.ebss</name>
         <uninitialized>true</uninitialized>
         <run_address>0x81f2</run_address>
         <size>0x4</size>
         <input_file_ref idref="fl-4b"/>
      </object_component>
      <object_component id="oc-298">
         <name>.ebss:__stream</name>
         <uninitialized>true</uninitialized>
         <run_address>0x82c8</run_address>
         <size>0x28</size>
         <input_file_ref idref="fl-51"/>
      </object_component>
      <object_component id="oc-285">
         <name>.ebss:__device</name>
         <uninitialized>true</uninitialized>
         <run_address>0x8280</run_address>
         <size>0x48</size>
         <input_file_ref idref="fl-51"/>
      </object_component>
      <object_component id="oc-1e1">
         <name>.ebss</name>
         <uninitialized>true</uninitialized>
         <run_address>0x81fe</run_address>
         <size>0x1</size>
         <input_file_ref idref="fl-52"/>
      </object_component>
      <object_component id="oc-1e8">
         <name>.ebss</name>
         <uninitialized>true</uninitialized>
         <run_address>0x81fa</run_address>
         <size>0x1</size>
         <input_file_ref idref="fl-53"/>
      </object_component>
      <object_component id="oc-2aa">
         <name>.ebss:_parmbuf</name>
         <uninitialized>true</uninitialized>
         <run_address>0x8138</run_address>
         <size>0x8</size>
         <input_file_ref idref="fl-60"/>
      </object_component>
      <object_component id="oc-25b">
         <name>.ebss</name>
         <uninitialized>true</uninitialized>
         <run_address>0x81fc</run_address>
         <size>0x1</size>
         <input_file_ref idref="fl-69"/>
      </object_component>
      <object_component id="oc-2a6">
         <name>.econst:.string:__ctypes_</name>
         <load_address>0x88000</load_address>
         <run_address>0x88000</run_address>
         <size>0x101</size>
         <input_file_ref idref="fl-47"/>
      </object_component>
      <object_component id="oc-27b">
         <name>.econst:_PieVectTableInit</name>
         <load_address>0x88102</load_address>
         <run_address>0x88102</run_address>
         <size>0x100</size>
         <input_file_ref idref="fl-11"/>
      </object_component>
      <object_component id="oc-59">
         <name>.econst:.string</name>
         <load_address>0x88202</load_address>
         <run_address>0x88202</run_address>
         <size>0x78</size>
         <input_file_ref idref="fl-2"/>
      </object_component>
      <object_component id="oc-10b">
         <name>.econst:.string</name>
         <load_address>0x8827a</load_address>
         <run_address>0x8827a</run_address>
         <size>0x26</size>
         <input_file_ref idref="fl-28"/>
      </object_component>
      <object_component id="oc-64">
         <name>.econst:.string</name>
         <load_address>0x882a0</load_address>
         <run_address>0x882a0</run_address>
         <size>0x20</size>
         <input_file_ref idref="fl-4"/>
      </object_component>
      <object_component id="oc-10a">
         <name>.econst</name>
         <load_address>0x882c0</load_address>
         <run_address>0x882c0</run_address>
         <size>0x1c</size>
         <input_file_ref idref="fl-28"/>
      </object_component>
      <object_component id="oc-1f4">
         <name>.econst</name>
         <load_address>0x882dc</load_address>
         <run_address>0x882dc</run_address>
         <size>0x1c</size>
         <input_file_ref idref="fl-55"/>
      </object_component>
      <object_component id="oc-1ee">
         <name>.econst</name>
         <load_address>0x882f8</load_address>
         <run_address>0x882f8</run_address>
         <size>0x8</size>
         <input_file_ref idref="fl-54"/>
      </object_component>
      <object_component id="oc-11d">
         <name>.econst:.string</name>
         <load_address>0x88300</load_address>
         <run_address>0x88300</run_address>
         <size>0x2</size>
         <input_file_ref idref="fl-2b"/>
      </object_component>
      <object_component id="oc-1bf">
         <name>.esysmem</name>
         <uninitialized>true</uninitialized>
         <run_address>0x82f0</run_address>
         <size>0x4</size>
         <input_file_ref idref="fl-4b"/>
      </object_component>
      <object_component id="oc-30c">
         <name>.esysmem</name>
         <uninitialized>true</uninitialized>
         <run_address>0x82f0</run_address>
         <size>0x0</size>
      </object_component>
      <object_component id="oc-245">
         <name>.cio</name>
         <uninitialized>true</uninitialized>
         <run_address>0x8000</run_address>
         <size>0x120</size>
         <input_file_ref idref="fl-65"/>
      </object_component>
      <object_component id="oc-27a">
         <name>.TI.ramfunc</name>
         <load_address>0x800a0</load_address>
         <run_address>0x86f0</run_address>
         <size>0x1f</size>
         <input_file_ref idref="fl-13"/>
      </object_component>
      <object_component id="oc-c0">
         <name>.TI.ramfunc</name>
         <load_address>0x800bf</load_address>
         <run_address>0x870f</run_address>
         <size>0x4</size>
         <input_file_ref idref="fl-15"/>
      </object_component>
      <object_component id="oc-fd">
         <name>PieVectTableFile</name>
         <uninitialized>true</uninitialized>
         <run_address>0xd00</run_address>
         <size>0x100</size>
         <input_file_ref idref="fl-16"/>
      </object_component>
      <object_component id="oc-e7">
         <name>AccessProtectionRegsFile</name>
         <uninitialized>true</uninitialized>
         <run_address>0x5f500</run_address>
         <size>0x2c</size>
         <input_file_ref idref="fl-16"/>
      </object_component>
      <object_component id="oc-f2">
         <name>AdcaRegsFile</name>
         <uninitialized>true</uninitialized>
         <run_address>0x7400</run_address>
         <size>0x76</size>
         <input_file_ref idref="fl-16"/>
      </object_component>
      <object_component id="oc-f3">
         <name>AdccRegsFile</name>
         <uninitialized>true</uninitialized>
         <run_address>0x7500</run_address>
         <size>0x76</size>
         <input_file_ref idref="fl-16"/>
      </object_component>
      <object_component id="oc-d6">
         <name>AdcaResultRegsFile</name>
         <uninitialized>true</uninitialized>
         <run_address>0xb00</run_address>
         <size>0x18</size>
         <input_file_ref idref="fl-16"/>
      </object_component>
      <object_component id="oc-d7">
         <name>AdccResultRegsFile</name>
         <uninitialized>true</uninitialized>
         <run_address>0xb40</run_address>
         <size>0x18</size>
         <input_file_ref idref="fl-16"/>
      </object_component>
      <object_component id="oc-fe">
         <name>AnalogSubsysRegsFile</name>
         <uninitialized>true</uninitialized>
         <run_address>0x5d700</run_address>
         <size>0x11a</size>
         <input_file_ref idref="fl-16"/>
      </object_component>
      <object_component id="oc-ff">
         <name>CanaRegsFile</name>
         <uninitialized>true</uninitialized>
         <run_address>0x48000</run_address>
         <size>0x164</size>
         <input_file_ref idref="fl-16"/>
      </object_component>
      <object_component id="oc-ec">
         <name>ClkCfgRegsFile</name>
         <uninitialized>true</uninitialized>
         <run_address>0x5d200</run_address>
         <size>0x3e</size>
         <input_file_ref idref="fl-16"/>
      </object_component>
      <object_component id="oc-da">
         <name>CmpssLite2RegsFile</name>
         <uninitialized>true</uninitialized>
         <run_address>0x5540</run_address>
         <size>0x1b</size>
         <input_file_ref idref="fl-16"/>
      </object_component>
      <object_component id="oc-db">
         <name>CmpssLite3RegsFile</name>
         <uninitialized>true</uninitialized>
         <run_address>0x5580</run_address>
         <size>0x1b</size>
         <input_file_ref idref="fl-16"/>
      </object_component>
      <object_component id="oc-dc">
         <name>CmpssLite4RegsFile</name>
         <uninitialized>true</uninitialized>
         <run_address>0x55c0</run_address>
         <size>0x1b</size>
         <input_file_ref idref="fl-16"/>
      </object_component>
      <object_component id="oc-dd">
         <name>Cmpss1RegsFile</name>
         <uninitialized>true</uninitialized>
         <run_address>0x5500</run_address>
         <size>0x1b</size>
         <input_file_ref idref="fl-16"/>
      </object_component>
      <object_component id="oc-c8">
         <name>CpuTimer0RegsFile</name>
         <uninitialized>true</uninitialized>
         <run_address>0xc00</run_address>
         <size>0x8</size>
         <input_file_ref idref="fl-16"/>
      </object_component>
      <object_component id="oc-c9">
         <name>CpuTimer1RegsFile</name>
         <uninitialized>true</uninitialized>
         <run_address>0xc08</run_address>
         <size>0x8</size>
         <input_file_ref idref="fl-16"/>
      </object_component>
      <object_component id="oc-ca">
         <name>CpuTimer2RegsFile</name>
         <uninitialized>true</uninitialized>
         <run_address>0xc10</run_address>
         <size>0x8</size>
         <input_file_ref idref="fl-16"/>
      </object_component>
      <object_component id="oc-f5">
         <name>CpuSysRegsFile</name>
         <uninitialized>true</uninitialized>
         <run_address>0x5d300</run_address>
         <size>0xb0</size>
         <input_file_ref idref="fl-16"/>
      </object_component>
      <object_component id="oc-e8">
         <name>Dcc0RegsFile</name>
         <uninitialized>true</uninitialized>
         <run_address>0x5e700</run_address>
         <size>0x2c</size>
         <input_file_ref idref="fl-16"/>
      </object_component>
      <object_component id="oc-e5">
         <name>DcsmCommonRegsFile</name>
         <uninitialized>true</uninitialized>
         <run_address>0x5f0c0</run_address>
         <size>0x28</size>
         <input_file_ref idref="fl-16"/>
      </object_component>
      <object_component id="oc-de">
         <name>DcsmZ1OtpRegsFile</name>
         <uninitialized>true</uninitialized>
         <run_address>0x78000</run_address>
         <size>0x20</size>
         <input_file_ref idref="fl-16"/>
      </object_component>
      <object_component id="oc-ed">
         <name>DcsmZ1RegsFile</name>
         <uninitialized>true</uninitialized>
         <run_address>0x5f000</run_address>
         <size>0x3e</size>
         <input_file_ref idref="fl-16"/>
      </object_component>
      <object_component id="oc-d5">
         <name>DcsmZ2OtpRegsFile</name>
         <uninitialized>true</uninitialized>
         <run_address>0x78200</run_address>
         <size>0x12</size>
         <input_file_ref idref="fl-16"/>
      </object_component>
      <object_component id="oc-e9">
         <name>DcsmZ2RegsFile</name>
         <uninitialized>true</uninitialized>
         <run_address>0x5f080</run_address>
         <size>0x2c</size>
         <input_file_ref idref="fl-16"/>
      </object_component>
      <object_component id="oc-101">
         <name>DevCfgRegsFile</name>
         <uninitialized>true</uninitialized>
         <run_address>0x5d000</run_address>
         <size>0x19c</size>
         <input_file_ref idref="fl-16"/>
      </object_component>
      <object_component id="oc-df">
         <name>ECap1RegsFile</name>
         <uninitialized>true</uninitialized>
         <run_address>0x5200</run_address>
         <size>0x20</size>
         <input_file_ref idref="fl-16"/>
      </object_component>
      <object_component id="oc-e0">
         <name>ECap2RegsFile</name>
         <uninitialized>true</uninitialized>
         <run_address>0x5240</run_address>
         <size>0x20</size>
         <input_file_ref idref="fl-16"/>
      </object_component>
      <object_component id="oc-cd">
         <name>Epg1MuxRegsFile</name>
         <uninitialized>true</uninitialized>
         <run_address>0x5ecd0</run_address>
         <size>0x10</size>
         <input_file_ref idref="fl-16"/>
      </object_component>
      <object_component id="oc-ee">
         <name>Epg1RegsFile</name>
         <uninitialized>true</uninitialized>
         <run_address>0x5ec00</run_address>
         <size>0x40</size>
         <input_file_ref idref="fl-16"/>
      </object_component>
      <object_component id="oc-f6">
         <name>EPwm1RegsFile</name>
         <uninitialized>true</uninitialized>
         <run_address>0x4000</run_address>
         <size>0x100</size>
         <input_file_ref idref="fl-16"/>
      </object_component>
      <object_component id="oc-f7">
         <name>EPwm2RegsFile</name>
         <uninitialized>true</uninitialized>
         <run_address>0x4100</run_address>
         <size>0x100</size>
         <input_file_ref idref="fl-16"/>
      </object_component>
      <object_component id="oc-f8">
         <name>EPwm3RegsFile</name>
         <uninitialized>true</uninitialized>
         <run_address>0x4200</run_address>
         <size>0x100</size>
         <input_file_ref idref="fl-16"/>
      </object_component>
      <object_component id="oc-f9">
         <name>EPwm4RegsFile</name>
         <uninitialized>true</uninitialized>
         <run_address>0x4300</run_address>
         <size>0x100</size>
         <input_file_ref idref="fl-16"/>
      </object_component>
      <object_component id="oc-fa">
         <name>EPwm5RegsFile</name>
         <uninitialized>true</uninitialized>
         <run_address>0x4400</run_address>
         <size>0x100</size>
         <input_file_ref idref="fl-16"/>
      </object_component>
      <object_component id="oc-fb">
         <name>EPwm6RegsFile</name>
         <uninitialized>true</uninitialized>
         <run_address>0x4500</run_address>
         <size>0x100</size>
         <input_file_ref idref="fl-16"/>
      </object_component>
      <object_component id="oc-fc">
         <name>EPwm7RegsFile</name>
         <uninitialized>true</uninitialized>
         <run_address>0x4600</run_address>
         <size>0x100</size>
         <input_file_ref idref="fl-16"/>
      </object_component>
      <object_component id="oc-ef">
         <name>EPwmXbarRegsFile</name>
         <uninitialized>true</uninitialized>
         <run_address>0x7a00</run_address>
         <size>0x40</size>
         <input_file_ref idref="fl-16"/>
      </object_component>
      <object_component id="oc-ea">
         <name>EQep1RegsFile</name>
         <uninitialized>true</uninitialized>
         <run_address>0x5100</run_address>
         <size>0x38</size>
         <input_file_ref idref="fl-16"/>
      </object_component>
      <object_component id="oc-100">
         <name>Flash0CtrlRegsFile</name>
         <uninitialized>true</uninitialized>
         <run_address>0x5f800</run_address>
         <size>0x182</size>
         <input_file_ref idref="fl-16"/>
      </object_component>
      <object_component id="oc-e2">
         <name>Flash0EccRegsFile</name>
         <uninitialized>true</uninitialized>
         <run_address>0x5fb00</run_address>
         <size>0x22</size>
         <input_file_ref idref="fl-16"/>
      </object_component>
      <object_component id="oc-102">
         <name>GpioCtrlRegsFile</name>
         <uninitialized>true</uninitialized>
         <run_address>0x7c00</run_address>
         <size>0x200</size>
         <input_file_ref idref="fl-16"/>
      </object_component>
      <object_component id="oc-ce">
         <name>GpioDataReadRegsFile</name>
         <uninitialized>true</uninitialized>
         <run_address>0x7f80</run_address>
         <size>0x10</size>
         <input_file_ref idref="fl-16"/>
      </object_component>
      <object_component id="oc-f0">
         <name>GpioDataRegsFile</name>
         <uninitialized>true</uninitialized>
         <run_address>0x7f00</run_address>
         <size>0x40</size>
         <input_file_ref idref="fl-16"/>
      </object_component>
      <object_component id="oc-e3">
         <name>I2caRegsFile</name>
         <uninitialized>true</uninitialized>
         <run_address>0x7300</run_address>
         <size>0x22</size>
         <input_file_ref idref="fl-16"/>
      </object_component>
      <object_component id="oc-e4">
         <name>I2cbRegsFile</name>
         <uninitialized>true</uninitialized>
         <run_address>0x7340</run_address>
         <size>0x22</size>
         <input_file_ref idref="fl-16"/>
      </object_component>
      <object_component id="oc-e1">
         <name>InputXbarRegsFile</name>
         <uninitialized>true</uninitialized>
         <run_address>0x7900</run_address>
         <size>0x20</size>
         <input_file_ref idref="fl-16"/>
      </object_component>
      <object_component id="oc-eb">
         <name>MemoryErrorRegsFile</name>
         <uninitialized>true</uninitialized>
         <run_address>0x5f540</run_address>
         <size>0x3a</size>
         <input_file_ref idref="fl-16"/>
      </object_component>
      <object_component id="oc-f4">
         <name>MemCfgRegsFile</name>
         <uninitialized>true</uninitialized>
         <run_address>0x5f400</run_address>
         <size>0xa6</size>
         <input_file_ref idref="fl-16"/>
      </object_component>
      <object_component id="oc-cc">
         <name>NmiIntruptRegsFile</name>
         <uninitialized>true</uninitialized>
         <run_address>0x7060</run_address>
         <size>0xc</size>
         <input_file_ref idref="fl-16"/>
      </object_component>
      <object_component id="oc-f1">
         <name>OutputXbarRegsFile</name>
         <uninitialized>true</uninitialized>
         <run_address>0x7a80</run_address>
         <size>0x40</size>
         <input_file_ref idref="fl-16"/>
      </object_component>
      <object_component id="oc-d9">
         <name>PieCtrlRegsFile</name>
         <uninitialized>true</uninitialized>
         <run_address>0xce0</run_address>
         <size>0x1a</size>
         <input_file_ref idref="fl-16"/>
      </object_component>
      <object_component id="oc-cf">
         <name>SciaRegsFile</name>
         <uninitialized>true</uninitialized>
         <run_address>0x7200</run_address>
         <size>0x10</size>
         <input_file_ref idref="fl-16"/>
      </object_component>
      <object_component id="oc-d0">
         <name>ScibRegsFile</name>
         <uninitialized>true</uninitialized>
         <run_address>0x7210</run_address>
         <size>0x10</size>
         <input_file_ref idref="fl-16"/>
      </object_component>
      <object_component id="oc-d1">
         <name>ScicRegsFile</name>
         <uninitialized>true</uninitialized>
         <run_address>0x7220</run_address>
         <size>0x10</size>
         <input_file_ref idref="fl-16"/>
      </object_component>
      <object_component id="oc-d2">
         <name>SpiaRegsFile</name>
         <uninitialized>true</uninitialized>
         <run_address>0x6100</run_address>
         <size>0x10</size>
         <input_file_ref idref="fl-16"/>
      </object_component>
      <object_component id="oc-c6">
         <name>SyncSocRegsFile</name>
         <uninitialized>true</uninitialized>
         <run_address>0x7940</run_address>
         <size>0x6</size>
         <input_file_ref idref="fl-16"/>
      </object_component>
      <object_component id="oc-d8">
         <name>SysStatusRegsFile</name>
         <uninitialized>true</uninitialized>
         <run_address>0x5d400</run_address>
         <size>0x18</size>
         <input_file_ref idref="fl-16"/>
      </object_component>
      <object_component id="oc-c7">
         <name>TestErrorRegsFile</name>
         <uninitialized>true</uninitialized>
         <run_address>0x5f590</run_address>
         <size>0x6</size>
         <input_file_ref idref="fl-16"/>
      </object_component>
      <object_component id="oc-d3">
         <name>UidRegsFile</name>
         <uninitialized>true</uninitialized>
         <run_address>0x71140</run_address>
         <size>0x10</size>
         <input_file_ref idref="fl-16"/>
      </object_component>
      <object_component id="oc-e6">
         <name>WdRegsFile</name>
         <uninitialized>true</uninitialized>
         <run_address>0x7000</run_address>
         <size>0x2b</size>
         <input_file_ref idref="fl-16"/>
      </object_component>
      <object_component id="oc-d4">
         <name>XbarRegsFile</name>
         <uninitialized>true</uninitialized>
         <run_address>0x7920</run_address>
         <size>0x10</size>
         <input_file_ref idref="fl-16"/>
      </object_component>
      <object_component id="oc-cb">
         <name>XintRegsFile</name>
         <uninitialized>true</uninitialized>
         <run_address>0x7070</run_address>
         <size>0xb</size>
         <input_file_ref idref="fl-16"/>
      </object_component>
      <object_component id="oc-56">
         <name>.debug_info</name>
         <load_address>0x0</load_address>
         <run_address>0x0</run_address>
         <size>0x3fb7</size>
         <input_file_ref idref="fl-2"/>
      </object_component>
      <object_component id="oc-5e">
         <name>.debug_info</name>
         <load_address>0x3fb7</load_address>
         <run_address>0x3fb7</run_address>
         <size>0x9864</size>
         <input_file_ref idref="fl-3"/>
      </object_component>
      <object_component id="oc-63">
         <name>.debug_info</name>
         <load_address>0xd81b</load_address>
         <run_address>0xd81b</run_address>
         <size>0x1bd3</size>
         <input_file_ref idref="fl-4"/>
      </object_component>
      <object_component id="oc-69">
         <name>.debug_info</name>
         <load_address>0xf3ee</load_address>
         <run_address>0xf3ee</run_address>
         <size>0x31b</size>
         <input_file_ref idref="fl-5"/>
      </object_component>
      <object_component id="oc-6e">
         <name>.debug_info</name>
         <load_address>0xf709</load_address>
         <run_address>0xf709</run_address>
         <size>0x27d4</size>
         <input_file_ref idref="fl-6"/>
      </object_component>
      <object_component id="oc-74">
         <name>.debug_info</name>
         <load_address>0x11edd</load_address>
         <run_address>0x11edd</run_address>
         <size>0x7a5</size>
         <input_file_ref idref="fl-7"/>
      </object_component>
      <object_component id="oc-7a">
         <name>.debug_info</name>
         <load_address>0x12682</load_address>
         <run_address>0x12682</run_address>
         <size>0x32ff</size>
         <input_file_ref idref="fl-8"/>
      </object_component>
      <object_component id="oc-80">
         <name>.debug_info</name>
         <load_address>0x15981</load_address>
         <run_address>0x15981</run_address>
         <size>0x5cd3</size>
         <input_file_ref idref="fl-9"/>
      </object_component>
      <object_component id="oc-88">
         <name>.debug_info</name>
         <load_address>0x1b654</load_address>
         <run_address>0x1b654</run_address>
         <size>0x149</size>
         <input_file_ref idref="fl-a"/>
      </object_component>
      <object_component id="oc-8b">
         <name>.debug_info</name>
         <load_address>0x1b79d</load_address>
         <run_address>0x1b79d</run_address>
         <size>0x9a7</size>
         <input_file_ref idref="fl-b"/>
      </object_component>
      <object_component id="oc-93">
         <name>.debug_info</name>
         <load_address>0x1c144</load_address>
         <run_address>0x1c144</run_address>
         <size>0x101</size>
         <input_file_ref idref="fl-c"/>
      </object_component>
      <object_component id="oc-96">
         <name>.debug_info</name>
         <load_address>0x1c245</load_address>
         <run_address>0x1c245</run_address>
         <size>0x24f7</size>
         <input_file_ref idref="fl-d"/>
      </object_component>
      <object_component id="oc-9c">
         <name>.debug_info</name>
         <load_address>0x1e73c</load_address>
         <run_address>0x1e73c</run_address>
         <size>0x6cbf</size>
         <input_file_ref idref="fl-e"/>
      </object_component>
      <object_component id="oc-a1">
         <name>.debug_info</name>
         <load_address>0x253fb</load_address>
         <run_address>0x253fb</run_address>
         <size>0xa966</size>
         <input_file_ref idref="fl-f"/>
      </object_component>
      <object_component id="oc-a6">
         <name>.debug_info</name>
         <load_address>0x2fd61</load_address>
         <run_address>0x2fd61</run_address>
         <size>0x2465</size>
         <input_file_ref idref="fl-10"/>
      </object_component>
      <object_component id="oc-ab">
         <name>.debug_info</name>
         <load_address>0x321c6</load_address>
         <run_address>0x321c6</run_address>
         <size>0x3f8f</size>
         <input_file_ref idref="fl-11"/>
      </object_component>
      <object_component id="oc-b0">
         <name>.debug_info</name>
         <load_address>0x36155</load_address>
         <run_address>0x36155</run_address>
         <size>0x75a6</size>
         <input_file_ref idref="fl-12"/>
      </object_component>
      <object_component id="oc-b5">
         <name>.debug_info</name>
         <load_address>0x3d6fb</load_address>
         <run_address>0x3d6fb</run_address>
         <size>0x5bc8</size>
         <input_file_ref idref="fl-13"/>
      </object_component>
      <object_component id="oc-ba">
         <name>.debug_info</name>
         <load_address>0x432c3</load_address>
         <run_address>0x432c3</run_address>
         <size>0x1c6b</size>
         <input_file_ref idref="fl-14"/>
      </object_component>
      <object_component id="oc-c2">
         <name>.debug_info</name>
         <load_address>0x44f2e</load_address>
         <run_address>0x44f2e</run_address>
         <size>0x103</size>
         <input_file_ref idref="fl-15"/>
      </object_component>
      <object_component id="oc-c5">
         <name>.debug_info</name>
         <load_address>0x45031</load_address>
         <run_address>0x45031</run_address>
         <size>0x3c7f6</size>
         <input_file_ref idref="fl-16"/>
      </object_component>
      <object_component id="oc-104">
         <name>.debug_info</name>
         <load_address>0x81827</load_address>
         <run_address>0x81827</run_address>
         <size>0x714</size>
         <input_file_ref idref="fl-27"/>
      </object_component>
      <object_component id="oc-109">
         <name>.debug_info</name>
         <load_address>0x81f3b</load_address>
         <run_address>0x81f3b</run_address>
         <size>0x2a4f</size>
         <input_file_ref idref="fl-28"/>
      </object_component>
      <object_component id="oc-110">
         <name>.debug_info</name>
         <load_address>0x8498a</load_address>
         <run_address>0x8498a</run_address>
         <size>0x8e3</size>
         <input_file_ref idref="fl-29"/>
      </object_component>
      <object_component id="oc-117">
         <name>.debug_info</name>
         <load_address>0x8526d</load_address>
         <run_address>0x8526d</run_address>
         <size>0x641</size>
         <input_file_ref idref="fl-2a"/>
      </object_component>
      <object_component id="oc-11c">
         <name>.debug_info</name>
         <load_address>0x858ae</load_address>
         <run_address>0x858ae</run_address>
         <size>0x7f6</size>
         <input_file_ref idref="fl-2b"/>
      </object_component>
      <object_component id="oc-122">
         <name>.debug_info</name>
         <load_address>0x860a4</load_address>
         <run_address>0x860a4</run_address>
         <size>0x5c0</size>
         <input_file_ref idref="fl-2c"/>
      </object_component>
      <object_component id="oc-127">
         <name>.debug_info</name>
         <load_address>0x86664</load_address>
         <run_address>0x86664</run_address>
         <size>0x609</size>
         <input_file_ref idref="fl-2d"/>
      </object_component>
      <object_component id="oc-12e">
         <name>.debug_info</name>
         <load_address>0x86c6d</load_address>
         <run_address>0x86c6d</run_address>
         <size>0x173</size>
         <input_file_ref idref="fl-2e"/>
      </object_component>
      <object_component id="oc-133">
         <name>.debug_info</name>
         <load_address>0x86de0</load_address>
         <run_address>0x86de0</run_address>
         <size>0x120</size>
         <input_file_ref idref="fl-2f"/>
      </object_component>
      <object_component id="oc-138">
         <name>.debug_info</name>
         <load_address>0x86f00</load_address>
         <run_address>0x86f00</run_address>
         <size>0x114</size>
         <input_file_ref idref="fl-30"/>
      </object_component>
      <object_component id="oc-13d">
         <name>.debug_info</name>
         <load_address>0x87014</load_address>
         <run_address>0x87014</run_address>
         <size>0x114</size>
         <input_file_ref idref="fl-31"/>
      </object_component>
      <object_component id="oc-142">
         <name>.debug_info</name>
         <load_address>0x87128</load_address>
         <run_address>0x87128</run_address>
         <size>0x122</size>
         <input_file_ref idref="fl-32"/>
      </object_component>
      <object_component id="oc-147">
         <name>.debug_info</name>
         <load_address>0x8724a</load_address>
         <run_address>0x8724a</run_address>
         <size>0x114</size>
         <input_file_ref idref="fl-33"/>
      </object_component>
      <object_component id="oc-14c">
         <name>.debug_info</name>
         <load_address>0x8735e</load_address>
         <run_address>0x8735e</run_address>
         <size>0x114</size>
         <input_file_ref idref="fl-34"/>
      </object_component>
      <object_component id="oc-151">
         <name>.debug_info</name>
         <load_address>0x87472</load_address>
         <run_address>0x87472</run_address>
         <size>0x114</size>
         <input_file_ref idref="fl-35"/>
      </object_component>
      <object_component id="oc-156">
         <name>.debug_info</name>
         <load_address>0x87586</load_address>
         <run_address>0x87586</run_address>
         <size>0x176</size>
         <input_file_ref idref="fl-36"/>
      </object_component>
      <object_component id="oc-15b">
         <name>.debug_info</name>
         <load_address>0x876fc</load_address>
         <run_address>0x876fc</run_address>
         <size>0x14e</size>
         <input_file_ref idref="fl-37"/>
      </object_component>
      <object_component id="oc-160">
         <name>.debug_info</name>
         <load_address>0x8784a</load_address>
         <run_address>0x8784a</run_address>
         <size>0x231</size>
         <input_file_ref idref="fl-38"/>
      </object_component>
      <object_component id="oc-165">
         <name>.debug_info</name>
         <load_address>0x87a7b</load_address>
         <run_address>0x87a7b</run_address>
         <size>0x118</size>
         <input_file_ref idref="fl-39"/>
      </object_component>
      <object_component id="oc-16a">
         <name>.debug_info</name>
         <load_address>0x87b93</load_address>
         <run_address>0x87b93</run_address>
         <size>0x118</size>
         <input_file_ref idref="fl-3a"/>
      </object_component>
      <object_component id="oc-16f">
         <name>.debug_info</name>
         <load_address>0x87cab</load_address>
         <run_address>0x87cab</run_address>
         <size>0x1a5</size>
         <input_file_ref idref="fl-3b"/>
      </object_component>
      <object_component id="oc-174">
         <name>.debug_info</name>
         <load_address>0x87e50</load_address>
         <run_address>0x87e50</run_address>
         <size>0x11a</size>
         <input_file_ref idref="fl-3c"/>
      </object_component>
      <object_component id="oc-179">
         <name>.debug_info</name>
[...]
         <object_component_ref idref="oc-d6"/>
      </symbol>
      <symbol id="sm-3f2">
         <name>_ECap2Regs</name>
         <value>0x5240</value>
         <object_component_ref idref="oc-e0"/>
      </symbol>
      <symbol id="sm-3f3">
         <name>_DcsmZ2OtpRegs</name>
         <value>0x78200</value>
         <object_component_ref idref="oc-d5"/>
      </symbol>
      <symbol id="sm-3f4">
         <name>_AdccResultRegs</name>
         <value>0xb40</value>
         <object_component_ref idref="oc-d7"/>
      </symbol>
      <symbol id="sm-3f5">
         <name>_CmpssLite4Regs</name>
         <value>0x55c0</value>
         <object_component_ref idref="oc-dc"/>
      </symbol>
      <symbol id="sm-3f6">
         <name>_Cmpss1Regs</name>
         <value>0x5500</value>
         <object_component_ref idref="oc-dd"/>
      </symbol>
      <symbol id="sm-3f7">
         <name>_DcsmCommonRegs</name>
         <value>0x5f0c0</value>
         <object_component_ref idref="oc-e5"/>
      </symbol>
      <symbol id="sm-3f8">
         <name>_EPwm2Regs</name>
         <value>0x4100</value>
         <object_component_ref idref="oc-f7"/>
      </symbol>
      <symbol id="sm-3f9">
         <name>_SyncSocRegs</name>
         <value>0x7940</value>
         <object_component_ref idref="oc-c6"/>
      </symbol>
      <symbol id="sm-3fa">
         <name>_NmiIntruptRegs</name>
         <value>0x7060</value>
         <object_component_ref idref="oc-cc"/>
      </symbol>
      <symbol id="sm-3fb">
         <name>_EPwm3Regs</name>
         <value>0x4200</value>
         <object_component_ref idref="oc-f8"/>
      </symbol>
      <symbol id="sm-3fc">
         <name>_SysStatusRegs</name>
         <value>0x5d400</value>
         <object_component_ref idref="oc-d8"/>
      </symbol>
      <symbol id="sm-3fd">
         <name>_I2caRegs</name>
         <value>0x7300</value>
         <object_component_ref idref="oc-e3"/>
      </symbol>
      <symbol id="sm-40d">
         <name>_printf</name>
         <value>0x8447b</value>
         <object_component_ref idref="oc-277"/>
      </symbol>
      <symbol id="sm-571">
         <name>___TI_printfi</name>
         <value>0x82b40</value>
         <object_component_ref idref="oc-284"/>
      </symbol>
      <symbol id="sm-5ad">
         <name>_fopen</name>
         <value>0x837dd</value>
         <object_component_ref idref="oc-27f"/>
      </symbol>
      <symbol id="sm-5af">
         <name>___TI_cleanup</name>
         <value>0x837a2</value>
         <object_component_ref idref="oc-27f"/>
      </symbol>
      <symbol id="sm-5b1">
         <name>_freopen</name>
         <value>0x837bf</value>
         <object_component_ref idref="oc-27f"/>
      </symbol>
      <symbol id="sm-5c5">
         <name>_putchar</name>
         <value>0x842ff</value>
         <object_component_ref idref="oc-281"/>
      </symbol>
      <symbol id="sm-5c7">
         <name>_putc</name>
         <value>0x842b1</value>
         <object_component_ref idref="oc-281"/>
      </symbol>
      <symbol id="sm-5c8">
         <name>_fputc</name>
         <value>0x842b1</value>
         <object_component_ref idref="oc-281"/>
      </symbol>
      <symbol id="sm-5e6">
         <name>_puts</name>
         <value>0x83b39</value>
         <object_component_ref idref="oc-282"/>
      </symbol>
      <symbol id="sm-5e8">
         <name>_fputs</name>
         <value>0x83aa4</value>
         <object_component_ref idref="oc-282"/>
      </symbol>
      <symbol id="sm-600">
         <name>___TI_rd_ok</name>
         <value>0x8411e</value>
         <object_component_ref idref="oc-28d"/>
      </symbol>
      <symbol id="sm-602">
         <name>___TI_wrt_ok</name>
         <value>0x840e4</value>
         <object_component_ref idref="oc-28d"/>
      </symbol>
      <symbol id="sm-61a">
         <name>_setvbuf</name>
         <value>0x83f14</value>
         <object_component_ref idref="oc-280"/>
      </symbol>
      <symbol id="sm-636">
         <name>_c_int00</name>
         <value>0x8425b</value>
         <object_component_ref idref="oc-55"/>
      </symbol>
      <symbol id="sm-637">
         <name>__stack</name>
         <value>0x400</value>
         <object_component_ref idref="oc-12c"/>
      </symbol>
      <symbol id="sm-647">
         <name>FD$$CMP</name>
         <value>0x8453d</value>
         <object_component_ref idref="oc-132"/>
      </symbol>
      <symbol id="sm-659">
         <name>FD$$MPY</name>
         <value>0x83e15</value>
         <object_component_ref idref="oc-137"/>
      </symbol>
      <symbol id="sm-666">
         <name>FD$$NEG</name>
         <value>0x8488b</value>
         <object_component_ref idref="oc-13c"/>
      </symbol>
      <symbol id="sm-672">
         <name>FD$$SUB</name>
         <value>0x84851</value>
         <object_component_ref idref="oc-141"/>
      </symbol>
      <symbol id="sm-681">
         <name>FD$$TOI</name>
         <value>0x8469a</value>
         <object_component_ref idref="oc-146"/>
      </symbol>
      <symbol id="sm-690">
         <name>FD$$TOL</name>
         <value>0x846bb</value>
         <object_component_ref idref="oc-14b"/>
      </symbol>
      <symbol id="sm-6a1">
         <name>FS$$DIV</name>
         <value>0x83d08</value>
         <object_component_ref idref="oc-150"/>
      </symbol>
      <symbol id="sm-6ad">
         <name>LL$$AND</name>
         <value>0x8479c</value>
         <object_component_ref idref="oc-155"/>
      </symbol>
      <symbol id="sm-6ae">
         <name>LL$$OR</name>
         <value>0x847a4</value>
         <object_component_ref idref="oc-155"/>
      </symbol>
      <symbol id="sm-6af">
         <name>LL$$XOR</name>
         <value>0x847ac</value>
         <object_component_ref idref="oc-155"/>
      </symbol>
      <symbol id="sm-6bd">
         <name>ULL$$CMP</name>
         <value>0x846ec</value>
         <object_component_ref idref="oc-15a"/>
      </symbol>
      <symbol id="sm-6be">
         <name>LL$$CMP</name>
         <value>0x846da</value>
         <object_component_ref idref="oc-15a"/>
      </symbol>
      <symbol id="sm-6ea">
         <name>ULL$$MOD</name>
         <value>0x838c9</value>
         <object_component_ref idref="oc-15f"/>
      </symbol>
      <symbol id="sm-6eb">
         <name>ULL$$DIV</name>
         <value>0x8389a</value>
         <object_component_ref idref="oc-15f"/>
      </symbol>
      <symbol id="sm-6ec">
         <name>LL$$MOD</name>
         <value>0x83860</value>
         <object_component_ref idref="oc-15f"/>
      </symbol>
      <symbol id="sm-6ed">
         <name>LL$$DIV</name>
         <value>0x83824</value>
         <object_component_ref idref="oc-15f"/>
      </symbol>
      <symbol id="sm-6fd">
         <name>I$$TOFD</name>
         <value>0x846f8</value>
         <object_component_ref idref="oc-164"/>
      </symbol>
      <symbol id="sm-70d">
         <name>L$$TOFD</name>
         <value>0x8474e</value>
         <object_component_ref idref="oc-169"/>
      </symbol>
      <symbol id="sm-719">
         <name>UL$$MOD</name>
         <value>0x8458b</value>
         <object_component_ref idref="oc-16e"/>
      </symbol>
      <symbol id="sm-71a">
         <name>L$$MOD</name>
         <value>0x84576</value>
         <object_component_ref idref="oc-16e"/>
      </symbol>
      <symbol id="sm-71b">
         <name>L$$DIV</name>
         <value>0x84567</value>
         <object_component_ref idref="oc-16e"/>
      </symbol>
      <symbol id="sm-71c">
         <name>UL$$DIV</name>
         <value>0x84584</value>
         <object_component_ref idref="oc-16e"/>
      </symbol>
      <symbol id="sm-72c">
         <name>FS$$TOFD</name>
         <value>0x84732</value>
         <object_component_ref idref="oc-173"/>
      </symbol>
      <symbol id="sm-743">
         <name>FD$$DIV</name>
         <value>0x83c7d</value>
         <object_component_ref idref="oc-178"/>
      </symbol>
      <symbol id="sm-752">
         <name>_copy_in</name>
         <value>0x8462e</value>
         <object_component_ref idref="oc-268"/>
      </symbol>
      <symbol id="sm-764">
         <name>_memcpy</name>
         <value>0x84715</value>
         <object_component_ref idref="oc-26c"/>
      </symbol>
      <symbol id="sm-771">
         <name>__system_pre_init</name>
         <value>0x848bc</value>
         <object_component_ref idref="oc-267"/>
      </symbol>
      <symbol id="sm-77f">
         <name>__system_post_cinit</name>
         <value>0x848be</value>
         <object_component_ref idref="oc-269"/>
      </symbol>
      <symbol id="sm-794">
         <name>C$$EXIT</name>
         <value>0x84591</value>
         <object_component_ref idref="oc-26b"/>
      </symbol>
      <symbol id="sm-795">
         <name>_exit</name>
         <value>0x84593</value>
         <object_component_ref idref="oc-26b"/>
      </symbol>
      <symbol id="sm-797">
         <name>___TI_cleanup_ptr</name>
         <value>0x81ea</value>
         <object_component_ref idref="oc-193"/>
      </symbol>
      <symbol id="sm-798">
         <name>___TI_enable_exit_profile_output</name>
         <value>0x81e8</value>
         <object_component_ref idref="oc-193"/>
      </symbol>
      <symbol id="sm-799">
         <name>_abort</name>
         <value>0x84591</value>
         <object_component_ref idref="oc-26b"/>
      </symbol>
      <symbol id="sm-79b">
         <name>___TI_dtors_ptr</name>
         <value>0x81ec</value>
         <object_component_ref idref="oc-193"/>
      </symbol>
      <symbol id="sm-7af">
         <name>__unlock</name>
         <value>0x81f8</value>
         <object_component_ref idref="oc-283"/>
      </symbol>
      <symbol id="sm-7b0">
         <name>__lock</name>
         <value>0x81f6</value>
         <object_component_ref idref="oc-26e"/>
      </symbol>
      <symbol id="sm-7b1">
         <name>__register_lock</name>
         <value>0x84886</value>
         <object_component_ref idref="oc-278"/>
      </symbol>
      <symbol id="sm-7b3">
         <name>__nop</name>
         <value>0x8488a</value>
         <object_component_ref idref="oc-278"/>
      </symbol>
      <symbol id="sm-7b5">
         <name>__register_unlock</name>
         <value>0x84882</value>
         <object_component_ref idref="oc-278"/>
      </symbol>
      <symbol id="sm-7c4">
         <name>___TI_ltoa</name>
         <value>0x8450d</value>
         <object_component_ref idref="oc-2a7"/>
      </symbol>
      <symbol id="sm-7d4">
         <name>__args_main</name>
         <value>0x8481f</value>
         <object_component_ref idref="oc-26a"/>
      </symbol>
      <symbol id="sm-7e9">
         <name>_atoi</name>
         <value>0x844dc</value>
         <object_component_ref idref="oc-292"/>
      </symbol>
      <symbol id="sm-7f2">
         <name>__ctypes_</name>
         <value>0x88000</value>
         <object_component_ref idref="oc-2a6"/>
      </symbol>
      <symbol id="sm-803">
         <name>___TI_ft_end</name>
         <value>0x81fb</value>
         <object_component_ref idref="oc-1b0"/>
      </symbol>
      <symbol id="sm-804">
         <name>___TI_tmpnams</name>
         <value>0x8140</value>
         <object_component_ref idref="oc-2a3"/>
      </symbol>
      <symbol id="sm-805">
         <name>__ftable</name>
         <value>0x8200</value>
         <object_component_ref idref="oc-27d"/>
      </symbol>
      <symbol id="sm-814">
         <name>_memccpy</name>
         <value>0x84841</value>
         <object_component_ref idref="oc-296"/>
      </symbol>
      <symbol id="sm-824">
         <name>_memchr</name>
         <value>0x8485f</value>
         <object_component_ref idref="oc-291"/>
      </symbol>
      <symbol id="sm-882">
         <name>__sys_memory</name>
         <value>0x82f0</value>
         <object_component_ref idref="oc-1bf"/>
      </symbol>
      <symbol id="sm-883">
         <name>___TI_heap_total_available</name>
         <value>0x834e5</value>
         <object_component_ref idref="oc-28c"/>
      </symbol>
      <symbol id="sm-885">
         <name>_realloc</name>
         <value>0x8338a</value>
         <object_component_ref idref="oc-28c"/>
      </symbol>
      <symbol id="sm-887">
         <name>___TI_heap_check</name>
         <value>0x8351f</value>
         <object_component_ref idref="oc-28c"/>
      </symbol>
      <symbol id="sm-889">
         <name>_free</name>
         <value>0x832c0</value>
         <object_component_ref idref="oc-28c"/>
      </symbol>
      <symbol id="sm-88b">
         <name>_memalign</name>
         <value>0x8343f</value>
         <object_component_ref idref="oc-28c"/>
      </symbol>
      <symbol id="sm-88c">
         <name>_calloc</name>
         <value>0x83412</value>
         <object_component_ref idref="oc-28c"/>
      </symbol>
      <symbol id="sm-88e">
         <name>_malloc</name>
         <value>0x83295</value>
         <object_component_ref idref="oc-28c"/>
      </symbol>
      <symbol id="sm-890">
         <name>_aligned_alloc</name>
         <value>0x8343f</value>
         <object_component_ref idref="oc-28c"/>
      </symbol>
      <symbol id="sm-892">
         <name>_minit</name>
         <value>0x8340e</value>
         <object_component_ref idref="oc-28c"/>
      </symbol>
      <symbol id="sm-894">
         <name>___TI_heap_largest_available</name>
         <value>0x83502</value>
         <object_component_ref idref="oc-28c"/>
      </symbol>
      <symbol id="sm-8a3">
         <name>_memset</name>
         <value>0x848ad</value>
         <object_component_ref idref="oc-293"/>
      </symbol>
      <symbol id="sm-8b3">
         <name>_strchr</name>
         <value>0x8486c</value>
         <object_component_ref idref="oc-2a1"/>
      </symbol>
      <symbol id="sm-8c1">
         <name>_strcpy</name>
         <value>0x848b4</value>
         <object_component_ref idref="oc-294"/>
      </symbol>
      <symbol id="sm-8cf">
         <name>_strlen</name>
         <value>0x848a5</value>
         <object_component_ref idref="oc-290"/>
      </symbol>
      <symbol id="sm-8dd">
         <name>_write</name>
         <value>0x84783</value>
         <object_component_ref idref="oc-28f"/>
      </symbol>
      <symbol id="sm-8ee">
         <name>__device</name>
         <value>0x8280</value>
         <object_component_ref idref="oc-285"/>
      </symbol>
      <symbol id="sm-8ef">
         <name>__stream</name>
         <value>0x82c8</value>
         <object_component_ref idref="oc-298"/>
      </symbol>
      <symbol id="sm-90a">
         <name>_open</name>
         <value>0x84073</value>
         <object_component_ref idref="oc-28a"/>
      </symbol>
      <symbol id="sm-923">
         <name>_add_device</name>
         <value>0x83f90</value>
         <object_component_ref idref="oc-27c"/>
      </symbol>
      <symbol id="sm-937">
         <name>_frexpl</name>
         <value>0x84201</value>
         <object_component_ref idref="oc-2a8"/>
      </symbol>
      <symbol id="sm-956">
         <name>_scalbnl</name>
         <value>0x839fb</value>
         <object_component_ref idref="oc-2a9"/>
      </symbol>
      <symbol id="sm-958">
         <name>_ldexpl</name>
         <value>0x839fb</value>
         <object_component_ref idref="oc-2a9"/>
      </symbol>
      <symbol id="sm-966">
         <name>_wcslen</name>
         <value>0x84894</value>
         <object_component_ref idref="oc-297"/>
      </symbol>
      <symbol id="sm-978">
         <name>___TI_closefile</name>
         <value>0x84149</value>
         <object_component_ref idref="oc-28b"/>
      </symbol>
      <symbol id="sm-97a">
         <name>_fclose</name>
         <value>0x8418d</value>
         <object_component_ref idref="oc-28b"/>
      </symbol>
      <symbol id="sm-991">
         <name>___TI_doflush</name>
         <value>0x84000</value>
         <object_component_ref idref="oc-28e"/>
      </symbol>
      <symbol id="sm-993">
         <name>_fflush</name>
         <value>0x8402f</value>
         <object_component_ref idref="oc-28e"/>
      </symbol>
      <symbol id="sm-9a4">
         <name>_fseek</name>
         <value>0x84393</value>
         <object_component_ref idref="oc-2a5"/>
      </symbol>
      <symbol id="sm-9a5">
         <name>_fseeko</name>
         <value>0x84393</value>
         <object_component_ref idref="oc-2a5"/>
      </symbol>
      <symbol id="sm-9b7">
         <name>_finddevice</name>
         <value>0x84304</value>
         <object_component_ref idref="oc-288"/>
      </symbol>
      <symbol id="sm-9b9">
         <name>_getdevice</name>
         <value>0x8431f</value>
         <object_component_ref idref="oc-288"/>
      </symbol>
      <symbol id="sm-9d5">
         <name>FD$$ADD</name>
         <value>0x83b4c</value>
         <object_component_ref idref="oc-212"/>
      </symbol>
      <symbol id="sm-9e3">
         <name>_strcmp</name>
         <value>0x84878</value>
         <object_component_ref idref="oc-2a0"/>
      </symbol>
      <symbol id="sm-9f4">
         <name>_strncpy</name>
         <value>0x847f8</value>
         <object_component_ref idref="oc-289"/>
      </symbol>
      <symbol id="sm-a01">
         <name>_HOSTclose</name>
         <value>0x845e2</value>
         <object_component_ref idref="oc-29a"/>
      </symbol>
      <symbol id="sm-a0e">
         <name>_HOSTlseek</name>
         <value>0x841a6</value>
         <object_component_ref idref="oc-29d"/>
      </symbol>
      <symbol id="sm-a1e">
         <name>_parmbuf</name>
         <value>0x8138</value>
         <object_component_ref idref="oc-2aa"/>
      </symbol>
      <symbol id="sm-a1f">
         <name>_HOSTopen</name>
         <value>0x843d0</value>
         <object_component_ref idref="oc-299"/>
      </symbol>
      <symbol id="sm-a2d">
         <name>_HOSTread</name>
         <value>0x8443f</value>
         <object_component_ref idref="oc-29b"/>
      </symbol>
      <symbol id="sm-a3a">
         <name>_HOSTrename</name>
         <value>0x84355</value>
         <object_component_ref idref="oc-29f"/>
      </symbol>
      <symbol id="sm-a47">
         <name>_HOSTunlink</name>
         <value>0x84652</value>
         <object_component_ref idref="oc-29e"/>
      </symbol>
      <symbol id="sm-a55">
         <name>_HOSTwrite</name>
         <value>0x84408</value>
         <object_component_ref idref="oc-29c"/>
      </symbol>
      <symbol id="sm-a6f">
         <name>___TI_readmsg</name>
         <value>0x83c40</value>
         <object_component_ref idref="oc-2ab"/>
      </symbol>
      <symbol id="sm-a71">
         <name>C$$IO$$</name>
         <value>0x83c3b</value>
         <object_component_ref idref="oc-2ab"/>
      </symbol>
      <symbol id="sm-a72">
         <name>__CIOBUF_</name>
         <value>0x8000</value>
         <object_component_ref idref="oc-245"/>
      </symbol>
      <symbol id="sm-a73">
         <name>___TI_writemsg</name>
         <value>0x83be8</value>
         <object_component_ref idref="oc-2ab"/>
      </symbol>
      <symbol id="sm-a80">
         <name>_remove</name>
         <value>0x848b9</value>
         <object_component_ref idref="oc-2a4"/>
      </symbol>
      <symbol id="sm-a8e">
         <name>_lseek</name>
         <value>0x847b4</value>
         <object_component_ref idref="oc-2ad"/>
      </symbol>
      <symbol id="sm-a9f">
         <name>_close</name>
         <value>0x844a9</value>
         <object_component_ref idref="oc-2a2"/>
      </symbol>
      <symbol id="sm-aaa">
         <name>_errno</name>
         <value>0x81fc</value>
         <object_component_ref idref="oc-25b"/>
      </symbol>
      <symbol id="sm-ab7">
         <name>_copysignl</name>
         <value>0x84676</value>
         <object_component_ref idref="oc-2ae"/>
      </symbol>
      <symbol id="sm-ac4">
         <name>_unlink</name>
         <value>0x8476a</value>
         <object_component_ref idref="oc-2ac"/>
      </symbol>
   </symbol_table>
   <title>Link successful</title>
</link_info>
