<?xml version="1.0" encoding="ISO-8859-1" ?>
<link_info>
   <banner>TMS320C2000 Linker PC v22.6.1.LTS</banner>
   <copyright>Copyright (c) 1996-2018 Texas Instruments Incorporated</copyright>
   <link_time>0x682fe3df</link_time>
   <link_errors>0x0</link_errors>
   <output_file>F280013x_Demo10_InputXbar.out</output_file>
   <entry_point>
      <name>_c_int00</name>
      <address>0x843d8</address>
   </entry_point>
   <input_file_list>
      <input_file id="fl-2">
         <path>.\</path>
         <kind>object</kind>
         <file>main.obj</file>
         <name>main.obj</name>
      </input_file>
      <input_file id="fl-3">
         <path>.\Peripheral\</path>
         <kind>object</kind>
         <file>Adc.obj</file>
         <name>Adc.obj</name>
      </input_file>
      <input_file id="fl-4">
         <path>.\Peripheral\</path>
         <kind>object</kind>
         <file>Cmpss.obj</file>
         <name>Cmpss.obj</name>
      </input_file>
      <input_file id="fl-5">
         <path>.\Peripheral\</path>
         <kind>object</kind>
         <file>Epwm.obj</file>
         <name>Epwm.obj</name>
      </input_file>
      <input_file id="fl-6">
         <path>.\Peripheral\</path>
         <kind>object</kind>
         <file>ExInt.obj</file>
         <name>ExInt.obj</name>
      </input_file>
      <input_file id="fl-7">
         <path>.\Peripheral\</path>
         <kind>object</kind>
         <file>Gpio.obj</file>
         <name>Gpio.obj</name>
      </input_file>
      <input_file id="fl-8">
         <path>.\Peripheral\</path>
         <kind>object</kind>
         <file>Sci.obj</file>
         <name>Sci.obj</name>
      </input_file>
      <input_file id="fl-9">
         <path>.\Peripheral\</path>
         <kind>object</kind>
         <file>Timer.obj</file>
         <name>Timer.obj</name>
      </input_file>
      <input_file id="fl-a">
         <path>.\User\</path>
         <kind>object</kind>
         <file>Adc_ISR.obj</file>
         <name>Adc_ISR.obj</name>
      </input_file>
      <input_file id="fl-b">
         <path>.\User\</path>
         <kind>object</kind>
         <file>ExInt_ISR.obj</file>
         <name>ExInt_ISR.obj</name>
      </input_file>
      <input_file id="fl-c">
         <path>.\User\</path>
         <kind>object</kind>
         <file>Timer0_ISR.obj</file>
         <name>Timer0_ISR.obj</name>
      </input_file>
      <input_file id="fl-d">
         <path>.\User\</path>
         <kind>object</kind>
         <file>Timer1_ISR.obj</file>
         <name>Timer1_ISR.obj</name>
      </input_file>
      <input_file id="fl-e">
         <path>.\User\</path>
         <kind>object</kind>
         <file>Timer2_ISR.obj</file>
         <name>Timer2_ISR.obj</name>
      </input_file>
      <input_file id="fl-f">
         <path>.\common\source\</path>
         <kind>object</kind>
         <file>f280013x_adc.obj</file>
         <name>f280013x_adc.obj</name>
      </input_file>
      <input_file id="fl-10">
         <path>.\common\source\</path>
         <kind>object</kind>
         <file>f280013x_codestartbranch.obj</file>
         <name>f280013x_codestartbranch.obj</name>
      </input_file>
      <input_file id="fl-11">
         <path>.\common\source\</path>
         <kind>object</kind>
         <file>f280013x_cputimers.obj</file>
         <name>f280013x_cputimers.obj</name>
      </input_file>
      <input_file id="fl-12">
         <path>.\common\source\</path>
         <kind>object</kind>
         <file>f280013x_dbgier.obj</file>
         <name>f280013x_dbgier.obj</name>
      </input_file>
      <input_file id="fl-13">
         <path>.\common\source\</path>
         <kind>object</kind>
         <file>f280013x_defaultisr.obj</file>
         <name>f280013x_defaultisr.obj</name>
      </input_file>
      <input_file id="fl-14">
         <path>.\common\source\</path>
         <kind>object</kind>
         <file>f280013x_epwm.obj</file>
         <name>f280013x_epwm.obj</name>
      </input_file>
      <input_file id="fl-15">
         <path>.\common\source\</path>
         <kind>object</kind>
         <file>f280013x_gpio.obj</file>
         <name>f280013x_gpio.obj</name>
      </input_file>
      <input_file id="fl-16">
         <path>.\common\source\</path>
         <kind>object</kind>
         <file>f280013x_piectrl.obj</file>
         <name>f280013x_piectrl.obj</name>
      </input_file>
      <input_file id="fl-17">
         <path>.\common\source\</path>
         <kind>object</kind>
         <file>f280013x_pievect.obj</file>
         <name>f280013x_pievect.obj</name>
      </input_file>
      <input_file id="fl-18">
         <path>.\common\source\</path>
         <kind>object</kind>
         <file>f280013x_spi.obj</file>
         <name>f280013x_spi.obj</name>
      </input_file>
      <input_file id="fl-19">
         <path>.\common\source\</path>
         <kind>object</kind>
         <file>f280013x_sysctrl.obj</file>
         <name>f280013x_sysctrl.obj</name>
      </input_file>
      <input_file id="fl-1a">
         <path>.\common\source\</path>
         <kind>object</kind>
         <file>f280013x_tempsensorconv.obj</file>
         <name>f280013x_tempsensorconv.obj</name>
      </input_file>
      <input_file id="fl-1b">
         <path>.\common\source\</path>
         <kind>object</kind>
         <file>f280013x_usdelay.obj</file>
         <name>f280013x_usdelay.obj</name>
      </input_file>
      <input_file id="fl-1c">
         <path>.\headers\source\</path>
         <kind>object</kind>
         <file>f280013x_globalvariabledefs.obj</file>
         <name>f280013x_globalvariabledefs.obj</name>
      </input_file>
      <input_file id="fl-21">
         <kind>object</kind>
         <file>&lt;internal&gt;</file>
         <name>&lt;internal&gt;</name>
      </input_file>
      <input_file id="fl-2d">
         <path>D:\ti\ccs1281\ccs\tools\compiler\ti-cgt-c2000_22.6.1.LTS\lib\</path>
         <kind>archive</kind>
         <file>rts2800_fpu32.lib</file>
         <name>printf.c.obj</name>
      </input_file>
      <input_file id="fl-2e">
         <path>D:\ti\ccs1281\ccs\tools\compiler\ti-cgt-c2000_22.6.1.LTS\lib\</path>
         <kind>archive</kind>
         <file>rts2800_fpu32.lib</file>
         <name>_printfi.c.obj</name>
      </input_file>
      <input_file id="fl-2f">
         <path>D:\ti\ccs1281\ccs\tools\compiler\ti-cgt-c2000_22.6.1.LTS\lib\</path>
         <kind>archive</kind>
         <file>rts2800_fpu32.lib</file>
         <name>fopen.c.obj</name>
      </input_file>
      <input_file id="fl-30">
         <path>D:\ti\ccs1281\ccs\tools\compiler\ti-cgt-c2000_22.6.1.LTS\lib\</path>
         <kind>archive</kind>
         <file>rts2800_fpu32.lib</file>
         <name>fputc.c.obj</name>
      </input_file>
      <input_file id="fl-31">
         <path>D:\ti\ccs1281\ccs\tools\compiler\ti-cgt-c2000_22.6.1.LTS\lib\</path>
         <kind>archive</kind>
         <file>rts2800_fpu32.lib</file>
         <name>fputs.c.obj</name>
      </input_file>
      <input_file id="fl-32">
         <path>D:\ti\ccs1281\ccs\tools\compiler\ti-cgt-c2000_22.6.1.LTS\lib\</path>
         <kind>archive</kind>
         <file>rts2800_fpu32.lib</file>
         <name>_io_perm.c.obj</name>
      </input_file>
      <input_file id="fl-33">
         <path>D:\ti\ccs1281\ccs\tools\compiler\ti-cgt-c2000_22.6.1.LTS\lib\</path>
         <kind>archive</kind>
         <file>rts2800_fpu32.lib</file>
         <name>setvbuf.c.obj</name>
      </input_file>
      <input_file id="fl-34">
         <path>D:\ti\ccs1281\ccs\tools\compiler\ti-cgt-c2000_22.6.1.LTS\lib\</path>
         <kind>archive</kind>
         <file>rts2800_fpu32.lib</file>
         <name>boot28.asm.obj</name>
      </input_file>
      <input_file id="fl-35">
         <path>D:\ti\ccs1281\ccs\tools\compiler\ti-cgt-c2000_22.6.1.LTS\lib\</path>
         <kind>archive</kind>
         <file>rts2800_fpu32.lib</file>
         <name>fd_cmp28.asm.obj</name>
      </input_file>
      <input_file id="fl-36">
         <path>D:\ti\ccs1281\ccs\tools\compiler\ti-cgt-c2000_22.6.1.LTS\lib\</path>
         <kind>archive</kind>
         <file>rts2800_fpu32.lib</file>
         <name>fd_mpy28.asm.obj</name>
      </input_file>
      <input_file id="fl-37">
         <path>D:\ti\ccs1281\ccs\tools\compiler\ti-cgt-c2000_22.6.1.LTS\lib\</path>
         <kind>archive</kind>
         <file>rts2800_fpu32.lib</file>
         <name>fd_neg28.asm.obj</name>
      </input_file>
      <input_file id="fl-38">
         <path>D:\ti\ccs1281\ccs\tools\compiler\ti-cgt-c2000_22.6.1.LTS\lib\</path>
         <kind>archive</kind>
         <file>rts2800_fpu32.lib</file>
         <name>fd_sub28.asm.obj</name>
      </input_file>
      <input_file id="fl-39">
         <path>D:\ti\ccs1281\ccs\tools\compiler\ti-cgt-c2000_22.6.1.LTS\lib\</path>
         <kind>archive</kind>
         <file>rts2800_fpu32.lib</file>
         <name>fd_toi28.asm.obj</name>
      </input_file>
      <input_file id="fl-3a">
         <path>D:\ti\ccs1281\ccs\tools\compiler\ti-cgt-c2000_22.6.1.LTS\lib\</path>
         <kind>archive</kind>
         <file>rts2800_fpu32.lib</file>
         <name>fd_tol28.asm.obj</name>
      </input_file>
      <input_file id="fl-3b">
         <path>D:\ti\ccs1281\ccs\tools\compiler\ti-cgt-c2000_22.6.1.LTS\lib\</path>
         <kind>archive</kind>
         <file>rts2800_fpu32.lib</file>
         <name>fs_div28.asm.obj</name>
      </input_file>
      <input_file id="fl-3c">
         <path>D:\ti\ccs1281\ccs\tools\compiler\ti-cgt-c2000_22.6.1.LTS\lib\</path>
         <kind>archive</kind>
         <file>rts2800_fpu32.lib</file>
         <name>ll_aox28.asm.obj</name>
      </input_file>
      <input_file id="fl-3d">
         <path>D:\ti\ccs1281\ccs\tools\compiler\ti-cgt-c2000_22.6.1.LTS\lib\</path>
         <kind>archive</kind>
         <file>rts2800_fpu32.lib</file>
         <name>ll_cmp28.asm.obj</name>
      </input_file>
      <input_file id="fl-3e">
         <path>D:\ti\ccs1281\ccs\tools\compiler\ti-cgt-c2000_22.6.1.LTS\lib\</path>
         <kind>archive</kind>
         <file>rts2800_fpu32.lib</file>
         <name>ll_div28.asm.obj</name>
      </input_file>
      <input_file id="fl-3f">
         <path>D:\ti\ccs1281\ccs\tools\compiler\ti-cgt-c2000_22.6.1.LTS\lib\</path>
         <kind>archive</kind>
         <file>rts2800_fpu32.lib</file>
         <name>i_tofd28.asm.obj</name>
      </input_file>
      <input_file id="fl-40">
         <path>D:\ti\ccs1281\ccs\tools\compiler\ti-cgt-c2000_22.6.1.LTS\lib\</path>
         <kind>archive</kind>
         <file>rts2800_fpu32.lib</file>
         <name>l_tofd28.asm.obj</name>
      </input_file>
      <input_file id="fl-41">
         <path>D:\ti\ccs1281\ccs\tools\compiler\ti-cgt-c2000_22.6.1.LTS\lib\</path>
         <kind>archive</kind>
         <file>rts2800_fpu32.lib</file>
         <name>l_div28.asm.obj</name>
      </input_file>
      <input_file id="fl-42">
         <path>D:\ti\ccs1281\ccs\tools\compiler\ti-cgt-c2000_22.6.1.LTS\lib\</path>
         <kind>archive</kind>
         <file>rts2800_fpu32.lib</file>
         <name>fs_tofdfpu32.asm.obj</name>
      </input_file>
      <input_file id="fl-43">
         <path>D:\ti\ccs1281\ccs\tools\compiler\ti-cgt-c2000_22.6.1.LTS\lib\</path>
         <kind>archive</kind>
         <file>rts2800_fpu32.lib</file>
         <name>fd_div28.asm.obj</name>
      </input_file>
      <input_file id="fl-44">
         <path>D:\ti\ccs1281\ccs\tools\compiler\ti-cgt-c2000_22.6.1.LTS\lib\</path>
         <kind>archive</kind>
         <file>rts2800_fpu32.lib</file>
         <name>cpy_tbl.c.obj</name>
      </input_file>
      <input_file id="fl-45">
         <path>D:\ti\ccs1281\ccs\tools\compiler\ti-cgt-c2000_22.6.1.LTS\lib\</path>
         <kind>archive</kind>
         <file>rts2800_fpu32.lib</file>
         <name>memcpy.c.obj</name>
      </input_file>
      <input_file id="fl-46">
         <path>D:\ti\ccs1281\ccs\tools\compiler\ti-cgt-c2000_22.6.1.LTS\lib\</path>
         <kind>archive</kind>
         <file>rts2800_fpu32.lib</file>
         <name>pre_init.c.obj</name>
      </input_file>
      <input_file id="fl-47">
         <path>D:\ti\ccs1281\ccs\tools\compiler\ti-cgt-c2000_22.6.1.LTS\lib\</path>
         <kind>archive</kind>
         <file>rts2800_fpu32.lib</file>
         <name>startup.c.obj</name>
      </input_file>
      <input_file id="fl-48">
         <path>D:\ti\ccs1281\ccs\tools\compiler\ti-cgt-c2000_22.6.1.LTS\lib\</path>
         <kind>archive</kind>
         <file>rts2800_fpu32.lib</file>
         <name>exit.c.obj</name>
      </input_file>
      <input_file id="fl-49">
         <path>D:\ti\ccs1281\ccs\tools\compiler\ti-cgt-c2000_22.6.1.LTS\lib\</path>
         <kind>archive</kind>
         <file>rts2800_fpu32.lib</file>
         <name>_lock.c.obj</name>
      </input_file>
      <input_file id="fl-4a">
         <path>D:\ti\ccs1281\ccs\tools\compiler\ti-cgt-c2000_22.6.1.LTS\lib\</path>
         <kind>archive</kind>
         <file>rts2800_fpu32.lib</file>
         <name>_ltoa.c.obj</name>
      </input_file>
      <input_file id="fl-4b">
         <path>D:\ti\ccs1281\ccs\tools\compiler\ti-cgt-c2000_22.6.1.LTS\lib\</path>
         <kind>archive</kind>
         <file>rts2800_fpu32.lib</file>
         <name>args_main.c.obj</name>
      </input_file>
      <input_file id="fl-4c">
         <path>D:\ti\ccs1281\ccs\tools\compiler\ti-cgt-c2000_22.6.1.LTS\lib\</path>
         <kind>archive</kind>
         <file>rts2800_fpu32.lib</file>
         <name>atoi.c.obj</name>
      </input_file>
      <input_file id="fl-4d">
         <path>D:\ti\ccs1281\ccs\tools\compiler\ti-cgt-c2000_22.6.1.LTS\lib\</path>
         <kind>archive</kind>
         <file>rts2800_fpu32.lib</file>
         <name>ctype.c.obj</name>
      </input_file>
      <input_file id="fl-4e">
         <path>D:\ti\ccs1281\ccs\tools\compiler\ti-cgt-c2000_22.6.1.LTS\lib\</path>
         <kind>archive</kind>
         <file>rts2800_fpu32.lib</file>
         <name>defs.c.obj</name>
      </input_file>
      <input_file id="fl-4f">
         <path>D:\ti\ccs1281\ccs\tools\compiler\ti-cgt-c2000_22.6.1.LTS\lib\</path>
         <kind>archive</kind>
         <file>rts2800_fpu32.lib</file>
         <name>memccpy.c.obj</name>
      </input_file>
      <input_file id="fl-50">
         <path>D:\ti\ccs1281\ccs\tools\compiler\ti-cgt-c2000_22.6.1.LTS\lib\</path>
         <kind>archive</kind>
         <file>rts2800_fpu32.lib</file>
         <name>memchr.c.obj</name>
      </input_file>
      <input_file id="fl-51">
         <path>D:\ti\ccs1281\ccs\tools\compiler\ti-cgt-c2000_22.6.1.LTS\lib\</path>
         <kind>archive</kind>
         <file>rts2800_fpu32.lib</file>
         <name>memory.c.obj</name>
      </input_file>
      <input_file id="fl-52">
         <path>D:\ti\ccs1281\ccs\tools\compiler\ti-cgt-c2000_22.6.1.LTS\lib\</path>
         <kind>archive</kind>
         <file>rts2800_fpu32.lib</file>
         <name>memset.c.obj</name>
      </input_file>
      <input_file id="fl-53">
         <path>D:\ti\ccs1281\ccs\tools\compiler\ti-cgt-c2000_22.6.1.LTS\lib\</path>
         <kind>archive</kind>
         <file>rts2800_fpu32.lib</file>
         <name>strchr.c.obj</name>
      </input_file>
      <input_file id="fl-54">
         <path>D:\ti\ccs1281\ccs\tools\compiler\ti-cgt-c2000_22.6.1.LTS\lib\</path>
         <kind>archive</kind>
         <file>rts2800_fpu32.lib</file>
         <name>strcpy.c.obj</name>
      </input_file>
      <input_file id="fl-55">
         <path>D:\ti\ccs1281\ccs\tools\compiler\ti-cgt-c2000_22.6.1.LTS\lib\</path>
         <kind>archive</kind>
         <file>rts2800_fpu32.lib</file>
         <name>strlen.c.obj</name>
      </input_file>
      <input_file id="fl-56">
         <path>D:\ti\ccs1281\ccs\tools\compiler\ti-cgt-c2000_22.6.1.LTS\lib\</path>
         <kind>archive</kind>
         <file>rts2800_fpu32.lib</file>
         <name>write.c.obj</name>
      </input_file>
      <input_file id="fl-57">
         <path>D:\ti\ccs1281\ccs\tools\compiler\ti-cgt-c2000_22.6.1.LTS\lib\</path>
         <kind>archive</kind>
         <file>rts2800_fpu32.lib</file>
         <name>host_device.c.obj</name>
      </input_file>
      <input_file id="fl-58">
         <path>D:\ti\ccs1281\ccs\tools\compiler\ti-cgt-c2000_22.6.1.LTS\lib\</path>
         <kind>archive</kind>
         <file>rts2800_fpu32.lib</file>
         <name>open.c.obj</name>
      </input_file>
      <input_file id="fl-59">
         <path>D:\ti\ccs1281\ccs\tools\compiler\ti-cgt-c2000_22.6.1.LTS\lib\</path>
         <kind>archive</kind>
         <file>rts2800_fpu32.lib</file>
         <name>add_device.c.obj</name>
      </input_file>
      <input_file id="fl-5a">
         <path>D:\ti\ccs1281\ccs\tools\compiler\ti-cgt-c2000_22.6.1.LTS\lib\</path>
         <kind>archive</kind>
         <file>rts2800_fpu32.lib</file>
         <name>s_frexp.c.obj</name>
      </input_file>
      <input_file id="fl-5b">
         <path>D:\ti\ccs1281\ccs\tools\compiler\ti-cgt-c2000_22.6.1.LTS\lib\</path>
         <kind>archive</kind>
         <file>rts2800_fpu32.lib</file>
         <name>s_scalbn.c.obj</name>
      </input_file>
      <input_file id="fl-5c">
         <path>D:\ti\ccs1281\ccs\tools\compiler\ti-cgt-c2000_22.6.1.LTS\lib\</path>
         <kind>archive</kind>
         <file>rts2800_fpu32.lib</file>
         <name>wcslen.c.obj</name>
      </input_file>
      <input_file id="fl-5d">
         <path>D:\ti\ccs1281\ccs\tools\compiler\ti-cgt-c2000_22.6.1.LTS\lib\</path>
         <kind>archive</kind>
         <file>rts2800_fpu32.lib</file>
         <name>fclose.c.obj</name>
      </input_file>
      <input_file id="fl-5e">
         <path>D:\ti\ccs1281\ccs\tools\compiler\ti-cgt-c2000_22.6.1.LTS\lib\</path>
         <kind>archive</kind>
         <file>rts2800_fpu32.lib</file>
         <name>fflush.c.obj</name>
      </input_file>
      <input_file id="fl-5f">
         <path>D:\ti\ccs1281\ccs\tools\compiler\ti-cgt-c2000_22.6.1.LTS\lib\</path>
         <kind>archive</kind>
         <file>rts2800_fpu32.lib</file>
         <name>fseek.c.obj</name>
      </input_file>
      <input_file id="fl-60">
         <path>D:\ti\ccs1281\ccs\tools\compiler\ti-cgt-c2000_22.6.1.LTS\lib\</path>
         <kind>archive</kind>
         <file>rts2800_fpu32.lib</file>
         <name>getdevice.c.obj</name>
      </input_file>
      <input_file id="fl-61">
         <path>D:\ti\ccs1281\ccs\tools\compiler\ti-cgt-c2000_22.6.1.LTS\lib\</path>
         <kind>archive</kind>
         <file>rts2800_fpu32.lib</file>
         <name>fd_add28.asm.obj</name>
      </input_file>
      <input_file id="fl-62">
         <path>D:\ti\ccs1281\ccs\tools\compiler\ti-cgt-c2000_22.6.1.LTS\lib\</path>
         <kind>archive</kind>
         <file>rts2800_fpu32.lib</file>
         <name>strcmp.c.obj</name>
      </input_file>
      <input_file id="fl-63">
         <path>D:\ti\ccs1281\ccs\tools\compiler\ti-cgt-c2000_22.6.1.LTS\lib\</path>
         <kind>archive</kind>
         <file>rts2800_fpu32.lib</file>
         <name>strncpy.c.obj</name>
      </input_file>
      <input_file id="fl-64">
         <path>D:\ti\ccs1281\ccs\tools\compiler\ti-cgt-c2000_22.6.1.LTS\lib\</path>
         <kind>archive</kind>
         <file>rts2800_fpu32.lib</file>
         <name>hostclose.c.obj</name>
      </input_file>
      <input_file id="fl-65">
         <path>D:\ti\ccs1281\ccs\tools\compiler\ti-cgt-c2000_22.6.1.LTS\lib\</path>
         <kind>archive</kind>
         <file>rts2800_fpu32.lib</file>
         <name>hostlseek.c.obj</name>
      </input_file>
      <input_file id="fl-66">
         <path>D:\ti\ccs1281\ccs\tools\compiler\ti-cgt-c2000_22.6.1.LTS\lib\</path>
         <kind>archive</kind>
         <file>rts2800_fpu32.lib</file>
         <name>hostopen.c.obj</name>
      </input_file>
      <input_file id="fl-67">
         <path>D:\ti\ccs1281\ccs\tools\compiler\ti-cgt-c2000_22.6.1.LTS\lib\</path>
         <kind>archive</kind>
         <file>rts2800_fpu32.lib</file>
         <name>hostread.c.obj</name>
      </input_file>
      <input_file id="fl-68">
         <path>D:\ti\ccs1281\ccs\tools\compiler\ti-cgt-c2000_22.6.1.LTS\lib\</path>
         <kind>archive</kind>
         <file>rts2800_fpu32.lib</file>
         <name>hostrename.c.obj</name>
      </input_file>
      <input_file id="fl-69">
         <path>D:\ti\ccs1281\ccs\tools\compiler\ti-cgt-c2000_22.6.1.LTS\lib\</path>
         <kind>archive</kind>
         <file>rts2800_fpu32.lib</file>
         <name>hostunlink.c.obj</name>
      </input_file>
      <input_file id="fl-6a">
         <path>D:\ti\ccs1281\ccs\tools\compiler\ti-cgt-c2000_22.6.1.LTS\lib\</path>
         <kind>archive</kind>
         <file>rts2800_fpu32.lib</file>
         <name>hostwrite.c.obj</name>
      </input_file>
      <input_file id="fl-6b">
         <path>D:\ti\ccs1281\ccs\tools\compiler\ti-cgt-c2000_22.6.1.LTS\lib\</path>
         <kind>archive</kind>
         <file>rts2800_fpu32.lib</file>
         <name>trgmsg.c.obj</name>
      </input_file>
      <input_file id="fl-6c">
         <path>D:\ti\ccs1281\ccs\tools\compiler\ti-cgt-c2000_22.6.1.LTS\lib\</path>
         <kind>archive</kind>
         <file>rts2800_fpu32.lib</file>
         <name>remove.c.obj</name>
      </input_file>
      <input_file id="fl-6d">
         <path>D:\ti\ccs1281\ccs\tools\compiler\ti-cgt-c2000_22.6.1.LTS\lib\</path>
         <kind>archive</kind>
         <file>rts2800_fpu32.lib</file>
         <name>lseek.c.obj</name>
      </input_file>
      <input_file id="fl-6e">
         <path>D:\ti\ccs1281\ccs\tools\compiler\ti-cgt-c2000_22.6.1.LTS\lib\</path>
         <kind>archive</kind>
         <file>rts2800_fpu32.lib</file>
         <name>close.c.obj</name>
      </input_file>
      <input_file id="fl-6f">
         <path>D:\ti\ccs1281\ccs\tools\compiler\ti-cgt-c2000_22.6.1.LTS\lib\</path>
         <kind>archive</kind>
         <file>rts2800_fpu32.lib</file>
         <name>errno.c.obj</name>
      </input_file>
      <input_file id="fl-70">
         <path>D:\ti\ccs1281\ccs\tools\compiler\ti-cgt-c2000_22.6.1.LTS\lib\</path>
         <kind>archive</kind>
         <file>rts2800_fpu32.lib</file>
         <name>s_copysign.c.obj</name>
      </input_file>
      <input_file id="fl-71">
         <path>D:\ti\ccs1281\ccs\tools\compiler\ti-cgt-c2000_22.6.1.LTS\lib\</path>
         <kind>archive</kind>
         <file>rts2800_fpu32.lib</file>
         <name>unlink.c.obj</name>
      </input_file>
   </input_file_list>
   <object_component_list>
      <object_component id="oc-a8">
         <name>codestart</name>
         <load_address>0x80000</load_address>
         <run_address>0x80000</run_address>
         <size>0x2</size>
         <input_file_ref idref="fl-10"/>
      </object_component>
      <object_component id="oc-2bc">
         <name>.text</name>
         <load_address>0x82000</load_address>
         <run_address>0x82000</run_address>
         <size>0x6d0</size>
         <input_file_ref idref="fl-2e"/>
      </object_component>
      <object_component id="oc-2ab">
         <name>.text:__TI_printfi</name>
         <load_address>0x826d0</load_address>
         <run_address>0x826d0</run_address>
         <size>0x5f5</size>
         <input_file_ref idref="fl-2e"/>
      </object_component>
      <object_component id="oc-294">
         <name>.text</name>
         <load_address>0x82cc5</load_address>
         <run_address>0x82cc5</run_address>
         <size>0x2f3</size>
         <input_file_ref idref="fl-19"/>
      </object_component>
      <object_component id="oc-b9">
         <name>.text:retain</name>
         <load_address>0x82fb8</load_address>
         <run_address>0x82fb8</run_address>
         <size>0x2dd</size>
         <input_file_ref idref="fl-13"/>
      </object_component>
      <object_component id="oc-2b3">
         <name>.text</name>
         <load_address>0x83295</load_address>
         <run_address>0x83295</run_address>
         <size>0x28c</size>
         <input_file_ref idref="fl-51"/>
      </object_component>
      <object_component id="oc-295">
         <name>.text</name>
         <load_address>0x83521</load_address>
         <run_address>0x83521</run_address>
         <size>0x1e2</size>
         <input_file_ref idref="fl-15"/>
      </object_component>
      <object_component id="oc-2a6">
         <name>.text</name>
         <load_address>0x83703</load_address>
         <run_address>0x83703</run_address>
         <size>0x121</size>
         <input_file_ref idref="fl-2f"/>
      </object_component>
      <object_component id="oc-181">
         <name>.text</name>
         <load_address>0x83824</load_address>
         <run_address>0x83824</run_address>
         <size>0x107</size>
         <input_file_ref idref="fl-3e"/>
      </object_component>
      <object_component id="oc-29b">
         <name>.text</name>
         <load_address>0x8392b</load_address>
         <run_address>0x8392b</run_address>
         <size>0x100</size>
         <input_file_ref idref="fl-5"/>
      </object_component>
      <object_component id="oc-29a">
         <name>.text</name>
         <load_address>0x83a2b</load_address>
         <run_address>0x83a2b</run_address>
         <size>0xd0</size>
         <input_file_ref idref="fl-8"/>
      </object_component>
      <object_component id="oc-2d0">
         <name>.text</name>
         <load_address>0x83afb</load_address>
         <run_address>0x83afb</run_address>
         <size>0xa9</size>
         <input_file_ref idref="fl-5b"/>
      </object_component>
      <object_component id="oc-2a9">
         <name>.text</name>
         <load_address>0x83ba4</load_address>
         <run_address>0x83ba4</run_address>
         <size>0xa8</size>
         <input_file_ref idref="fl-31"/>
      </object_component>
      <object_component id="oc-234">
         <name>.text</name>
         <load_address>0x83c4c</load_address>
         <run_address>0x83c4c</run_address>
         <size>0x9c</size>
         <input_file_ref idref="fl-61"/>
      </object_component>
      <object_component id="oc-2d2">
         <name>.text</name>
         <load_address>0x83ce8</load_address>
         <run_address>0x83ce8</run_address>
         <size>0x95</size>
         <input_file_ref idref="fl-6b"/>
      </object_component>
      <object_component id="oc-19a">
         <name>.text</name>
         <load_address>0x83d7d</load_address>
         <run_address>0x83d7d</run_address>
         <size>0x8b</size>
         <input_file_ref idref="fl-43"/>
      </object_component>
      <object_component id="oc-172">
         <name>.text</name>
         <load_address>0x83e08</load_address>
         <run_address>0x83e08</run_address>
         <size>0x88</size>
         <input_file_ref idref="fl-3b"/>
      </object_component>
      <object_component id="oc-290">
         <name>.text</name>
         <load_address>0x83e90</load_address>
         <run_address>0x83e90</run_address>
         <size>0x86</size>
         <input_file_ref idref="fl-2"/>
      </object_component>
      <object_component id="oc-159">
         <name>.text</name>
         <load_address>0x83f16</load_address>
         <run_address>0x83f16</run_address>
         <size>0x83</size>
         <input_file_ref idref="fl-36"/>
      </object_component>
      <object_component id="oc-2b4">
         <name>.text</name>
         <load_address>0x83f99</load_address>
         <run_address>0x83f99</run_address>
         <size>0x65</size>
         <input_file_ref idref="fl-32"/>
      </object_component>
      <object_component id="oc-289">
         <name>.text</name>
         <load_address>0x83ffe</load_address>
         <run_address>0x83ffe</run_address>
         <size>0x2</size>
         <input_file_ref idref="fl-46"/>
      </object_component>
      <object_component id="oc-28e">
         <name>.text</name>
         <load_address>0x84000</load_address>
         <run_address>0x84000</run_address>
         <size>0x7d</size>
         <input_file_ref idref="fl-3"/>
      </object_component>
      <object_component id="oc-299">
         <name>.text</name>
         <load_address>0x8407d</load_address>
         <run_address>0x8407d</run_address>
         <size>0x7c</size>
         <input_file_ref idref="fl-11"/>
      </object_component>
      <object_component id="oc-2a7">
         <name>.text</name>
         <load_address>0x840f9</load_address>
         <run_address>0x840f9</run_address>
         <size>0x7c</size>
         <input_file_ref idref="fl-33"/>
      </object_component>
      <object_component id="oc-2b5">
         <name>.text</name>
         <load_address>0x84175</load_address>
         <run_address>0x84175</run_address>
         <size>0x73</size>
         <input_file_ref idref="fl-5e"/>
      </object_component>
      <object_component id="oc-2b1">
         <name>.text</name>
         <load_address>0x841e8</load_address>
         <run_address>0x841e8</run_address>
         <size>0x71</size>
         <input_file_ref idref="fl-58"/>
      </object_component>
      <object_component id="oc-2a3">
         <name>.text</name>
         <load_address>0x84259</load_address>
         <run_address>0x84259</run_address>
         <size>0x6d</size>
         <input_file_ref idref="fl-59"/>
      </object_component>
      <object_component id="oc-2b2">
         <name>.text</name>
         <load_address>0x842c6</load_address>
         <run_address>0x842c6</run_address>
         <size>0x5d</size>
         <input_file_ref idref="fl-5d"/>
      </object_component>
      <object_component id="oc-2c3">
         <name>.text</name>
         <load_address>0x84323</load_address>
         <run_address>0x84323</run_address>
         <size>0x5b</size>
         <input_file_ref idref="fl-65"/>
      </object_component>
      <object_component id="oc-2cf">
         <name>.text</name>
         <load_address>0x8437e</load_address>
         <run_address>0x8437e</run_address>
         <size>0x5a</size>
         <input_file_ref idref="fl-5a"/>
      </object_component>
      <object_component id="oc-55">
         <name>.text</name>
         <load_address>0x843d8</load_address>
         <run_address>0x843d8</run_address>
         <size>0x56</size>
         <input_file_ref idref="fl-34"/>
      </object_component>
      <object_component id="oc-2a8">
         <name>.text</name>
         <load_address>0x8442e</load_address>
         <run_address>0x8442e</run_address>
         <size>0x53</size>
         <input_file_ref idref="fl-30"/>
      </object_component>
      <object_component id="oc-2af">
         <name>.text</name>
         <load_address>0x84481</load_address>
         <run_address>0x84481</run_address>
         <size>0x51</size>
         <input_file_ref idref="fl-60"/>
      </object_component>
      <object_component id="oc-2c5">
         <name>.text</name>
         <load_address>0x844d2</load_address>
         <run_address>0x844d2</run_address>
         <size>0x3e</size>
         <input_file_ref idref="fl-68"/>
      </object_component>
      <object_component id="oc-85">
         <name>.text:retain</name>
         <load_address>0x84510</load_address>
         <run_address>0x84510</run_address>
         <size>0x3d</size>
         <input_file_ref idref="fl-a"/>
      </object_component>
      <object_component id="oc-2cc">
         <name>.text</name>
         <load_address>0x8454d</load_address>
         <run_address>0x8454d</run_address>
         <size>0x3d</size>
         <input_file_ref idref="fl-5f"/>
      </object_component>
      <object_component id="oc-2bf">
         <name>.text</name>
         <load_address>0x8458a</load_address>
         <run_address>0x8458a</run_address>
         <size>0x38</size>
         <input_file_ref idref="fl-66"/>
      </object_component>
      <object_component id="oc-2c2">
         <name>.text</name>
         <load_address>0x845c2</load_address>
         <run_address>0x845c2</run_address>
         <size>0x37</size>
         <input_file_ref idref="fl-6a"/>
      </object_component>
      <object_component id="oc-2c1">
         <name>.text</name>
         <load_address>0x845f9</load_address>
         <run_address>0x845f9</run_address>
         <size>0x36</size>
         <input_file_ref idref="fl-67"/>
      </object_component>
      <object_component id="oc-293">
         <name>.text</name>
         <load_address>0x8462f</load_address>
         <run_address>0x8462f</run_address>
         <size>0x34</size>
         <input_file_ref idref="fl-f"/>
      </object_component>
      <object_component id="oc-29e">
         <name>.text</name>
         <load_address>0x84663</load_address>
         <run_address>0x84663</run_address>
         <size>0x34</size>
         <input_file_ref idref="fl-2d"/>
      </object_component>
      <object_component id="oc-2c9">
         <name>.text</name>
         <load_address>0x84697</load_address>
         <run_address>0x84697</run_address>
         <size>0x33</size>
         <input_file_ref idref="fl-6e"/>
      </object_component>
      <object_component id="oc-2b9">
         <name>.text</name>
         <load_address>0x846ca</load_address>
         <run_address>0x846ca</run_address>
         <size>0x31</size>
         <input_file_ref idref="fl-4c"/>
      </object_component>
      <object_component id="oc-2ce">
         <name>.text</name>
         <load_address>0x846fb</load_address>
         <run_address>0x846fb</run_address>
         <size>0x30</size>
         <input_file_ref idref="fl-4a"/>
      </object_component>
      <object_component id="oc-154">
         <name>.text</name>
         <load_address>0x8472b</load_address>
         <run_address>0x8472b</run_address>
         <size>0x2a</size>
         <input_file_ref idref="fl-35"/>
      </object_component>
      <object_component id="oc-190">
         <name>.text</name>
         <load_address>0x84755</load_address>
         <run_address>0x84755</run_address>
         <size>0x2a</size>
         <input_file_ref idref="fl-41"/>
      </object_component>
      <object_component id="oc-28d">
         <name>.text</name>
         <load_address>0x8477f</load_address>
         <run_address>0x8477f</run_address>
         <size>0x29</size>
         <input_file_ref idref="fl-48"/>
      </object_component>
      <object_component id="oc-297">
         <name>.text</name>
         <load_address>0x847a8</load_address>
         <run_address>0x847a8</run_address>
         <size>0x28</size>
         <input_file_ref idref="fl-16"/>
      </object_component>
      <object_component id="oc-2c0">
         <name>.text</name>
         <load_address>0x847d0</load_address>
         <run_address>0x847d0</run_address>
         <size>0x27</size>
         <input_file_ref idref="fl-64"/>
      </object_component>
      <object_component id="oc-298">
         <name>.text</name>
         <load_address>0x847f7</load_address>
         <run_address>0x847f7</run_address>
         <size>0x25</size>
         <input_file_ref idref="fl-17"/>
      </object_component>
      <object_component id="oc-28a">
         <name>.text</name>
         <load_address>0x8481c</load_address>
         <run_address>0x8481c</run_address>
         <size>0x24</size>
         <input_file_ref idref="fl-44"/>
      </object_component>
      <object_component id="oc-2c4">
         <name>.text</name>
         <load_address>0x84840</load_address>
         <run_address>0x84840</run_address>
         <size>0x24</size>
         <input_file_ref idref="fl-69"/>
      </object_component>
      <object_component id="oc-2d5">
         <name>.text</name>
         <load_address>0x84864</load_address>
         <run_address>0x84864</run_address>
         <size>0x24</size>
         <input_file_ref idref="fl-70"/>
      </object_component>
      <object_component id="oc-168">
         <name>.text</name>
         <load_address>0x84888</load_address>
         <run_address>0x84888</run_address>
         <size>0x21</size>
         <input_file_ref idref="fl-39"/>
      </object_component>
      <object_component id="oc-16d">
         <name>.text</name>
         <load_address>0x848a9</load_address>
         <run_address>0x848a9</run_address>
         <size>0x1f</size>
         <input_file_ref idref="fl-3a"/>
      </object_component>
      <object_component id="oc-17c">
         <name>.text</name>
         <load_address>0x848c8</load_address>
         <run_address>0x848c8</run_address>
         <size>0x1e</size>
         <input_file_ref idref="fl-3d"/>
      </object_component>
      <object_component id="oc-186">
         <name>.text</name>
         <load_address>0x848e6</load_address>
         <run_address>0x848e6</run_address>
         <size>0x1d</size>
         <input_file_ref idref="fl-3f"/>
      </object_component>
      <object_component id="oc-28f">
         <name>.text</name>
         <load_address>0x84903</load_address>
         <run_address>0x84903</run_address>
         <size>0x1d</size>
         <input_file_ref idref="fl-45"/>
      </object_component>
      <object_component id="oc-195">
         <name>.text</name>
         <load_address>0x84920</load_address>
         <run_address>0x84920</run_address>
         <size>0x1c</size>
         <input_file_ref idref="fl-42"/>
      </object_component>
      <object_component id="oc-18b">
         <name>.text</name>
         <load_address>0x8493c</load_address>
         <run_address>0x8493c</run_address>
         <size>0x1c</size>
         <input_file_ref idref="fl-40"/>
      </object_component>
      <object_component id="oc-29c">
         <name>.text</name>
         <load_address>0x84958</load_address>
         <run_address>0x84958</run_address>
         <size>0x1b</size>
         <input_file_ref idref="fl-6"/>
      </object_component>
      <object_component id="oc-2d3">
         <name>.text</name>
         <load_address>0x84973</load_address>
         <run_address>0x84973</run_address>
         <size>0x19</size>
         <input_file_ref idref="fl-71"/>
      </object_component>
      <object_component id="oc-2b6">
         <name>.text</name>
         <load_address>0x8498c</load_address>
         <run_address>0x8498c</run_address>
         <size>0x19</size>
         <input_file_ref idref="fl-56"/>
      </object_component>
      <object_component id="oc-177">
         <name>.text</name>
         <load_address>0x849a5</load_address>
         <run_address>0x849a5</run_address>
         <size>0x18</size>
         <input_file_ref idref="fl-3c"/>
      </object_component>
      <object_component id="oc-2d4">
         <name>.text</name>
         <load_address>0x849bd</load_address>
         <run_address>0x849bd</run_address>
         <size>0x18</size>
         <input_file_ref idref="fl-6d"/>
      </object_component>
      <object_component id="oc-91">
         <name>.text:retain</name>
         <load_address>0x849d5</load_address>
         <run_address>0x849d5</run_address>
         <size>0x16</size>
         <input_file_ref idref="fl-c"/>
      </object_component>
      <object_component id="oc-8b">
         <name>.text:retain</name>
         <load_address>0x849eb</load_address>
         <run_address>0x849eb</run_address>
         <size>0x15</size>
         <input_file_ref idref="fl-b"/>
      </object_component>
      <object_component id="oc-2b0">
         <name>.text</name>
         <load_address>0x84a00</load_address>
         <run_address>0x84a00</run_address>
         <size>0x15</size>
         <input_file_ref idref="fl-63"/>
      </object_component>
      <object_component id="oc-97">
         <name>.text:retain</name>
         <load_address>0x84a15</load_address>
         <run_address>0x84a15</run_address>
         <size>0x12</size>
         <input_file_ref idref="fl-d"/>
      </object_component>
      <object_component id="oc-9d">
         <name>.text:retain</name>
         <load_address>0x84a27</load_address>
         <run_address>0x84a27</run_address>
         <size>0x12</size>
         <input_file_ref idref="fl-e"/>
      </object_component>
      <object_component id="oc-28c">
         <name>.text</name>
         <load_address>0x84a39</load_address>
         <run_address>0x84a39</run_address>
         <size>0x12</size>
         <input_file_ref idref="fl-4b"/>
      </object_component>
      <object_component id="oc-296">
         <name>.text</name>
         <load_address>0x84a4b</load_address>
         <run_address>0x84a4b</run_address>
         <size>0x10</size>
         <input_file_ref idref="fl-7"/>
      </object_component>
      <object_component id="oc-2bd">
         <name>.text</name>
         <load_address>0x84a5b</load_address>
         <run_address>0x84a5b</run_address>
         <size>0x10</size>
         <input_file_ref idref="fl-4f"/>
      </object_component>
      <object_component id="oc-163">
         <name>.text</name>
         <load_address>0x84a6b</load_address>
         <run_address>0x84a6b</run_address>
         <size>0xe</size>
         <input_file_ref idref="fl-38"/>
      </object_component>
      <object_component id="oc-2b8">
         <name>.text</name>
         <load_address>0x84a79</load_address>
         <run_address>0x84a79</run_address>
         <size>0xd</size>
         <input_file_ref idref="fl-50"/>
      </object_component>
      <object_component id="oc-2c8">
         <name>.text</name>
         <load_address>0x84a86</load_address>
         <run_address>0x84a86</run_address>
         <size>0xc</size>
         <input_file_ref idref="fl-53"/>
      </object_component>
      <object_component id="oc-2c7">
         <name>.text</name>
         <load_address>0x84a92</load_address>
         <run_address>0x84a92</run_address>
         <size>0xa</size>
         <input_file_ref idref="fl-62"/>
      </object_component>
      <object_component id="oc-29f">
         <name>.text</name>
         <load_address>0x84a9c</load_address>
         <run_address>0x84a9c</run_address>
         <size>0x9</size>
         <input_file_ref idref="fl-49"/>
      </object_component>
      <object_component id="oc-15e">
         <name>.text</name>
         <load_address>0x84aa5</load_address>
         <run_address>0x84aa5</run_address>
         <size>0x9</size>
         <input_file_ref idref="fl-37"/>
      </object_component>
      <object_component id="oc-2be">
         <name>.text</name>
         <load_address>0x84aae</load_address>
         <run_address>0x84aae</run_address>
         <size>0x9</size>
         <input_file_ref idref="fl-5c"/>
      </object_component>
      <object_component id="oc-a7">
         <name>.text</name>
         <load_address>0x84ab7</load_address>
         <run_address>0x84ab7</run_address>
         <size>0x8</size>
         <input_file_ref idref="fl-10"/>
      </object_component>
      <object_component id="oc-2b7">
         <name>.text</name>
         <load_address>0x84abf</load_address>
         <run_address>0x84abf</run_address>
         <size>0x8</size>
         <input_file_ref idref="fl-55"/>
      </object_component>
      <object_component id="oc-2ba">
         <name>.text</name>
         <load_address>0x84ac7</load_address>
         <run_address>0x84ac7</run_address>
         <size>0x7</size>
         <input_file_ref idref="fl-52"/>
      </object_component>
      <object_component id="oc-2bb">
         <name>.text</name>
         <load_address>0x84ace</load_address>
         <run_address>0x84ace</run_address>
         <size>0x5</size>
         <input_file_ref idref="fl-54"/>
      </object_component>
      <object_component id="oc-b3">
         <name>.text</name>
         <load_address>0x84ad3</load_address>
         <run_address>0x84ad3</run_address>
         <size>0x3</size>
         <input_file_ref idref="fl-12"/>
      </object_component>
      <object_component id="oc-2cb">
         <name>.text</name>
         <load_address>0x84ad6</load_address>
         <run_address>0x84ad6</run_address>
         <size>0x3</size>
         <input_file_ref idref="fl-6c"/>
      </object_component>
      <object_component id="oc-29d">
         <name>.text</name>
         <load_address>0x84ad9</load_address>
         <run_address>0x84ad9</run_address>
         <size>0x1</size>
         <input_file_ref idref="fl-4"/>
      </object_component>
      <object_component id="oc-28b">
         <name>.text</name>
         <load_address>0x84ada</load_address>
         <run_address>0x84ada</run_address>
         <size>0x1</size>
         <input_file_ref idref="fl-47"/>
      </object_component>
      <object_component id="oc-2a5">
         <name>.cinit:__ftable</name>
         <load_address>0x80008</load_address>
         <run_address>0x80008</run_address>
         <size>0x26</size>
         <input_file_ref idref="fl-4e"/>
      </object_component>
      <object_component id="oc-2ad">
         <name>.cinit:__device</name>
         <load_address>0x8002e</load_address>
         <run_address>0x8002e</run_address>
         <size>0x1b</size>
         <input_file_ref idref="fl-57"/>
      </object_component>
      <object_component id="oc-57">
         <name>.cinit</name>
         <load_address>0x80049</load_address>
         <run_address>0x80049</run_address>
         <size>0x17</size>
         <input_file_ref idref="fl-2"/>
      </object_component>
      <object_component id="oc-2ae">
         <name>.cinit:__stream</name>
         <load_address>0x80060</load_address>
         <run_address>0x80060</run_address>
         <size>0xe</size>
         <input_file_ref idref="fl-57"/>
      </object_component>
      <object_component id="oc-1b4">
         <name>.cinit</name>
         <load_address>0x8006e</load_address>
         <run_address>0x8006e</run_address>
         <size>0xe</size>
         <input_file_ref idref="fl-48"/>
      </object_component>
      <object_component id="oc-292">
         <name>.cinit:__lock</name>
         <load_address>0x8007c</load_address>
         <run_address>0x8007c</run_address>
         <size>0x5</size>
         <input_file_ref idref="fl-49"/>
      </object_component>
      <object_component id="oc-2a0">
         <name>.cinit:__unlock</name>
         <load_address>0x80081</load_address>
         <run_address>0x80081</run_address>
         <size>0x5</size>
         <input_file_ref idref="fl-49"/>
      </object_component>
      <object_component id="oc-5f">
         <name>.cinit</name>
         <load_address>0x80086</load_address>
         <run_address>0x80086</run_address>
         <size>0x4</size>
         <input_file_ref idref="fl-3"/>
      </object_component>
      <object_component id="oc-209">
         <name>.cinit</name>
         <load_address>0x8008a</load_address>
         <run_address>0x8008a</run_address>
         <size>0x4</size>
         <input_file_ref idref="fl-59"/>
      </object_component>
      <object_component id="oc-1d1">
         <name>.cinit</name>
         <load_address>0x8008e</load_address>
         <run_address>0x8008e</run_address>
         <size>0x4</size>
         <input_file_ref idref="fl-4e"/>
      </object_component>
      <object_component id="oc-27c">
         <name>.cinit</name>
         <load_address>0x80092</load_address>
         <run_address>0x80092</run_address>
         <size>0x4</size>
         <input_file_ref idref="fl-6f"/>
      </object_component>
      <object_component id="oc-133">
         <name>.cinit</name>
         <load_address>0x80096</load_address>
         <run_address>0x80096</run_address>
         <size>0x4</size>
         <input_file_ref idref="fl-2f"/>
      </object_component>
      <object_component id="oc-1df">
         <name>.cinit</name>
         <load_address>0x8009a</load_address>
         <run_address>0x8009a</run_address>
         <size>0x4</size>
         <input_file_ref idref="fl-51"/>
      </object_component>
      <object_component id="oc-202">
         <name>.cinit</name>
         <load_address>0x8009e</load_address>
         <run_address>0x8009e</run_address>
         <size>0x4</size>
         <input_file_ref idref="fl-58"/>
      </object_component>
      <object_component id="oc-14f">
         <name>.reset</name>
         <load_address>0x3fffc0</load_address>
         <run_address>0x3fffc0</run_address>
         <size>0x2</size>
         <input_file_ref idref="fl-34"/>
      </object_component>
      <object_component id="oc-14e">
         <name>.stack</name>
         <uninitialized>true</uninitialized>
         <run_address>0x400</run_address>
         <size>0x0</size>
         <input_file_ref idref="fl-34"/>
      </object_component>
      <object_component id="oc-332">
         <name>.stack</name>
         <uninitialized>true</uninitialized>
         <run_address>0x400</run_address>
         <size>0x0</size>
      </object_component>
      <object_component id="oc-58">
         <name>.ebss</name>
         <uninitialized>true</uninitialized>
         <run_address>0x81f0</run_address>
         <size>0x8</size>
         <input_file_ref idref="fl-2"/>
      </object_component>
      <object_component id="oc-60">
         <name>.ebss</name>
         <uninitialized>true</uninitialized>
         <run_address>0x81e0</run_address>
         <size>0x10</size>
         <input_file_ref idref="fl-3"/>
      </object_component>
      <object_component id="oc-ae">
         <name>.ebss</name>
         <uninitialized>true</uninitialized>
         <run_address>0x8120</run_address>
         <size>0x18</size>
         <input_file_ref idref="fl-11"/>
      </object_component>
      <object_component id="oc-dd">
         <name>.ebss</name>
         <uninitialized>true</uninitialized>
         <run_address>0x8278</run_address>
         <size>0x4</size>
         <input_file_ref idref="fl-1a"/>
      </object_component>
      <object_component id="oc-134">
         <name>.ebss</name>
         <uninitialized>true</uninitialized>
         <run_address>0x82f5</run_address>
         <size>0x1</size>
         <input_file_ref idref="fl-2f"/>
      </object_component>
      <object_component id="oc-1b5">
         <name>.ebss</name>
         <uninitialized>true</uninitialized>
         <run_address>0x81f8</run_address>
         <size>0x6</size>
         <input_file_ref idref="fl-48"/>
      </object_component>
      <object_component id="oc-291">
         <name>.ebss:__lock</name>
         <uninitialized>true</uninitialized>
         <run_address>0x81fe</run_address>
         <size>0x2</size>
         <input_file_ref idref="fl-49"/>
      </object_component>
      <object_component id="oc-2aa">
         <name>.ebss:__unlock</name>
         <uninitialized>true</uninitialized>
         <run_address>0x82f0</run_address>
         <size>0x2</size>
         <input_file_ref idref="fl-49"/>
      </object_component>
      <object_component id="oc-1d2">
         <name>.ebss</name>
         <uninitialized>true</uninitialized>
         <run_address>0x82f3</run_address>
         <size>0x1</size>
         <input_file_ref idref="fl-4e"/>
      </object_component>
      <object_component id="oc-2a4">
         <name>.ebss:__ftable</name>
         <uninitialized>true</uninitialized>
         <run_address>0x8200</run_address>
         <size>0x78</size>
         <input_file_ref idref="fl-4e"/>
      </object_component>
      <object_component id="oc-2ca">
         <name>.ebss:___TI_tmpnams</name>
         <uninitialized>true</uninitialized>
         <run_address>0x8140</run_address>
         <size>0xa0</size>
         <input_file_ref idref="fl-4e"/>
      </object_component>
      <object_component id="oc-1e0">
         <name>.ebss</name>
         <uninitialized>true</uninitialized>
         <run_address>0x827c</run_address>
         <size>0x4</size>
         <input_file_ref idref="fl-51"/>
      </object_component>
      <object_component id="oc-2c6">
         <name>.ebss:__stream</name>
         <uninitialized>true</uninitialized>
         <run_address>0x82c8</run_address>
         <size>0x28</size>
         <input_file_ref idref="fl-57"/>
      </object_component>
      <object_component id="oc-2ac">
         <name>.ebss:__device</name>
         <uninitialized>true</uninitialized>
         <run_address>0x8280</run_address>
         <size>0x48</size>
         <input_file_ref idref="fl-57"/>
      </object_component>
      <object_component id="oc-203">
         <name>.ebss</name>
         <uninitialized>true</uninitialized>
         <run_address>0x82f6</run_address>
         <size>0x1</size>
         <input_file_ref idref="fl-58"/>
      </object_component>
      <object_component id="oc-20a">
         <name>.ebss</name>
         <uninitialized>true</uninitialized>
         <run_address>0x82f2</run_address>
         <size>0x1</size>
         <input_file_ref idref="fl-59"/>
      </object_component>
      <object_component id="oc-2d1">
         <name>.ebss:_parmbuf</name>
         <uninitialized>true</uninitialized>
         <run_address>0x8138</run_address>
         <size>0x8</size>
         <input_file_ref idref="fl-66"/>
      </object_component>
      <object_component id="oc-27d">
         <name>.ebss</name>
         <uninitialized>true</uninitialized>
         <run_address>0x82f4</run_address>
         <size>0x1</size>
         <input_file_ref idref="fl-6f"/>
      </object_component>
      <object_component id="oc-2cd">
         <name>.econst:.string:__ctypes_</name>
         <load_address>0x88000</load_address>
         <run_address>0x88000</run_address>
         <size>0x101</size>
         <input_file_ref idref="fl-4d"/>
      </object_component>
      <object_component id="oc-2a2">
         <name>.econst:_PieVectTableInit</name>
         <load_address>0x88102</load_address>
         <run_address>0x88102</run_address>
         <size>0x100</size>
         <input_file_ref idref="fl-17"/>
      </object_component>
      <object_component id="oc-12d">
         <name>.econst:.string</name>
         <load_address>0x88202</load_address>
         <run_address>0x88202</run_address>
         <size>0x26</size>
         <input_file_ref idref="fl-2e"/>
      </object_component>
      <object_component id="oc-7a">
         <name>.econst:.string</name>
         <load_address>0x88228</load_address>
         <run_address>0x88228</run_address>
         <size>0x20</size>
         <input_file_ref idref="fl-8"/>
      </object_component>
      <object_component id="oc-12c">
         <name>.econst</name>
         <load_address>0x88248</load_address>
         <run_address>0x88248</run_address>
         <size>0x1c</size>
         <input_file_ref idref="fl-2e"/>
      </object_component>
      <object_component id="oc-216">
         <name>.econst</name>
         <load_address>0x88264</load_address>
         <run_address>0x88264</run_address>
         <size>0x1c</size>
         <input_file_ref idref="fl-5b"/>
      </object_component>
      <object_component id="oc-59">
         <name>.econst:.string</name>
         <load_address>0x88280</load_address>
         <run_address>0x88280</run_address>
         <size>0x13</size>
         <input_file_ref idref="fl-2"/>
      </object_component>
      <object_component id="oc-210">
         <name>.econst</name>
         <load_address>0x88294</load_address>
         <run_address>0x88294</run_address>
         <size>0x8</size>
         <input_file_ref idref="fl-5a"/>
      </object_component>
      <object_component id="oc-13f">
         <name>.econst:.string</name>
         <load_address>0x8829c</load_address>
         <run_address>0x8829c</run_address>
         <size>0x2</size>
         <input_file_ref idref="fl-31"/>
      </object_component>
      <object_component id="oc-1e1">
         <name>.esysmem</name>
         <uninitialized>true</uninitialized>
         <run_address>0x82f8</run_address>
         <size>0x4</size>
         <input_file_ref idref="fl-51"/>
      </object_component>
      <object_component id="oc-333">
         <name>.esysmem</name>
         <uninitialized>true</uninitialized>
         <run_address>0x82f8</run_address>
         <size>0x0</size>
      </object_component>
      <object_component id="oc-267">
         <name>.cio</name>
         <uninitialized>true</uninitialized>
         <run_address>0x8000</run_address>
         <size>0x120</size>
         <input_file_ref idref="fl-6b"/>
      </object_component>
      <object_component id="oc-2a1">
         <name>.TI.ramfunc</name>
         <load_address>0x800a8</load_address>
         <run_address>0x86f8</run_address>
         <size>0x1f</size>
         <input_file_ref idref="fl-19"/>
      </object_component>
      <object_component id="oc-e2">
         <name>.TI.ramfunc</name>
         <load_address>0x800c7</load_address>
         <run_address>0x8717</run_address>
         <size>0x4</size>
         <input_file_ref idref="fl-1b"/>
      </object_component>
      <object_component id="oc-11f">
         <name>PieVectTableFile</name>
         <uninitialized>true</uninitialized>
         <run_address>0xd00</run_address>
         <size>0x100</size>
         <input_file_ref idref="fl-1c"/>
      </object_component>
      <object_component id="oc-109">
         <name>AccessProtectionRegsFile</name>
         <uninitialized>true</uninitialized>
         <run_address>0x5f500</run_address>
         <size>0x2c</size>
         <input_file_ref idref="fl-1c"/>
      </object_component>
      <object_component id="oc-114">
         <name>AdcaRegsFile</name>
         <uninitialized>true</uninitialized>
         <run_address>0x7400</run_address>
         <size>0x76</size>
         <input_file_ref idref="fl-1c"/>
      </object_component>
      <object_component id="oc-115">
         <name>AdccRegsFile</name>
         <uninitialized>true</uninitialized>
         <run_address>0x7500</run_address>
         <size>0x76</size>
         <input_file_ref idref="fl-1c"/>
      </object_component>
      <object_component id="oc-f8">
         <name>AdcaResultRegsFile</name>
         <uninitialized>true</uninitialized>
         <run_address>0xb00</run_address>
         <size>0x18</size>
         <input_file_ref idref="fl-1c"/>
      </object_component>
      <object_component id="oc-f9">
         <name>AdccResultRegsFile</name>
         <uninitialized>true</uninitialized>
         <run_address>0xb40</run_address>
         <size>0x18</size>
         <input_file_ref idref="fl-1c"/>
      </object_component>
      <object_component id="oc-120">
         <name>AnalogSubsysRegsFile</name>
         <uninitialized>true</uninitialized>
         <run_address>0x5d700</run_address>
         <size>0x11a</size>
         <input_file_ref idref="fl-1c"/>
      </object_component>
      <object_component id="oc-121">
         <name>CanaRegsFile</name>
         <uninitialized>true</uninitialized>
         <run_address>0x48000</run_address>
         <size>0x164</size>
         <input_file_ref idref="fl-1c"/>
      </object_component>
      <object_component id="oc-10e">
         <name>ClkCfgRegsFile</name>
         <uninitialized>true</uninitialized>
         <run_address>0x5d200</run_address>
         <size>0x3e</size>
         <input_file_ref idref="fl-1c"/>
      </object_component>
      <object_component id="oc-fc">
         <name>CmpssLite2RegsFile</name>
         <uninitialized>true</uninitialized>
         <run_address>0x5540</run_address>
         <size>0x1b</size>
         <input_file_ref idref="fl-1c"/>
      </object_component>
      <object_component id="oc-fd">
         <name>CmpssLite3RegsFile</name>
         <uninitialized>true</uninitialized>
         <run_address>0x5580</run_address>
         <size>0x1b</size>
         <input_file_ref idref="fl-1c"/>
      </object_component>
      <object_component id="oc-fe">
         <name>CmpssLite4RegsFile</name>
         <uninitialized>true</uninitialized>
         <run_address>0x55c0</run_address>
         <size>0x1b</size>
         <input_file_ref idref="fl-1c"/>
      </object_component>
      <object_component id="oc-ff">
         <name>Cmpss1RegsFile</name>
         <uninitialized>true</uninitialized>
         <run_address>0x5500</run_address>
         <size>0x1b</size>
         <input_file_ref idref="fl-1c"/>
      </object_component>
      <object_component id="oc-ea">
         <name>CpuTimer0RegsFile</name>
         <uninitialized>true</uninitialized>
         <run_address>0xc00</run_address>
         <size>0x8</size>
         <input_file_ref idref="fl-1c"/>
      </object_component>
      <object_component id="oc-eb">
         <name>CpuTimer1RegsFile</name>
         <uninitialized>true</uninitialized>
         <run_address>0xc08</run_address>
         <size>0x8</size>
         <input_file_ref idref="fl-1c"/>
      </object_component>
      <object_component id="oc-ec">
         <name>CpuTimer2RegsFile</name>
         <uninitialized>true</uninitialized>
         <run_address>0xc10</run_address>
         <size>0x8</size>
         <input_file_ref idref="fl-1c"/>
      </object_component>
      <object_component id="oc-117">
         <name>CpuSysRegsFile</name>
         <uninitialized>true</uninitialized>
         <run_address>0x5d300</run_address>
         <size>0xb0</size>
         <input_file_ref idref="fl-1c"/>
      </object_component>
      <object_component id="oc-10a">
         <name>Dcc0RegsFile</name>
         <uninitialized>true</uninitialized>
         <run_address>0x5e700</run_address>
         <size>0x2c</size>
         <input_file_ref idref="fl-1c"/>
      </object_component>
      <object_component id="oc-107">
         <name>DcsmCommonRegsFile</name>
         <uninitialized>true</uninitialized>
         <run_address>0x5f0c0</run_address>
         <size>0x28</size>
         <input_file_ref idref="fl-1c"/>
      </object_component>
      <object_component id="oc-100">
         <name>DcsmZ1OtpRegsFile</name>
         <uninitialized>true</uninitialized>
         <run_address>0x78000</run_address>
         <size>0x20</size>
         <input_file_ref idref="fl-1c"/>
      </object_component>
      <object_component id="oc-10f">
         <name>DcsmZ1RegsFile</name>
         <uninitialized>true</uninitialized>
         <run_address>0x5f000</run_address>
         <size>0x3e</size>
         <input_file_ref idref="fl-1c"/>
      </object_component>
      <object_component id="oc-f7">
         <name>DcsmZ2OtpRegsFile</name>
         <uninitialized>true</uninitialized>
         <run_address>0x78200</run_address>
         <size>0x12</size>
         <input_file_ref idref="fl-1c"/>
      </object_component>
      <object_component id="oc-10b">
         <name>DcsmZ2RegsFile</name>
         <uninitialized>true</uninitialized>
         <run_address>0x5f080</run_address>
         <size>0x2c</size>
         <input_file_ref idref="fl-1c"/>
      </object_component>
      <object_component id="oc-123">
         <name>DevCfgRegsFile</name>
         <uninitialized>true</uninitialized>
         <run_address>0x5d000</run_address>
         <size>0x19c</size>
         <input_file_ref idref="fl-1c"/>
      </object_component>
      <object_component id="oc-101">
         <name>ECap1RegsFile</name>
         <uninitialized>true</uninitialized>
         <run_address>0x5200</run_address>
         <size>0x20</size>
         <input_file_ref idref="fl-1c"/>
      </object_component>
      <object_component id="oc-102">
         <name>ECap2RegsFile</name>
         <uninitialized>true</uninitialized>
         <run_address>0x5240</run_address>
         <size>0x20</size>
         <input_file_ref idref="fl-1c"/>
      </object_component>
      <object_component id="oc-ef">
         <name>Epg1MuxRegsFile</name>
         <uninitialized>true</uninitialized>
         <run_address>0x5ecd0</run_address>
         <size>0x10</size>
         <input_file_ref idref="fl-1c"/>
      </object_component>
      <object_component id="oc-110">
         <name>Epg1RegsFile</name>
         <uninitialized>true</uninitialized>
         <run_address>0x5ec00</run_address>
         <size>0x40</size>
         <input_file_ref idref="fl-1c"/>
      </object_component>
      <object_component id="oc-118">
         <name>EPwm1RegsFile</name>
         <uninitialized>true</uninitialized>
         <run_address>0x4000</run_address>
         <size>0x100</size>
         <input_file_ref idref="fl-1c"/>
      </object_component>
      <object_component id="oc-119">
         <name>EPwm2RegsFile</name>
         <uninitialized>true</uninitialized>
         <run_address>0x4100</run_address>
         <size>0x100</size>
         <input_file_ref idref="fl-1c"/>
      </object_component>
      <object_component id="oc-11a">
         <name>EPwm3RegsFile</name>
         <uninitialized>true</uninitialized>
         <run_address>0x4200</run_address>
         <size>0x100</size>
         <input_file_ref idref="fl-1c"/>
      </object_component>
      <object_component id="oc-11b">
         <name>EPwm4RegsFile</name>
         <uninitialized>true</uninitialized>
         <run_address>0x4300</run_address>
         <size>0x100</size>
         <input_file_ref idref="fl-1c"/>
      </object_component>
      <object_component id="oc-11c">
         <name>EPwm5RegsFile</name>
         <uninitialized>true</uninitialized>
         <run_address>0x4400</run_address>
         <size>0x100</size>
         <input_file_ref idref="fl-1c"/>
      </object_component>
      <object_component id="oc-11d">
         <name>EPwm6RegsFile</name>
         <uninitialized>true</uninitialized>
         <run_address>0x4500</run_address>
         <size>0x100</size>
         <input_file_ref idref="fl-1c"/>
      </object_component>
      <object_component id="oc-11e">
         <name>EPwm7RegsFile</name>
         <uninitialized>true</uninitialized>
         <run_address>0x4600</run_address>
         <size>0x100</size>
         <input_file_ref idref="fl-1c"/>
      </object_component>
      <object_component id="oc-111">
         <name>EPwmXbarRegsFile</name>
         <uninitialized>true</uninitialized>
         <run_address>0x7a00</run_address>
         <size>0x40</size>
         <input_file_ref idref="fl-1c"/>
      </object_component>
      <object_component id="oc-10c">
         <name>EQep1RegsFile</name>
         <uninitialized>true</uninitialized>
         <run_address>0x5100</run_address>
         <size>0x38</size>
         <input_file_ref idref="fl-1c"/>
      </object_component>
      <object_component id="oc-122">
         <name>Flash0CtrlRegsFile</name>
         <uninitialized>true</uninitialized>
         <run_address>0x5f800</run_address>
         <size>0x182</size>
         <input_file_ref idref="fl-1c"/>
      </object_component>
      <object_component id="oc-104">
         <name>Flash0EccRegsFile</name>
         <uninitialized>true</uninitialized>
         <run_address>0x5fb00</run_address>
         <size>0x22</size>
         <input_file_ref idref="fl-1c"/>
      </object_component>
      <object_component id="oc-124">
         <name>GpioCtrlRegsFile</name>
         <uninitialized>true</uninitialized>
         <run_address>0x7c00</run_address>
         <size>0x200</size>
         <input_file_ref idref="fl-1c"/>
      </object_component>
      <object_component id="oc-f0">
         <name>GpioDataReadRegsFile</name>
         <uninitialized>true</uninitialized>
         <run_address>0x7f80</run_address>
         <size>0x10</size>
         <input_file_ref idref="fl-1c"/>
      </object_component>
      <object_component id="oc-112">
         <name>GpioDataRegsFile</name>
         <uninitialized>true</uninitialized>
         <run_address>0x7f00</run_address>
         <size>0x40</size>
         <input_file_ref idref="fl-1c"/>
      </object_component>
      <object_component id="oc-105">
         <name>I2caRegsFile</name>
         <uninitialized>true</uninitialized>
         <run_address>0x7300</run_address>
         <size>0x22</size>
         <input_file_ref idref="fl-1c"/>
      </object_component>
      <object_component id="oc-106">
         <name>I2cbRegsFile</name>
         <uninitialized>true</uninitialized>
         <run_address>0x7340</run_address>
         <size>0x22</size>
         <input_file_ref idref="fl-1c"/>
      </object_component>
      <object_component id="oc-103">
         <name>InputXbarRegsFile</name>
         <uninitialized>true</uninitialized>
         <run_address>0x7900</run_address>
         <size>0x20</size>
         <input_file_ref idref="fl-1c"/>
      </object_component>
      <object_component id="oc-10d">
         <name>MemoryErrorRegsFile</name>
         <uninitialized>true</uninitialized>
         <run_address>0x5f540</run_address>
         <size>0x3a</size>
         <input_file_ref idref="fl-1c"/>
      </object_component>
      <object_component id="oc-116">
         <name>MemCfgRegsFile</name>
         <uninitialized>true</uninitialized>
         <run_address>0x5f400</run_address>
         <size>0xa6</size>
         <input_file_ref idref="fl-1c"/>
      </object_component>
      <object_component id="oc-ee">
         <name>NmiIntruptRegsFile</name>
         <uninitialized>true</uninitialized>
         <run_address>0x7060</run_address>
         <size>0xc</size>
         <input_file_ref idref="fl-1c"/>
      </object_component>
      <object_component id="oc-113">
         <name>OutputXbarRegsFile</name>
         <uninitialized>true</uninitialized>
         <run_address>0x7a80</run_address>
         <size>0x40</size>
         <input_file_ref idref="fl-1c"/>
      </object_component>
      <object_component id="oc-fb">
         <name>PieCtrlRegsFile</name>
         <uninitialized>true</uninitialized>
         <run_address>0xce0</run_address>
         <size>0x1a</size>
         <input_file_ref idref="fl-1c"/>
      </object_component>
      <object_component id="oc-f1">
         <name>SciaRegsFile</name>
         <uninitialized>true</uninitialized>
         <run_address>0x7200</run_address>
         <size>0x10</size>
         <input_file_ref idref="fl-1c"/>
      </object_component>
      <object_component id="oc-f2">
         <name>ScibRegsFile</name>
         <uninitialized>true</uninitialized>
         <run_address>0x7210</run_address>
         <size>0x10</size>
         <input_file_ref idref="fl-1c"/>
      </object_component>
      <object_component id="oc-f3">
         <name>ScicRegsFile</name>
         <uninitialized>true</uninitialized>
         <run_address>0x7220</run_address>
         <size>0x10</size>
         <input_file_ref idref="fl-1c"/>
      </object_component>
      <object_component id="oc-f4">
         <name>SpiaRegsFile</name>
         <uninitialized>true</uninitialized>
         <run_address>0x6100</run_address>
         <size>0x10</size>
         <input_file_ref idref="fl-1c"/>
      </object_component>
      <object_component id="oc-e8">
         <name>SyncSocRegsFile</name>
         <uninitialized>true</uninitialized>
         <run_address>0x7940</run_address>
         <size>0x6</size>
         <input_file_ref idref="fl-1c"/>
      </object_component>
      <object_component id="oc-fa">
         <name>SysStatusRegsFile</name>
         <uninitialized>true</uninitialized>
         <run_address>0x5d400</run_address>
         <size>0x18</size>
         <input_file_ref idref="fl-1c"/>
      </object_component>
      <object_component id="oc-e9">
         <name>TestErrorRegsFile</name>
         <uninitialized>true</uninitialized>
         <run_address>0x5f590</run_address>
         <size>0x6</size>
         <input_file_ref idref="fl-1c"/>
      </object_component>
      <object_component id="oc-f5">
         <name>UidRegsFile</name>
         <uninitialized>true</uninitialized>
         <run_address>0x71140</run_address>
         <size>0x10</size>
         <input_file_ref idref="fl-1c"/>
      </object_component>
      <object_component id="oc-108">
         <name>WdRegsFile</name>
         <uninitialized>true</uninitialized>
         <run_address>0x7000</run_address>
         <size>0x2b</size>
         <input_file_ref idref="fl-1c"/>
      </object_component>
      <object_component id="oc-f6">
         <name>XbarRegsFile</name>
         <uninitialized>true</uninitialized>
         <run_address>0x7920</run_address>
         <size>0x10</size>
         <input_file_ref idref="fl-1c"/>
      </object_component>
      <object_component id="oc-ed">
         <name>XintRegsFile</name>
         <uninitialized>true</uninitialized>
         <run_address>0x7070</run_address>
         <size>0xb</size>
         <input_file_ref idref="fl-1c"/>
      </object_component>
      <object_component id="oc-56">
         <name>.debug_info</name>
         <load_address>0x0</load_address>
         <run_address>0x0</run_address>
         <size>0x41cc</size>
         <input_file_ref idref="fl-2"/>
      </object_component>
      <object_component id="oc-5e">
         <name>.debug_info</name>
         <load_address>0x41cc</load_address>
         <run_address>0x41cc</run_address>
         <size>0xcdc5</size>
         <input_file_ref idref="fl-3"/>
      </object_component>
      <object_component id="oc-65">
         <name>.debug_info</name>
         <load_address>0x10f91</load_address>
         <run_address>0x10f91</run_address>
         <size>0x37b</size>
         <input_file_ref idref="fl-4"/>
      </object_component>
      <object_component id="oc-6a">
         <name>.debug_info</name>
         <load_address>0x1130c</load_address>
         <run_address>0x1130c</run_address>
         <size>0xc63e</size>
         <input_file_ref idref="fl-5"/>
      </object_component>
      <object_component id="oc-6f">
         <name>.debug_info</name>
         <load_address>0x1d94a</load_address>
         <run_address>0x1d94a</run_address>
         <size>0x7784</size>
         <input_file_ref idref="fl-6"/>
      </object_component>
      <object_component id="oc-74">
         <name>.debug_info</name>
         <load_address>0x250ce</load_address>
         <run_address>0x250ce</run_address>
         <size>0x9869</size>
         <input_file_ref idref="fl-7"/>
      </object_component>
      <object_component id="oc-79">
         <name>.debug_info</name>
         <load_address>0x2e937</load_address>
         <run_address>0x2e937</run_address>
         <size>0x1bd8</size>
         <input_file_ref idref="fl-8"/>
      </object_component>
      <object_component id="oc-7f">
         <name>.debug_info</name>
         <load_address>0x3050f</load_address>
         <run_address>0x3050f</run_address>
         <size>0x320</size>
         <input_file_ref idref="fl-9"/>
      </object_component>
      <object_component id="oc-84">
         <name>.debug_info</name>
         <load_address>0x3082f</load_address>
         <run_address>0x3082f</run_address>
         <size>0x6583</size>
         <input_file_ref idref="fl-a"/>
      </object_component>
      <object_component id="oc-8a">
         <name>.debug_info</name>
         <load_address>0x36db2</load_address>
         <run_address>0x36db2</run_address>
         <size>0x4f17</size>
         <input_file_ref idref="fl-b"/>
      </object_component>
      <object_component id="oc-90">
         <name>.debug_info</name>
         <load_address>0x3bcc9</load_address>
         <run_address>0x3bcc9</run_address>
         <size>0x27d9</size>
         <input_file_ref idref="fl-c"/>
      </object_component>
      <object_component id="oc-96">
         <name>.debug_info</name>
         <load_address>0x3e4a2</load_address>
         <run_address>0x3e4a2</run_address>
         <size>0x7aa</size>
         <input_file_ref idref="fl-d"/>
      </object_component>
      <object_component id="oc-9c">
         <name>.debug_info</name>
         <load_address>0x3ec4c</load_address>
         <run_address>0x3ec4c</run_address>
         <size>0x7aa</size>
         <input_file_ref idref="fl-e"/>
      </object_component>
      <object_component id="oc-a2">
         <name>.debug_info</name>
         <load_address>0x3f3f6</load_address>
         <run_address>0x3f3f6</run_address>
         <size>0x5df4</size>
         <input_file_ref idref="fl-f"/>
      </object_component>
      <object_component id="oc-aa">
         <name>.debug_info</name>
         <load_address>0x451ea</load_address>
         <run_address>0x451ea</run_address>
         <size>0x14e</size>
         <input_file_ref idref="fl-10"/>
      </object_component>
      <object_component id="oc-ad">
         <name>.debug_info</name>
         <load_address>0x45338</load_address>
         <run_address>0x45338</run_address>
         <size>0x9ac</size>
         <input_file_ref idref="fl-11"/>
      </object_component>
      <object_component id="oc-b5">
         <name>.debug_info</name>
         <load_address>0x45ce4</load_address>
         <run_address>0x45ce4</run_address>
         <size>0x106</size>
         <input_file_ref idref="fl-12"/>
      </object_component>
      <object_component id="oc-b8">
         <name>.debug_info</name>
         <load_address>0x45dea</load_address>
         <run_address>0x45dea</run_address>
         <size>0x24fc</size>
         <input_file_ref idref="fl-13"/>
      </object_component>
      <object_component id="oc-be">
         <name>.debug_info</name>
         <load_address>0x482e6</load_address>
         <run_address>0x482e6</run_address>
         <size>0x6cc4</size>
         <input_file_ref idref="fl-14"/>
      </object_component>
      <object_component id="oc-c3">
         <name>.debug_info</name>
         <load_address>0x4efaa</load_address>
         <run_address>0x4efaa</run_address>
         <size>0xa96b</size>
         <input_file_ref idref="fl-15"/>
      </object_component>
      <object_component id="oc-c8">
         <name>.debug_info</name>
         <load_address>0x59915</load_address>
         <run_address>0x59915</run_address>
         <size>0x246a</size>
         <input_file_ref idref="fl-16"/>
      </object_component>
      <object_component id="oc-cd">
         <name>.debug_info</name>
         <load_address>0x5bd7f</load_address>
         <run_address>0x5bd7f</run_address>
         <size>0x3f94</size>
         <input_file_ref idref="fl-17"/>
      </object_component>
      <object_component id="oc-d2">
         <name>.debug_info</name>
         <load_address>0x5fd13</load_address>
         <run_address>0x5fd13</run_address>
         <size>0x75ab</size>
         <input_file_ref idref="fl-18"/>
      </object_component>
      <object_component id="oc-d7">
         <name>.debug_info</name>
         <load_address>0x672be</load_address>
         <run_address>0x672be</run_address>
         <size>0x5bcd</size>
         <input_file_ref idref="fl-19"/>
      </object_component>
      <object_component id="oc-dc">
         <name>.debug_info</name>
         <load_address>0x6ce8b</load_address>
         <run_address>0x6ce8b</run_address>
         <size>0x1c70</size>
         <input_file_ref idref="fl-1a"/>
      </object_component>
      <object_component id="oc-e4">
         <name>.debug_info</name>
         <load_address>0x6eafb</load_address>
         <run_address>0x6eafb</run_address>
         <size>0x108</size>
         <input_file_ref idref="fl-1b"/>
      </object_component>
      <object_component id="oc-e7">
         <name>.debug_info</name>
         <load_address>0x6ec03</load_address>
         <run_address>0x6ec03</run_address>
         <size>0x3c7fb</size>
         <input_file_ref idref="fl-1c"/>
      </object_component>
      <object_component id="oc-126">
         <name>.debug_info</name>
         <load_address>0xab3fe</load_address>
         <run_address>0xab3fe</run_address>
         <size>0x714</size>
         <input_file_ref idref="fl-2d"/>
      </object_component>
      <object_component id="oc-12b">
         <name>.debug_info</name>
         <load_address>0xabb12</load_address>
         <run_address>0xabb12</run_address>
         <size>0x2a4f</size>
         <input_file_ref idref="fl-2e"/>
      </object_component>
      <object_component id="oc-132">
         <name>.debug_info</name>
         <load_address>0xae561</load_address>
         <run_address>0xae561</run_address>
         <size>0x8e3</size>
         <input_file_ref idref="fl-2f"/>
      </object_component>
      <object_component id="oc-139">
[...]
         <object_component_ref idref="oc-f8"/>
      </symbol>
      <symbol id="sm-44c">
         <name>_ECap2Regs</name>
         <value>0x5240</value>
         <object_component_ref idref="oc-102"/>
      </symbol>
      <symbol id="sm-44d">
         <name>_DcsmZ2OtpRegs</name>
         <value>0x78200</value>
         <object_component_ref idref="oc-f7"/>
      </symbol>
      <symbol id="sm-44e">
         <name>_AdccResultRegs</name>
         <value>0xb40</value>
         <object_component_ref idref="oc-f9"/>
      </symbol>
      <symbol id="sm-44f">
         <name>_CmpssLite4Regs</name>
         <value>0x55c0</value>
         <object_component_ref idref="oc-fe"/>
      </symbol>
      <symbol id="sm-450">
         <name>_Cmpss1Regs</name>
         <value>0x5500</value>
         <object_component_ref idref="oc-ff"/>
      </symbol>
      <symbol id="sm-451">
         <name>_DcsmCommonRegs</name>
         <value>0x5f0c0</value>
         <object_component_ref idref="oc-107"/>
      </symbol>
      <symbol id="sm-452">
         <name>_EPwm2Regs</name>
         <value>0x4100</value>
         <object_component_ref idref="oc-119"/>
      </symbol>
      <symbol id="sm-453">
         <name>_SyncSocRegs</name>
         <value>0x7940</value>
         <object_component_ref idref="oc-e8"/>
      </symbol>
      <symbol id="sm-454">
         <name>_NmiIntruptRegs</name>
         <value>0x7060</value>
         <object_component_ref idref="oc-ee"/>
      </symbol>
      <symbol id="sm-455">
         <name>_EPwm3Regs</name>
         <value>0x4200</value>
         <object_component_ref idref="oc-11a"/>
      </symbol>
      <symbol id="sm-456">
         <name>_SysStatusRegs</name>
         <value>0x5d400</value>
         <object_component_ref idref="oc-fa"/>
      </symbol>
      <symbol id="sm-457">
         <name>_I2caRegs</name>
         <value>0x7300</value>
         <object_component_ref idref="oc-105"/>
      </symbol>
      <symbol id="sm-467">
         <name>_printf</name>
         <value>0x84669</value>
         <object_component_ref idref="oc-29e"/>
      </symbol>
      <symbol id="sm-5cb">
         <name>___TI_printfi</name>
         <value>0x82b40</value>
         <object_component_ref idref="oc-2ab"/>
      </symbol>
      <symbol id="sm-607">
         <name>_fopen</name>
         <value>0x837dd</value>
         <object_component_ref idref="oc-2a6"/>
      </symbol>
      <symbol id="sm-609">
         <name>___TI_cleanup</name>
         <value>0x837a2</value>
         <object_component_ref idref="oc-2a6"/>
      </symbol>
      <symbol id="sm-60b">
         <name>_freopen</name>
         <value>0x837bf</value>
         <object_component_ref idref="oc-2a6"/>
      </symbol>
      <symbol id="sm-61f">
         <name>_putchar</name>
         <value>0x8447c</value>
         <object_component_ref idref="oc-2a8"/>
      </symbol>
      <symbol id="sm-621">
         <name>_putc</name>
         <value>0x8442e</value>
         <object_component_ref idref="oc-2a8"/>
      </symbol>
      <symbol id="sm-622">
         <name>_fputc</name>
         <value>0x8442e</value>
         <object_component_ref idref="oc-2a8"/>
      </symbol>
      <symbol id="sm-640">
         <name>_puts</name>
         <value>0x83c39</value>
         <object_component_ref idref="oc-2a9"/>
      </symbol>
      <symbol id="sm-642">
         <name>_fputs</name>
         <value>0x83ba4</value>
         <object_component_ref idref="oc-2a9"/>
      </symbol>
      <symbol id="sm-65a">
         <name>___TI_rd_ok</name>
         <value>0x83fd3</value>
         <object_component_ref idref="oc-2b4"/>
      </symbol>
      <symbol id="sm-65c">
         <name>___TI_wrt_ok</name>
         <value>0x83f99</value>
         <object_component_ref idref="oc-2b4"/>
      </symbol>
      <symbol id="sm-674">
         <name>_setvbuf</name>
         <value>0x840f9</value>
         <object_component_ref idref="oc-2a7"/>
      </symbol>
      <symbol id="sm-690">
         <name>_c_int00</name>
         <value>0x843d8</value>
         <object_component_ref idref="oc-55"/>
      </symbol>
      <symbol id="sm-691">
         <name>__stack</name>
         <value>0x400</value>
         <object_component_ref idref="oc-14e"/>
      </symbol>
      <symbol id="sm-6a1">
         <name>FD$$CMP</name>
         <value>0x8472b</value>
         <object_component_ref idref="oc-154"/>
      </symbol>
      <symbol id="sm-6b3">
         <name>FD$$MPY</name>
         <value>0x83f16</value>
         <object_component_ref idref="oc-159"/>
      </symbol>
      <symbol id="sm-6c0">
         <name>FD$$NEG</name>
         <value>0x84aa5</value>
         <object_component_ref idref="oc-15e"/>
      </symbol>
      <symbol id="sm-6cc">
         <name>FD$$SUB</name>
         <value>0x84a6b</value>
         <object_component_ref idref="oc-163"/>
      </symbol>
      <symbol id="sm-6db">
         <name>FD$$TOI</name>
         <value>0x84888</value>
         <object_component_ref idref="oc-168"/>
      </symbol>
      <symbol id="sm-6ea">
         <name>FD$$TOL</name>
         <value>0x848a9</value>
         <object_component_ref idref="oc-16d"/>
      </symbol>
      <symbol id="sm-6fb">
         <name>FS$$DIV</name>
         <value>0x83e08</value>
         <object_component_ref idref="oc-172"/>
      </symbol>
      <symbol id="sm-707">
         <name>LL$$AND</name>
         <value>0x849a5</value>
         <object_component_ref idref="oc-177"/>
      </symbol>
      <symbol id="sm-708">
         <name>LL$$OR</name>
         <value>0x849ad</value>
         <object_component_ref idref="oc-177"/>
      </symbol>
      <symbol id="sm-709">
         <name>LL$$XOR</name>
         <value>0x849b5</value>
         <object_component_ref idref="oc-177"/>
      </symbol>
      <symbol id="sm-717">
         <name>ULL$$CMP</name>
         <value>0x848da</value>
         <object_component_ref idref="oc-17c"/>
      </symbol>
      <symbol id="sm-718">
         <name>LL$$CMP</name>
         <value>0x848c8</value>
         <object_component_ref idref="oc-17c"/>
      </symbol>
      <symbol id="sm-744">
         <name>ULL$$MOD</name>
         <value>0x838c9</value>
         <object_component_ref idref="oc-181"/>
      </symbol>
      <symbol id="sm-745">
         <name>ULL$$DIV</name>
         <value>0x8389a</value>
         <object_component_ref idref="oc-181"/>
      </symbol>
      <symbol id="sm-746">
         <name>LL$$MOD</name>
         <value>0x83860</value>
         <object_component_ref idref="oc-181"/>
      </symbol>
      <symbol id="sm-747">
         <name>LL$$DIV</name>
         <value>0x83824</value>
         <object_component_ref idref="oc-181"/>
      </symbol>
      <symbol id="sm-757">
         <name>I$$TOFD</name>
         <value>0x848e6</value>
         <object_component_ref idref="oc-186"/>
      </symbol>
      <symbol id="sm-767">
         <name>L$$TOFD</name>
         <value>0x8493c</value>
         <object_component_ref idref="oc-18b"/>
      </symbol>
      <symbol id="sm-773">
         <name>UL$$MOD</name>
         <value>0x84779</value>
         <object_component_ref idref="oc-190"/>
      </symbol>
      <symbol id="sm-774">
         <name>L$$MOD</name>
         <value>0x84764</value>
         <object_component_ref idref="oc-190"/>
      </symbol>
      <symbol id="sm-775">
         <name>L$$DIV</name>
         <value>0x84755</value>
         <object_component_ref idref="oc-190"/>
      </symbol>
      <symbol id="sm-776">
         <name>UL$$DIV</name>
         <value>0x84772</value>
         <object_component_ref idref="oc-190"/>
      </symbol>
      <symbol id="sm-786">
         <name>FS$$TOFD</name>
         <value>0x84920</value>
         <object_component_ref idref="oc-195"/>
      </symbol>
      <symbol id="sm-79d">
         <name>FD$$DIV</name>
         <value>0x83d7d</value>
         <object_component_ref idref="oc-19a"/>
      </symbol>
      <symbol id="sm-7ac">
         <name>_copy_in</name>
         <value>0x8481c</value>
         <object_component_ref idref="oc-28a"/>
      </symbol>
      <symbol id="sm-7be">
         <name>_memcpy</name>
         <value>0x84903</value>
         <object_component_ref idref="oc-28f"/>
      </symbol>
      <symbol id="sm-7cb">
         <name>__system_pre_init</name>
         <value>0x83ffe</value>
         <object_component_ref idref="oc-289"/>
      </symbol>
      <symbol id="sm-7d9">
         <name>__system_post_cinit</name>
         <value>0x84ada</value>
         <object_component_ref idref="oc-28b"/>
      </symbol>
      <symbol id="sm-7ee">
         <name>C$$EXIT</name>
         <value>0x8477f</value>
         <object_component_ref idref="oc-28d"/>
      </symbol>
      <symbol id="sm-7ef">
         <name>_exit</name>
         <value>0x84781</value>
         <object_component_ref idref="oc-28d"/>
      </symbol>
      <symbol id="sm-7f1">
         <name>___TI_cleanup_ptr</name>
         <value>0x81fa</value>
         <object_component_ref idref="oc-1b5"/>
      </symbol>
      <symbol id="sm-7f2">
         <name>___TI_enable_exit_profile_output</name>
         <value>0x81f8</value>
         <object_component_ref idref="oc-1b5"/>
      </symbol>
      <symbol id="sm-7f3">
         <name>_abort</name>
         <value>0x8477f</value>
         <object_component_ref idref="oc-28d"/>
      </symbol>
      <symbol id="sm-7f5">
         <name>___TI_dtors_ptr</name>
         <value>0x81fc</value>
         <object_component_ref idref="oc-1b5"/>
      </symbol>
      <symbol id="sm-809">
         <name>__unlock</name>
         <value>0x82f0</value>
         <object_component_ref idref="oc-2aa"/>
      </symbol>
      <symbol id="sm-80a">
         <name>__lock</name>
         <value>0x81fe</value>
         <object_component_ref idref="oc-291"/>
      </symbol>
      <symbol id="sm-80b">
         <name>__register_lock</name>
         <value>0x84aa0</value>
         <object_component_ref idref="oc-29f"/>
      </symbol>
      <symbol id="sm-80d">
         <name>__nop</name>
         <value>0x84aa4</value>
         <object_component_ref idref="oc-29f"/>
      </symbol>
      <symbol id="sm-80f">
         <name>__register_unlock</name>
         <value>0x84a9c</value>
         <object_component_ref idref="oc-29f"/>
      </symbol>
      <symbol id="sm-81e">
         <name>___TI_ltoa</name>
         <value>0x846fb</value>
         <object_component_ref idref="oc-2ce"/>
      </symbol>
      <symbol id="sm-82e">
         <name>__args_main</name>
         <value>0x84a39</value>
         <object_component_ref idref="oc-28c"/>
      </symbol>
      <symbol id="sm-843">
         <name>_atoi</name>
         <value>0x846ca</value>
         <object_component_ref idref="oc-2b9"/>
      </symbol>
      <symbol id="sm-84c">
         <name>__ctypes_</name>
         <value>0x88000</value>
         <object_component_ref idref="oc-2cd"/>
      </symbol>
      <symbol id="sm-85d">
         <name>___TI_ft_end</name>
         <value>0x82f3</value>
         <object_component_ref idref="oc-1d2"/>
      </symbol>
      <symbol id="sm-85e">
         <name>___TI_tmpnams</name>
         <value>0x8140</value>
         <object_component_ref idref="oc-2ca"/>
      </symbol>
      <symbol id="sm-85f">
         <name>__ftable</name>
         <value>0x8200</value>
         <object_component_ref idref="oc-2a4"/>
      </symbol>
      <symbol id="sm-86e">
         <name>_memccpy</name>
         <value>0x84a5b</value>
         <object_component_ref idref="oc-2bd"/>
      </symbol>
      <symbol id="sm-87e">
         <name>_memchr</name>
         <value>0x84a79</value>
         <object_component_ref idref="oc-2b8"/>
      </symbol>
      <symbol id="sm-8dc">
         <name>__sys_memory</name>
         <value>0x82f8</value>
         <object_component_ref idref="oc-1e1"/>
      </symbol>
      <symbol id="sm-8dd">
         <name>___TI_heap_total_available</name>
         <value>0x834e5</value>
         <object_component_ref idref="oc-2b3"/>
      </symbol>
      <symbol id="sm-8df">
         <name>_realloc</name>
         <value>0x8338a</value>
         <object_component_ref idref="oc-2b3"/>
      </symbol>
      <symbol id="sm-8e1">
         <name>___TI_heap_check</name>
         <value>0x8351f</value>
         <object_component_ref idref="oc-2b3"/>
      </symbol>
      <symbol id="sm-8e3">
         <name>_free</name>
         <value>0x832c0</value>
         <object_component_ref idref="oc-2b3"/>
      </symbol>
      <symbol id="sm-8e5">
         <name>_memalign</name>
         <value>0x8343f</value>
         <object_component_ref idref="oc-2b3"/>
      </symbol>
      <symbol id="sm-8e6">
         <name>_calloc</name>
         <value>0x83412</value>
         <object_component_ref idref="oc-2b3"/>
      </symbol>
      <symbol id="sm-8e8">
         <name>_malloc</name>
         <value>0x83295</value>
         <object_component_ref idref="oc-2b3"/>
      </symbol>
      <symbol id="sm-8ea">
         <name>_aligned_alloc</name>
         <value>0x8343f</value>
         <object_component_ref idref="oc-2b3"/>
      </symbol>
      <symbol id="sm-8ec">
         <name>_minit</name>
         <value>0x8340e</value>
         <object_component_ref idref="oc-2b3"/>
      </symbol>
      <symbol id="sm-8ee">
         <name>___TI_heap_largest_available</name>
         <value>0x83502</value>
         <object_component_ref idref="oc-2b3"/>
      </symbol>
      <symbol id="sm-8fd">
         <name>_memset</name>
         <value>0x84ac7</value>
         <object_component_ref idref="oc-2ba"/>
      </symbol>
      <symbol id="sm-90d">
         <name>_strchr</name>
         <value>0x84a86</value>
         <object_component_ref idref="oc-2c8"/>
      </symbol>
      <symbol id="sm-91b">
         <name>_strcpy</name>
         <value>0x84ace</value>
         <object_component_ref idref="oc-2bb"/>
      </symbol>
      <symbol id="sm-929">
         <name>_strlen</name>
         <value>0x84abf</value>
         <object_component_ref idref="oc-2b7"/>
      </symbol>
      <symbol id="sm-937">
         <name>_write</name>
         <value>0x8498c</value>
         <object_component_ref idref="oc-2b6"/>
      </symbol>
      <symbol id="sm-948">
         <name>__device</name>
         <value>0x8280</value>
         <object_component_ref idref="oc-2ac"/>
      </symbol>
      <symbol id="sm-949">
         <name>__stream</name>
         <value>0x82c8</value>
         <object_component_ref idref="oc-2c6"/>
      </symbol>
      <symbol id="sm-964">
         <name>_open</name>
         <value>0x841e8</value>
         <object_component_ref idref="oc-2b1"/>
      </symbol>
      <symbol id="sm-97d">
         <name>_add_device</name>
         <value>0x84259</value>
         <object_component_ref idref="oc-2a3"/>
      </symbol>
      <symbol id="sm-991">
         <name>_frexpl</name>
         <value>0x8437e</value>
         <object_component_ref idref="oc-2cf"/>
      </symbol>
      <symbol id="sm-9b0">
         <name>_scalbnl</name>
         <value>0x83afb</value>
         <object_component_ref idref="oc-2d0"/>
      </symbol>
      <symbol id="sm-9b2">
         <name>_ldexpl</name>
         <value>0x83afb</value>
         <object_component_ref idref="oc-2d0"/>
      </symbol>
      <symbol id="sm-9c0">
         <name>_wcslen</name>
         <value>0x84aae</value>
         <object_component_ref idref="oc-2be"/>
      </symbol>
      <symbol id="sm-9d2">
         <name>___TI_closefile</name>
         <value>0x842c6</value>
         <object_component_ref idref="oc-2b2"/>
      </symbol>
      <symbol id="sm-9d4">
         <name>_fclose</name>
         <value>0x8430a</value>
         <object_component_ref idref="oc-2b2"/>
      </symbol>
      <symbol id="sm-9eb">
         <name>___TI_doflush</name>
         <value>0x84175</value>
         <object_component_ref idref="oc-2b5"/>
      </symbol>
      <symbol id="sm-9ed">
         <name>_fflush</name>
         <value>0x841a4</value>
         <object_component_ref idref="oc-2b5"/>
      </symbol>
      <symbol id="sm-9fe">
         <name>_fseek</name>
         <value>0x8454d</value>
         <object_component_ref idref="oc-2cc"/>
      </symbol>
      <symbol id="sm-9ff">
         <name>_fseeko</name>
         <value>0x8454d</value>
         <object_component_ref idref="oc-2cc"/>
      </symbol>
      <symbol id="sm-a11">
         <name>_finddevice</name>
         <value>0x84481</value>
         <object_component_ref idref="oc-2af"/>
      </symbol>
      <symbol id="sm-a13">
         <name>_getdevice</name>
         <value>0x8449c</value>
         <object_component_ref idref="oc-2af"/>
      </symbol>
      <symbol id="sm-a2f">
         <name>FD$$ADD</name>
         <value>0x83c4c</value>
         <object_component_ref idref="oc-234"/>
      </symbol>
      <symbol id="sm-a3d">
         <name>_strcmp</name>
         <value>0x84a92</value>
         <object_component_ref idref="oc-2c7"/>
      </symbol>
      <symbol id="sm-a4e">
         <name>_strncpy</name>
         <value>0x84a00</value>
         <object_component_ref idref="oc-2b0"/>
      </symbol>
      <symbol id="sm-a5b">
         <name>_HOSTclose</name>
         <value>0x847d0</value>
         <object_component_ref idref="oc-2c0"/>
      </symbol>
      <symbol id="sm-a68">
         <name>_HOSTlseek</name>
         <value>0x84323</value>
         <object_component_ref idref="oc-2c3"/>
      </symbol>
      <symbol id="sm-a78">
         <name>_parmbuf</name>
         <value>0x8138</value>
         <object_component_ref idref="oc-2d1"/>
      </symbol>
      <symbol id="sm-a79">
         <name>_HOSTopen</name>
         <value>0x8458a</value>
         <object_component_ref idref="oc-2bf"/>
      </symbol>
      <symbol id="sm-a87">
         <name>_HOSTread</name>
         <value>0x845f9</value>
         <object_component_ref idref="oc-2c1"/>
      </symbol>
      <symbol id="sm-a94">
         <name>_HOSTrename</name>
         <value>0x844d2</value>
         <object_component_ref idref="oc-2c5"/>
      </symbol>
      <symbol id="sm-aa1">
         <name>_HOSTunlink</name>
         <value>0x84840</value>
         <object_component_ref idref="oc-2c4"/>
      </symbol>
      <symbol id="sm-aaf">
         <name>_HOSTwrite</name>
         <value>0x845c2</value>
         <object_component_ref idref="oc-2c2"/>
      </symbol>
      <symbol id="sm-ac9">
         <name>___TI_readmsg</name>
         <value>0x83d40</value>
         <object_component_ref idref="oc-2d2"/>
      </symbol>
      <symbol id="sm-acb">
         <name>C$$IO$$</name>
         <value>0x83d3b</value>
         <object_component_ref idref="oc-2d2"/>
      </symbol>
      <symbol id="sm-acc">
         <name>__CIOBUF_</name>
         <value>0x8000</value>
         <object_component_ref idref="oc-267"/>
      </symbol>
      <symbol id="sm-acd">
         <name>___TI_writemsg</name>
         <value>0x83ce8</value>
         <object_component_ref idref="oc-2d2"/>
      </symbol>
      <symbol id="sm-ada">
         <name>_remove</name>
         <value>0x84ad6</value>
         <object_component_ref idref="oc-2cb"/>
      </symbol>
      <symbol id="sm-ae8">
         <name>_lseek</name>
         <value>0x849bd</value>
         <object_component_ref idref="oc-2d4"/>
      </symbol>
      <symbol id="sm-af9">
         <name>_close</name>
         <value>0x84697</value>
         <object_component_ref idref="oc-2c9"/>
      </symbol>
      <symbol id="sm-b04">
         <name>_errno</name>
         <value>0x82f4</value>
         <object_component_ref idref="oc-27d"/>
      </symbol>
      <symbol id="sm-b11">
         <name>_copysignl</name>
         <value>0x84864</value>
         <object_component_ref idref="oc-2d5"/>
      </symbol>
      <symbol id="sm-b1e">
         <name>_unlink</name>
         <value>0x84973</value>
         <object_component_ref idref="oc-2d3"/>
      </symbol>
   </symbol_table>
   <title>Link successful</title>
</link_info>
